Component: ARM Compiler 5.06 update 5 (build 528) Tool: armlink [4d35e2]

==============================================================================

Section Cross References

    gd32f1x0_adc.o(i.adc_deinit) refers to gd32f1x0_rcu.o(i.rcu_periph_reset_enable) for rcu_periph_reset_enable
    gd32f1x0_adc.o(i.adc_deinit) refers to gd32f1x0_rcu.o(i.rcu_periph_reset_disable) for rcu_periph_reset_disable
    gd32f1x0_cec.o(i.cec_deinit) refers to gd32f1x0_rcu.o(i.rcu_periph_reset_enable) for rcu_periph_reset_enable
    gd32f1x0_cec.o(i.cec_deinit) refers to gd32f1x0_rcu.o(i.rcu_periph_reset_disable) for rcu_periph_reset_disable
    gd32f1x0_dac.o(i.dac_deinit) refers to gd32f1x0_rcu.o(i.rcu_periph_reset_enable) for rcu_periph_reset_enable
    gd32f1x0_dac.o(i.dac_deinit) refers to gd32f1x0_rcu.o(i.rcu_periph_reset_disable) for rcu_periph_reset_disable
    gd32f1x0_dma.o(i.dma_init) refers to gd32f1x0_dma.o(i.dma_channel_disable) for dma_channel_disable
    gd32f1x0_fmc.o(i.fmc_halfword_program) refers to gd32f1x0_fmc.o(i.fmc_ready_wait) for fmc_ready_wait
    gd32f1x0_fmc.o(i.fmc_mass_erase) refers to gd32f1x0_fmc.o(i.fmc_ready_wait) for fmc_ready_wait
    gd32f1x0_fmc.o(i.fmc_page_erase) refers to gd32f1x0_fmc.o(i.fmc_ready_wait) for fmc_ready_wait
    gd32f1x0_fmc.o(i.fmc_ready_wait) refers to gd32f1x0_fmc.o(i.fmc_state_get) for fmc_state_get
    gd32f1x0_fmc.o(i.fmc_word_program) refers to gd32f1x0_fmc.o(i.fmc_ready_wait) for fmc_ready_wait
    gd32f1x0_fmc.o(i.ob_data_program) refers to gd32f1x0_fmc.o(i.ob_obstat_plevel_get) for ob_obstat_plevel_get
    gd32f1x0_fmc.o(i.ob_data_program) refers to gd32f1x0_fmc.o(i.fmc_ready_wait) for fmc_ready_wait
    gd32f1x0_fmc.o(i.ob_erase) refers to gd32f1x0_fmc.o(i.ob_obstat_plevel_get) for ob_obstat_plevel_get
    gd32f1x0_fmc.o(i.ob_erase) refers to gd32f1x0_fmc.o(i.fmc_ready_wait) for fmc_ready_wait
    gd32f1x0_fmc.o(i.ob_security_protection_config) refers to gd32f1x0_fmc.o(i.ob_obstat_plevel_get) for ob_obstat_plevel_get
    gd32f1x0_fmc.o(i.ob_security_protection_config) refers to gd32f1x0_fmc.o(i.fmc_ready_wait) for fmc_ready_wait
    gd32f1x0_fmc.o(i.ob_user_write) refers to gd32f1x0_fmc.o(i.ob_obstat_plevel_get) for ob_obstat_plevel_get
    gd32f1x0_fmc.o(i.ob_user_write) refers to gd32f1x0_fmc.o(i.fmc_ready_wait) for fmc_ready_wait
    gd32f1x0_fmc.o(i.ob_write_protection_enable) refers to gd32f1x0_fmc.o(i.ob_obstat_plevel_get) for ob_obstat_plevel_get
    gd32f1x0_fmc.o(i.ob_write_protection_enable) refers to gd32f1x0_fmc.o(i.fmc_ready_wait) for fmc_ready_wait
    gd32f1x0_gpio.o(i.gpio_deinit) refers to gd32f1x0_rcu.o(i.rcu_periph_reset_enable) for rcu_periph_reset_enable
    gd32f1x0_gpio.o(i.gpio_deinit) refers to gd32f1x0_rcu.o(i.rcu_periph_reset_disable) for rcu_periph_reset_disable
    gd32f1x0_i2c.o(i.i2c_clock_config) refers to gd32f1x0_rcu.o(i.rcu_clock_freq_get) for rcu_clock_freq_get
    gd32f1x0_i2c.o(i.i2c_deinit) refers to gd32f1x0_rcu.o(i.rcu_periph_reset_enable) for rcu_periph_reset_enable
    gd32f1x0_i2c.o(i.i2c_deinit) refers to gd32f1x0_rcu.o(i.rcu_periph_reset_disable) for rcu_periph_reset_disable
    gd32f1x0_misc.o(i.nvic_irq_enable) refers to gd32f1x0_misc.o(i.nvic_priority_group_set) for nvic_priority_group_set
    gd32f1x0_pmu.o(i.pmu_deinit) refers to gd32f1x0_rcu.o(i.rcu_periph_reset_enable) for rcu_periph_reset_enable
    gd32f1x0_pmu.o(i.pmu_deinit) refers to gd32f1x0_rcu.o(i.rcu_periph_reset_disable) for rcu_periph_reset_disable
    gd32f1x0_pmu.o(i.pmu_to_deepsleepmode) refers to gd32f1x0_pmu.o(.bss) for reg_snap
    gd32f1x0_rcu.o(i.rcu_osci_stab_wait) refers to gd32f1x0_rcu.o(i.rcu_flag_get) for rcu_flag_get
    gd32f1x0_rtc.o(i.rtc_deinit) refers to gd32f1x0_rtc.o(i.rtc_init_mode_enter) for rtc_init_mode_enter
    gd32f1x0_rtc.o(i.rtc_deinit) refers to gd32f1x0_rtc.o(i.rtc_register_sync_wait) for rtc_register_sync_wait
    gd32f1x0_rtc.o(i.rtc_init) refers to gd32f1x0_rtc.o(i.rtc_init_mode_enter) for rtc_init_mode_enter
    gd32f1x0_rtc.o(i.rtc_init) refers to gd32f1x0_rtc.o(i.rtc_init_mode_exit) for rtc_init_mode_exit
    gd32f1x0_rtc.o(i.rtc_init) refers to gd32f1x0_rtc.o(i.rtc_register_sync_wait) for rtc_register_sync_wait
    gd32f1x0_rtc.o(i.rtc_refclock_detection_disable) refers to gd32f1x0_rtc.o(i.rtc_init_mode_enter) for rtc_init_mode_enter
    gd32f1x0_rtc.o(i.rtc_refclock_detection_disable) refers to gd32f1x0_rtc.o(i.rtc_init_mode_exit) for rtc_init_mode_exit
    gd32f1x0_rtc.o(i.rtc_refclock_detection_enable) refers to gd32f1x0_rtc.o(i.rtc_init_mode_enter) for rtc_init_mode_enter
    gd32f1x0_rtc.o(i.rtc_refclock_detection_enable) refers to gd32f1x0_rtc.o(i.rtc_init_mode_exit) for rtc_init_mode_exit
    gd32f1x0_rtc.o(i.rtc_second_adjust) refers to gd32f1x0_rtc.o(i.rtc_register_sync_wait) for rtc_register_sync_wait
    gd32f1x0_spi.o(i.i2s_psc_config) refers to gd32f1x0_rcu.o(i.rcu_clock_freq_get) for rcu_clock_freq_get
[...]
    Removing gd32f1x0_spi.o(.revsh_text), (4 bytes).
    Removing gd32f1x0_spi.o(i.i2s_disable), (10 bytes).
    Removing gd32f1x0_spi.o(i.i2s_enable), (10 bytes).
    Removing gd32f1x0_spi.o(i.i2s_format_error_clear), (8 bytes).
    Removing gd32f1x0_spi.o(i.i2s_init), (28 bytes).
    Removing gd32f1x0_spi.o(i.i2s_psc_config), (164 bytes).
    Removing gd32f1x0_spi.o(i.spi_bidirectional_transfer_config), (26 bytes).
    Removing gd32f1x0_spi.o(i.spi_crc_error_clear), (8 bytes).
    Removing gd32f1x0_spi.o(i.spi_crc_get), (16 bytes).
    Removing gd32f1x0_spi.o(i.spi_crc_next), (10 bytes).
    Removing gd32f1x0_spi.o(i.spi_crc_off), (10 bytes).
    Removing gd32f1x0_spi.o(i.spi_crc_on), (10 bytes).
    Removing gd32f1x0_spi.o(i.spi_crc_polynomial_get), (8 bytes).
    Removing gd32f1x0_spi.o(i.spi_crc_polynomial_set), (12 bytes).
    Removing gd32f1x0_spi.o(i.spi_disable), (10 bytes).
    Removing gd32f1x0_spi.o(i.spi_dma_disable), (22 bytes).
    Removing gd32f1x0_spi.o(i.spi_dma_enable), (22 bytes).
    Removing gd32f1x0_spi.o(i.spi_enable), (10 bytes).
    Removing gd32f1x0_spi.o(i.spi_i2s_data_frame_format_config), (16 bytes).
    Removing gd32f1x0_spi.o(i.spi_i2s_data_receive), (8 bytes).
    Removing gd32f1x0_spi.o(i.spi_i2s_data_transmit), (4 bytes).
    Removing gd32f1x0_spi.o(i.spi_i2s_deinit), (88 bytes).
    Removing gd32f1x0_spi.o(i.spi_i2s_flag_get), (16 bytes).
    Removing gd32f1x0_spi.o(i.spi_i2s_interrupt_disable), (8 bytes).
    Removing gd32f1x0_spi.o(i.spi_i2s_interrupt_enable), (8 bytes).
    Removing gd32f1x0_spi.o(i.spi_i2s_interrupt_flag_get), (112 bytes).
    Removing gd32f1x0_spi.o(i.spi_init), (50 bytes).
    Removing gd32f1x0_spi.o(i.spi_nss_internal_high), (10 bytes).
    Removing gd32f1x0_spi.o(i.spi_nss_internal_low), (10 bytes).
    Removing gd32f1x0_spi.o(i.spi_nss_output_disable), (10 bytes).
    Removing gd32f1x0_spi.o(i.spi_nss_output_enable), (10 bytes).
    Removing gd32f1x0_spi.o(i.spi_struct_para_init), (18 bytes).
    Removing gd32f1x0_syscfg.o(.rev16_text), (4 bytes).
    Removing gd32f1x0_syscfg.o(.revsh_text), (4 bytes).
    Removing gd32f1x0_syscfg.o(i.syscfg_deinit), (20 bytes).
    Removing gd32f1x0_syscfg.o(i.syscfg_dma_remap_disable), (16 bytes).
    Removing gd32f1x0_syscfg.o(i.syscfg_dma_remap_enable), (16 bytes).
    Removing gd32f1x0_syscfg.o(i.syscfg_exti_line_config), (160 bytes).
    Removing gd32f1x0_syscfg.o(i.syscfg_flag_clear), (16 bytes).
    Removing gd32f1x0_syscfg.o(i.syscfg_flag_get), (24 bytes).
    Removing gd32f1x0_syscfg.o(i.syscfg_high_current_disable), (20 bytes).
    Removing gd32f1x0_syscfg.o(i.syscfg_high_current_enable), (20 bytes).
    Removing gd32f1x0_syscfg.o(i.syscfg_lock_config), (16 bytes).
    Removing gd32f1x0_timer.o(.rev16_text), (4 bytes).
    Removing gd32f1x0_timer.o(.revsh_text), (4 bytes).
    Removing gd32f1x0_timer.o(i.timer_auto_reload_shadow_disable), (10 bytes).
    Removing gd32f1x0_timer.o(i.timer_auto_reload_shadow_enable), (10 bytes).
    Removing gd32f1x0_timer.o(i.timer_automatic_output_disable), (10 bytes).
    Removing gd32f1x0_timer.o(i.timer_automatic_output_enable), (10 bytes).
    Removing gd32f1x0_timer.o(i.timer_autoreload_value_config), (4 bytes).
    Removing gd32f1x0_timer.o(i.timer_break_config), (30 bytes).
    Removing gd32f1x0_timer.o(i.timer_break_disable), (10 bytes).
    Removing gd32f1x0_timer.o(i.timer_break_enable), (10 bytes).
    Removing gd32f1x0_timer.o(i.timer_break_struct_para_init), (18 bytes).
    Removing gd32f1x0_timer.o(i.timer_channel_capture_value_register_read), (42 bytes).
    Removing gd32f1x0_timer.o(i.timer_channel_complementary_output_polarity_config), (92 bytes).
    Removing gd32f1x0_timer.o(i.timer_channel_complementary_output_state_config), (70 bytes).
    Removing gd32f1x0_timer.o(i.timer_channel_control_shadow_config), (24 bytes).
    Removing gd32f1x0_timer.o(i.timer_channel_control_shadow_update_config), (26 bytes).
    Removing gd32f1x0_timer.o(i.timer_channel_dma_request_source_select), (26 bytes).
    Removing gd32f1x0_timer.o(i.timer_channel_input_capture_prescaler_config), (90 bytes).
    Removing gd32f1x0_timer.o(i.timer_channel_input_struct_para_init), (16 bytes).
    Removing gd32f1x0_timer.o(i.timer_channel_output_clear_config), (90 bytes).
    Removing gd32f1x0_timer.o(i.timer_channel_output_config), (520 bytes).
    Removing gd32f1x0_timer.o(i.timer_channel_output_fast_config), (90 bytes).
    Removing gd32f1x0_timer.o(i.timer_channel_output_mode_config), (90 bytes).
    Removing gd32f1x0_timer.o(i.timer_channel_output_polarity_config), (92 bytes).
    Removing gd32f1x0_timer.o(i.timer_channel_output_pulse_value_config), (38 bytes).
    Removing gd32f1x0_timer.o(i.timer_channel_output_shadow_config), (90 bytes).
    Removing gd32f1x0_timer.o(i.timer_channel_output_state_config), (92 bytes).
    Removing gd32f1x0_timer.o(i.timer_channel_output_struct_para_init), (16 bytes).
    Removing gd32f1x0_timer.o(i.timer_channel_remap_config), (4 bytes).
    Removing gd32f1x0_timer.o(i.timer_counter_alignment), (16 bytes).
    Removing gd32f1x0_timer.o(i.timer_counter_down_direction), (10 bytes).
    Removing gd32f1x0_timer.o(i.timer_counter_read), (8 bytes).
    Removing gd32f1x0_timer.o(i.timer_counter_up_direction), (10 bytes).
    Removing gd32f1x0_timer.o(i.timer_counter_value_config), (4 bytes).
    Removing gd32f1x0_timer.o(i.timer_disable), (10 bytes).
    Removing gd32f1x0_timer.o(i.timer_dma_disable), (8 bytes).
    Removing gd32f1x0_timer.o(i.timer_dma_enable), (8 bytes).
    Removing gd32f1x0_timer.o(i.timer_dma_transfer_config), (24 bytes).
    Removing gd32f1x0_timer.o(i.timer_event_software_generate), (8 bytes).
    Removing gd32f1x0_timer.o(i.timer_external_clock_mode0_config), (40 bytes).
    Removing gd32f1x0_timer.o(i.timer_external_clock_mode1_config), (32 bytes).
    Removing gd32f1x0_timer.o(i.timer_external_clock_mode1_disable), (10 bytes).
    Removing gd32f1x0_timer.o(i.timer_external_trigger_as_external_clock_config), (166 bytes).
    Removing gd32f1x0_timer.o(i.timer_external_trigger_config), (30 bytes).
    Removing gd32f1x0_timer.o(i.timer_flag_clear), (6 bytes).
    Removing gd32f1x0_timer.o(i.timer_flag_get), (16 bytes).
    Removing gd32f1x0_timer.o(i.timer_hall_mode_config), (26 bytes).
    Removing gd32f1x0_timer.o(i.timer_input_capture_config), (326 bytes).
    Removing gd32f1x0_timer.o(i.timer_input_pwm_capture_config), (356 bytes).
    Removing gd32f1x0_timer.o(i.timer_input_trigger_source_select), (16 bytes).
    Removing gd32f1x0_timer.o(i.timer_internal_clock_config), (10 bytes).
    Removing gd32f1x0_timer.o(i.timer_internal_trigger_as_external_clock_config), (32 bytes).
    Removing gd32f1x0_timer.o(i.timer_interrupt_disable), (8 bytes).
    Removing gd32f1x0_timer.o(i.timer_master_output_trigger_source_select), (16 bytes).
    Removing gd32f1x0_timer.o(i.timer_master_slave_mode_config), (26 bytes).
    Removing gd32f1x0_timer.o(i.timer_ocpre_clear_source_config), (26 bytes).
    Removing gd32f1x0_timer.o(i.timer_prescaler_config), (14 bytes).
    Removing gd32f1x0_timer.o(i.timer_prescaler_read), (10 bytes).
    Removing gd32f1x0_timer.o(i.timer_primary_output_config), (24 bytes).
    Removing gd32f1x0_timer.o(i.timer_quadrature_decoder_mode_config), (64 bytes).
    Removing gd32f1x0_timer.o(i.timer_repetition_value_config), (4 bytes).
    Removing gd32f1x0_timer.o(i.timer_single_pulse_mode_config), (26 bytes).
    Removing gd32f1x0_timer.o(i.timer_slave_mode_select), (16 bytes).
    Removing gd32f1x0_timer.o(i.timer_update_event_disable), (10 bytes).
    Removing gd32f1x0_timer.o(i.timer_update_event_enable), (10 bytes).
    Removing gd32f1x0_timer.o(i.timer_update_source_config), (26 bytes).
    Removing gd32f1x0_tsi.o(.rev16_text), (4 bytes).
    Removing gd32f1x0_tsi.o(.revsh_text), (4 bytes).
    Removing gd32f1x0_tsi.o(i.tsi_analog_off), (16 bytes).
    Removing gd32f1x0_tsi.o(i.tsi_analog_on), (16 bytes).
    Removing gd32f1x0_tsi.o(i.tsi_channel_pin_disable), (16 bytes).
    Removing gd32f1x0_tsi.o(i.tsi_channel_pin_enable), (16 bytes).
    Removing gd32f1x0_tsi.o(i.tsi_deinit), (20 bytes).
    Removing gd32f1x0_tsi.o(i.tsi_disable), (20 bytes).
    Removing gd32f1x0_tsi.o(i.tsi_enable), (20 bytes).
    Removing gd32f1x0_tsi.o(i.tsi_extend_charge_config), (100 bytes).
    Removing gd32f1x0_tsi.o(i.tsi_flag_clear), (16 bytes).
    Removing gd32f1x0_tsi.o(i.tsi_flag_get), (24 bytes).
    Removing gd32f1x0_tsi.o(i.tsi_group0_cycle_get), (12 bytes).
    Removing gd32f1x0_tsi.o(i.tsi_group1_cycle_get), (12 bytes).
    Removing gd32f1x0_tsi.o(i.tsi_group2_cycle_get), (12 bytes).
    Removing gd32f1x0_tsi.o(i.tsi_group3_cycle_get), (12 bytes).
    Removing gd32f1x0_tsi.o(i.tsi_group4_cycle_get), (12 bytes).
    Removing gd32f1x0_tsi.o(i.tsi_group5_cycle_get), (12 bytes).
    Removing gd32f1x0_tsi.o(i.tsi_group_disable), (16 bytes).
    Removing gd32f1x0_tsi.o(i.tsi_group_enable), (16 bytes).
    Removing gd32f1x0_tsi.o(i.tsi_group_status_get), (24 bytes).
    Removing gd32f1x0_tsi.o(i.tsi_hardware_mode_config), (56 bytes).
    Removing gd32f1x0_tsi.o(i.tsi_hysteresis_off), (16 bytes).
    Removing gd32f1x0_tsi.o(i.tsi_hysteresis_on), (16 bytes).
    Removing gd32f1x0_tsi.o(i.tsi_init), (48 bytes).
    Removing gd32f1x0_tsi.o(i.tsi_interrupt_disable), (16 bytes).
    Removing gd32f1x0_tsi.o(i.tsi_interrupt_enable), (16 bytes).
    Removing gd32f1x0_tsi.o(i.tsi_interrupt_flag_clear), (16 bytes).
    Removing gd32f1x0_tsi.o(i.tsi_interrupt_flag_get), (40 bytes).
    Removing gd32f1x0_tsi.o(i.tsi_max_number_config), (32 bytes).
    Removing gd32f1x0_tsi.o(i.tsi_pin_mode_config), (44 bytes).
    Removing gd32f1x0_tsi.o(i.tsi_pulse_config), (48 bytes).
    Removing gd32f1x0_tsi.o(i.tsi_sample_pin_disable), (28 bytes).
    Removing gd32f1x0_tsi.o(i.tsi_sample_pin_enable), (28 bytes).
    Removing gd32f1x0_tsi.o(i.tsi_software_mode_config), (28 bytes).
    Removing gd32f1x0_tsi.o(i.tsi_software_start), (20 bytes).
    Removing gd32f1x0_tsi.o(i.tsi_software_stop), (20 bytes).
    Removing gd32f1x0_usart.o(.rev16_text), (4 bytes).
    Removing gd32f1x0_usart.o(.revsh_text), (4 bytes).
    Removing gd32f1x0_usart.o(i.usart_address_config), (32 bytes).
    Removing gd32f1x0_usart.o(i.usart_address_detection_mode_config), (28 bytes).
    Removing gd32f1x0_usart.o(i.usart_block_length_config), (24 bytes).
    Removing gd32f1x0_usart.o(i.usart_clock_disable), (18 bytes).
    Removing gd32f1x0_usart.o(i.usart_clock_enable), (18 bytes).
    Removing gd32f1x0_usart.o(i.usart_command_enable), (8 bytes).
    Removing gd32f1x0_usart.o(i.usart_data_first_config), (28 bytes).
    Removing gd32f1x0_usart.o(i.usart_depolarity_config), (28 bytes).
    Removing gd32f1x0_usart.o(i.usart_disable), (10 bytes).
    Removing gd32f1x0_usart.o(i.usart_dma_receive_config), (16 bytes).
    Removing gd32f1x0_usart.o(i.usart_dma_transmit_config), (16 bytes).
    Removing gd32f1x0_usart.o(i.usart_driver_assertime_config), (32 bytes).
    Removing gd32f1x0_usart.o(i.usart_driver_deassertime_config), (32 bytes).
    Removing gd32f1x0_usart.o(i.usart_guard_time_config), (32 bytes).
    Removing gd32f1x0_usart.o(i.usart_halfduplex_disable), (18 bytes).
    Removing gd32f1x0_usart.o(i.usart_halfduplex_enable), (18 bytes).
    Removing gd32f1x0_usart.o(i.usart_interrupt_disable), (26 bytes).
    Removing gd32f1x0_usart.o(i.usart_interrupt_enable), (26 bytes).
    Removing gd32f1x0_usart.o(i.usart_interrupt_flag_clear), (18 bytes).
    Removing gd32f1x0_usart.o(i.usart_interrupt_flag_get), (56 bytes).
    Removing gd32f1x0_usart.o(i.usart_invert_config), (110 bytes).
    Removing gd32f1x0_usart.o(i.usart_irda_lowpower_config), (28 bytes).
    Removing gd32f1x0_usart.o(i.usart_irda_mode_disable), (18 bytes).
    Removing gd32f1x0_usart.o(i.usart_irda_mode_enable), (18 bytes).
    Removing gd32f1x0_usart.o(i.usart_lin_break_detection_length_config), (28 bytes).
    Removing gd32f1x0_usart.o(i.usart_lin_mode_disable), (18 bytes).
    Removing gd32f1x0_usart.o(i.usart_lin_mode_enable), (18 bytes).
    Removing gd32f1x0_usart.o(i.usart_mute_mode_disable), (10 bytes).
    Removing gd32f1x0_usart.o(i.usart_mute_mode_enable), (10 bytes).
    Removing gd32f1x0_usart.o(i.usart_mute_mode_wakeup_config), (24 bytes).
    Removing gd32f1x0_usart.o(i.usart_overrun_disable), (18 bytes).
    Removing gd32f1x0_usart.o(i.usart_overrun_enable), (18 bytes).
    Removing gd32f1x0_usart.o(i.usart_oversample_config), (24 bytes).
    Removing gd32f1x0_usart.o(i.usart_prescaler_config), (24 bytes).
    Removing gd32f1x0_usart.o(i.usart_receiver_timeout_disable), (10 bytes).
    Removing gd32f1x0_usart.o(i.usart_receiver_timeout_enable), (10 bytes).
    Removing gd32f1x0_usart.o(i.usart_receiver_timeout_threshold_config), (16 bytes).
    Removing gd32f1x0_usart.o(i.usart_reception_error_dma_disable), (18 bytes).
    Removing gd32f1x0_usart.o(i.usart_reception_error_dma_enable), (18 bytes).
    Removing gd32f1x0_usart.o(i.usart_rs485_driver_disable), (18 bytes).
    Removing gd32f1x0_usart.o(i.usart_rs485_driver_enable), (18 bytes).
    Removing gd32f1x0_usart.o(i.usart_sample_bit_config), (24 bytes).
    Removing gd32f1x0_usart.o(i.usart_smartcard_autoretry_config), (32 bytes).
    Removing gd32f1x0_usart.o(i.usart_smartcard_mode_disable), (18 bytes).
    Removing gd32f1x0_usart.o(i.usart_smartcard_mode_enable), (18 bytes).
    Removing gd32f1x0_usart.o(i.usart_smartcard_mode_nack_disable), (18 bytes).
    Removing gd32f1x0_usart.o(i.usart_smartcard_mode_nack_enable), (18 bytes).
    Removing gd32f1x0_usart.o(i.usart_synchronous_clock_config), (50 bytes).
    Removing gd32f1x0_usart.o(i.usart_wakeup_disable), (10 bytes).
    Removing gd32f1x0_usart.o(i.usart_wakeup_enable), (10 bytes).
    Removing gd32f1x0_usart.o(i.usart_wakeup_mode_config), (28 bytes).
    Removing gd32f1x0_wwdgt.o(.rev16_text), (4 bytes).
    Removing gd32f1x0_wwdgt.o(.revsh_text), (4 bytes).
    Removing gd32f1x0_wwdgt.o(i.wwdgt_config), (28 bytes).
    Removing gd32f1x0_wwdgt.o(i.wwdgt_counter_update), (16 bytes).
    Removing gd32f1x0_wwdgt.o(i.wwdgt_deinit), (20 bytes).
    Removing gd32f1x0_wwdgt.o(i.wwdgt_enable), (20 bytes).
    Removing gd32f1x0_wwdgt.o(i.wwdgt_flag_clear), (12 bytes).
    Removing gd32f1x0_wwdgt.o(i.wwdgt_flag_get), (24 bytes).
    Removing gd32f1x0_wwdgt.o(i.wwdgt_interrupt_enable), (20 bytes).
    Removing systick.o(.rev16_text), (4 bytes).
    Removing systick.o(.revsh_text), (4 bytes).
    Removing gd32f1x0_it.o(.rev16_text), (4 bytes).
    Removing gd32f1x0_it.o(.revsh_text), (4 bytes).
    Removing system_gd32f1x0.o(.rev16_text), (4 bytes).
    Removing system_gd32f1x0.o(.revsh_text), (4 bytes).
    Removing system_gd32f1x0.o(i.SystemCoreClockUpdate), (240 bytes).
    Removing system_gd32f1x0.o(i.gd32f1x0_firmware_version_get), (8 bytes).
    Removing main.o(.rev16_text), (4 bytes).
    Removing main.o(.revsh_text), (4 bytes).
    Removing hx711.o(.rev16_text), (4 bytes).
    Removing hx711.o(.revsh_text), (4 bytes).
    Removing usart.o(.rev16_text), (4 bytes).
    Removing usart.o(.revsh_text), (4 bytes).
    Removing usart.o(i.ASCII_HEX), (20 bytes).
    Removing usart.o(i.BcdToBin_Char), (20 bytes).
    Removing usart.o(i.BinToBcd_Char), (36 bytes).
    Removing usart.o(i.CalculateBCC16), (38 bytes).
    Removing usart.o(i.HEX_ASCII), (20 bytes).
    Removing usart.o(i.fgetc), (24 bytes).
    Removing usart.o(i.fputc), (40 bytes).
    Removing iic.o(.rev16_text), (4 bytes).
    Removing iic.o(.revsh_text), (4 bytes).
    Removing iic.o(i.Init_EEPROM), (100 bytes).
    Removing iic.o(i.STOP_Save_Data), (68 bytes).
    Removing iic.o(i.at24c02_byte_read), (256 bytes).
    Removing iic.o(i.at24c02_byte_write), (184 bytes).
    Removing timer.o(.rev16_text), (4 bytes).
    Removing timer.o(.revsh_text), (4 bytes).
    Removing timer.o(i.Save_Record), (164 bytes).
    Removing timer.o(i.Test_Time), (64 bytes).
    Removing timer.o(.data), (12 bytes).

565 unused section(s) (total 20070 bytes) removed from the image.

==============================================================================

Image Symbol Table

    Local Symbols

    Symbol Name                              Value     Ov Type        Size  Object(Section)

    ../clib/angel/boardlib.s                 0x00000000   Number         0  boardshut.o ABSOLUTE
    ../clib/angel/boardlib.s                 0x00000000   Number         0  boardinit2.o ABSOLUTE
    ../clib/angel/boardlib.s                 0x00000000   Number         0  boardinit1.o ABSOLUTE
    ../clib/angel/boardlib.s                 0x00000000   Number         0  boardinit3.o ABSOLUTE
    ../clib/angel/handlers.s                 0x00000000   Number         0  __scatter_zi.o ABSOLUTE
    ../clib/angel/handlers.s                 0x00000000   Number         0  __scatter_copy.o ABSOLUTE
    ../clib/angel/kernel.s                   0x00000000   Number         0  rtexit2.o ABSOLUTE
    ../clib/angel/kernel.s                   0x00000000   Number         0  __rtentry.o ABSOLUTE
    ../clib/angel/kernel.s                   0x00000000   Number         0  rtexit.o ABSOLUTE
    ../clib/angel/kernel.s                   0x00000000   Number         0  __rtentry4.o ABSOLUTE
    ../clib/angel/kernel.s                   0x00000000   Number         0  __rtentry2.o ABSOLUTE
    ../clib/angel/rt.s                       0x00000000   Number         0  rt_raise.o ABSOLUTE
    ../clib/angel/scatter.s                  0x00000000   Number         0  __scatter.o ABSOLUTE
    ../clib/angel/startup.s                  0x00000000   Number         0  __main.o ABSOLUTE
    ../clib/angel/sys.s                      0x00000000   Number         0  libspace.o ABSOLUTE
    ../clib/angel/sys.s                      0x00000000   Number         0  indicate_semi.o ABSOLUTE
    ../clib/angel/sys.s                      0x00000000   Number         0  use_no_semi.o ABSOLUTE
    ../clib/angel/sys.s                      0x00000000   Number         0  sys_stackheap_outer.o ABSOLUTE
    ../clib/angel/sysapp.c                   0x00000000   Number         0  sys_wrch.o ABSOLUTE
    ../clib/angel/sysapp.c                   0x00000000   Number         0  sys_command.o ABSOLUTE
    ../clib/angel/sysapp.c                   0x00000000   Number         0  sys_exit.o ABSOLUTE
    ../clib/armsys.c                         0x00000000   Number         0  argv_veneer.o ABSOLUTE
    ../clib/armsys.c                         0x00000000   Number         0  argv_veneer.o ABSOLUTE
    ../clib/armsys.c                         0x00000000   Number         0  _get_argv_nomalloc.o ABSOLUTE
    ../clib/armsys.c                         0x00000000   Number         0  no_argv.o ABSOLUTE
    ../clib/heapalloc.c                      0x00000000   Number         0  hrguard.o ABSOLUTE
    ../clib/heapaux.c                        0x00000000   Number         0  heapauxi.o ABSOLUTE
    ../clib/libinit.s                        0x00000000   Number         0  libinit2.o ABSOLUTE
    ../clib/libinit.s                        0x00000000   Number         0  libshutdown2.o ABSOLUTE
    ../clib/libinit.s                        0x00000000   Number         0  libshutdown.o ABSOLUTE
    ../clib/libinit.s                        0x00000000   Number         0  libinit.o ABSOLUTE
    ../clib/signal.c                         0x00000000   Number         0  defsig_rtmem_outer.o ABSOLUTE
    ../clib/signal.c                         0x00000000   Number         0  defsig_rtmem_formal.o ABSOLUTE
    ../clib/signal.c                         0x00000000   Number         0  defsig_abrt_inner.o ABSOLUTE
    ../clib/signal.c                         0x00000000   Number         0  defsig_other.o ABSOLUTE
    ../clib/signal.c                         0x00000000   Number         0  defsig_segv_inner.o ABSOLUTE
    ../clib/signal.c                         0x00000000   Number         0  defsig_cppl_inner.o ABSOLUTE
    ../clib/signal.c                         0x00000000   Number         0  __raise.o ABSOLUTE
    ../clib/signal.c                         0x00000000   Number         0  defsig_stak_inner.o ABSOLUTE
    ../clib/signal.c                         0x00000000   Number         0  defsig_rtred_inner.o ABSOLUTE
    ../clib/signal.c                         0x00000000   Number         0  defsig_fpe_inner.o ABSOLUTE
    ../clib/signal.c                         0x00000000   Number         0  defsig_pvfn_inner.o ABSOLUTE
    ../clib/signal.c                         0x00000000   Number         0  defsig_general.o ABSOLUTE
    ../clib/signal.c                         0x00000000   Number         0  defsig_rtmem_inner.o ABSOLUTE
    ../clib/signal.c                         0x00000000   Number         0  defsig_exit.o ABSOLUTE
    ../clib/signal.s                         0x00000000   Number         0  defsig.o ABSOLUTE
    ../clib/stdlib.c                         0x00000000   Number         0  exit.o ABSOLUTE
    ../fplib/fpinit.s                        0x00000000   Number         0  fpinit.o ABSOLUTE
    ..\Libraries\CMSIS\GD\GD32F1x0\Source\ARM\startup_gd32f1x0.s 0x00000000   Number         0  startup_gd32f1x0.o ABSOLUTE
    ..\Libraries\CMSIS\GD\GD32F1x0\Source\system_gd32f1x0.c 0x00000000   Number         0  system_gd32f1x0.o ABSOLUTE
    ..\Libraries\GD32F1x0_standard_peripheral\Source\gd32f1x0_adc.c 0x00000000   Number         0  gd32f1x0_adc.o ABSOLUTE
    ..\Libraries\GD32F1x0_standard_peripheral\Source\gd32f1x0_cec.c 0x00000000   Number         0  gd32f1x0_cec.o ABSOLUTE
    ..\Libraries\GD32F1x0_standard_peripheral\Source\gd32f1x0_cmp.c 0x00000000   Number         0  gd32f1x0_cmp.o ABSOLUTE
    ..\Libraries\GD32F1x0_standard_peripheral\Source\gd32f1x0_crc.c 0x00000000   Number         0  gd32f1x0_crc.o ABSOLUTE
    ..\Libraries\GD32F1x0_standard_peripheral\Source\gd32f1x0_dac.c 0x00000000   Number         0  gd32f1x0_dac.o ABSOLUTE
    ..\Libraries\GD32F1x0_standard_peripheral\Source\gd32f1x0_dbg.c 0x00000000   Number         0  gd32f1x0_dbg.o ABSOLUTE
    ..\Libraries\GD32F1x0_standard_peripheral\Source\gd32f1x0_dma.c 0x00000000   Number         0  gd32f1x0_dma.o ABSOLUTE
    ..\Libraries\GD32F1x0_standard_peripheral\Source\gd32f1x0_exti.c 0x00000000   Number         0  gd32f1x0_exti.o ABSOLUTE
    ..\Libraries\GD32F1x0_standard_peripheral\Source\gd32f1x0_fmc.c 0x00000000   Number         0  gd32f1x0_fmc.o ABSOLUTE
    ..\Libraries\GD32F1x0_standard_peripheral\Source\gd32f1x0_fwdgt.c 0x00000000   Number         0  gd32f1x0_fwdgt.o ABSOLUTE
    ..\Libraries\GD32F1x0_standard_peripheral\Source\gd32f1x0_gpio.c 0x00000000   Number         0  gd32f1x0_gpio.o ABSOLUTE
    ..\Libraries\GD32F1x0_standard_peripheral\Source\gd32f1x0_i2c.c 0x00000000   Number         0  gd32f1x0_i2c.o ABSOLUTE
    ..\Libraries\GD32F1x0_standard_peripheral\Source\gd32f1x0_misc.c 0x00000000   Number         0  gd32f1x0_misc.o ABSOLUTE
    ..\Libraries\GD32F1x0_standard_peripheral\Source\gd32f1x0_pmu.c 0x00000000   Number         0  gd32f1x0_pmu.o ABSOLUTE
    ..\Libraries\GD32F1x0_standard_peripheral\Source\gd32f1x0_rcu.c 0x00000000   Number         0  gd32f1x0_rcu.o ABSOLUTE
    ..\Libraries\GD32F1x0_standard_peripheral\Source\gd32f1x0_rtc.c 0x00000000   Number         0  gd32f1x0_rtc.o ABSOLUTE
    ..\Libraries\GD32F1x0_standard_peripheral\Source\gd32f1x0_spi.c 0x00000000   Number         0  gd32f1x0_spi.o ABSOLUTE
    ..\Libraries\GD32F1x0_standard_peripheral\Source\gd32f1x0_syscfg.c 0x00000000   Number         0  gd32f1x0_syscfg.o ABSOLUTE
    ..\Libraries\GD32F1x0_standard_peripheral\Source\gd32f1x0_timer.c 0x00000000   Number         0  gd32f1x0_timer.o ABSOLUTE
    ..\Libraries\GD32F1x0_standard_peripheral\Source\gd32f1x0_tsi.c 0x00000000   Number         0  gd32f1x0_tsi.o ABSOLUTE
    ..\Libraries\GD32F1x0_standard_peripheral\Source\gd32f1x0_usart.c 0x00000000   Number         0  gd32f1x0_usart.o ABSOLUTE
    ..\Libraries\GD32F1x0_standard_peripheral\Source\gd32f1x0_wwdgt.c 0x00000000   Number         0  gd32f1x0_wwdgt.o ABSOLUTE
    ..\User\Hx711.c                          0x00000000   Number         0  hx711.o ABSOLUTE
    ..\User\IIC.c                            0x00000000   Number         0  iic.o ABSOLUTE
    ..\User\TIMER.c                          0x00000000   Number         0  timer.o ABSOLUTE
    ..\User\Usart.c                          0x00000000   Number         0  usart.o ABSOLUTE
    ..\User\gd32f1x0_it.c                    0x00000000   Number         0  gd32f1x0_it.o ABSOLUTE
    ..\User\main.c                           0x00000000   Number         0  main.o ABSOLUTE
    ..\User\systick.c                        0x00000000   Number         0  systick.o ABSOLUTE
    ..\\Libraries\\CMSIS\\GD\\GD32F1x0\\Source\\system_gd32f1x0.c 0x00000000   Number         0  system_gd32f1x0.o ABSOLUTE
    ..\\Libraries\\GD32F1x0_standard_peripheral\\Source\\gd32f1x0_adc.c 0x00000000   Number         0  gd32f1x0_adc.o ABSOLUTE
    ..\\Libraries\\GD32F1x0_standard_peripheral\\Source\\gd32f1x0_cec.c 0x00000000   Number         0  gd32f1x0_cec.o ABSOLUTE
    ..\\Libraries\\GD32F1x0_standard_peripheral\\Source\\gd32f1x0_cmp.c 0x00000000   Number         0  gd32f1x0_cmp.o ABSOLUTE
    ..\\Libraries\\GD32F1x0_standard_peripheral\\Source\\gd32f1x0_crc.c 0x00000000   Number         0  gd32f1x0_crc.o ABSOLUTE
    ..\\Libraries\\GD32F1x0_standard_peripheral\\Source\\gd32f1x0_dac.c 0x00000000   Number         0  gd32f1x0_dac.o ABSOLUTE
    ..\\Libraries\\GD32F1x0_standard_peripheral\\Source\\gd32f1x0_dbg.c 0x00000000   Number         0  gd32f1x0_dbg.o ABSOLUTE
    ..\\Libraries\\GD32F1x0_standard_peripheral\\Source\\gd32f1x0_dma.c 0x00000000   Number         0  gd32f1x0_dma.o ABSOLUTE
    ..\\Libraries\\GD32F1x0_standard_peripheral\\Source\\gd32f1x0_exti.c 0x00000000   Number         0  gd32f1x0_exti.o ABSOLUTE
    ..\\Libraries\\GD32F1x0_standard_peripheral\\Source\\gd32f1x0_fmc.c 0x00000000   Number         0  gd32f1x0_fmc.o ABSOLUTE
    ..\\Libraries\\GD32F1x0_standard_peripheral\\Source\\gd32f1x0_fwdgt.c 0x00000000   Number         0  gd32f1x0_fwdgt.o ABSOLUTE
    ..\\Libraries\\GD32F1x0_standard_peripheral\\Source\\gd32f1x0_gpio.c 0x00000000   Number         0  gd32f1x0_gpio.o ABSOLUTE
    ..\\Libraries\\GD32F1x0_standard_peripheral\\Source\\gd32f1x0_i2c.c 0x00000000   Number         0  gd32f1x0_i2c.o ABSOLUTE
    ..\\Libraries\\GD32F1x0_standard_peripheral\\Source\\gd32f1x0_misc.c 0x00000000   Number         0  gd32f1x0_misc.o ABSOLUTE
    ..\\Libraries\\GD32F1x0_standard_peripheral\\Source\\gd32f1x0_pmu.c 0x00000000   Number         0  gd32f1x0_pmu.o ABSOLUTE
    ..\\Libraries\\GD32F1x0_standard_peripheral\\Source\\gd32f1x0_rcu.c 0x00000000   Number         0  gd32f1x0_rcu.o ABSOLUTE
    ..\\Libraries\\GD32F1x0_standard_peripheral\\Source\\gd32f1x0_rtc.c 0x00000000   Number         0  gd32f1x0_rtc.o ABSOLUTE
    ..\\Libraries\\GD32F1x0_standard_peripheral\\Source\\gd32f1x0_spi.c 0x00000000   Number         0  gd32f1x0_spi.o ABSOLUTE
    ..\\Libraries\\GD32F1x0_standard_peripheral\\Source\\gd32f1x0_syscfg.c 0x00000000   Number         0  gd32f1x0_syscfg.o ABSOLUTE
    ..\\Libraries\\GD32F1x0_standard_peripheral\\Source\\gd32f1x0_timer.c 0x00000000   Number         0  gd32f1x0_timer.o ABSOLUTE
    ..\\Libraries\\GD32F1x0_standard_peripheral\\Source\\gd32f1x0_tsi.c 0x00000000   Number         0  gd32f1x0_tsi.o ABSOLUTE
    ..\\Libraries\\GD32F1x0_standard_peripheral\\Source\\gd32f1x0_usart.c 0x00000000   Number         0  gd32f1x0_usart.o ABSOLUTE
    ..\\Libraries\\GD32F1x0_standard_peripheral\\Source\\gd32f1x0_wwdgt.c 0x00000000   Number         0  gd32f1x0_wwdgt.o ABSOLUTE
    ..\\User\\Hx711.c                        0x00000000   Number         0  hx711.o ABSOLUTE
    ..\\User\\IIC.c                          0x00000000   Number         0  iic.o ABSOLUTE
    ..\\User\\TIMER.c                        0x00000000   Number         0  timer.o ABSOLUTE
    ..\\User\\Usart.c                        0x00000000   Number         0  usart.o ABSOLUTE
    ..\\User\\gd32f1x0_it.c                  0x00000000   Number         0  gd32f1x0_it.o ABSOLUTE
    ..\\User\\main.c                         0x00000000   Number         0  main.o ABSOLUTE
    ..\\User\\systick.c                      0x00000000   Number         0  systick.o ABSOLUTE
    dc.s                                     0x00000000   Number         0  dc.o ABSOLUTE
    RESET                                    0x08000000   Section      272  startup_gd32f1x0.o(RESET)
    !!!main                                  0x08000110   Section        8  __main.o(!!!main)
    !!!scatter                               0x08000118   Section       52  __scatter.o(!!!scatter)
    !!handler_copy                           0x0800014c   Section       26  __scatter_copy.o(!!handler_copy)
    !!handler_zi                             0x08000168   Section       28  __scatter_zi.o(!!handler_zi)
    .ARM.Collect$$libinit$$00000000          0x08000184   Section        2  libinit.o(.ARM.Collect$$libinit$$00000000)
    .ARM.Collect$$libinit$$00000002          0x08000186   Section        0  libinit2.o(.ARM.Collect$$libinit$$00000002)
    .ARM.Collect$$libinit$$00000004          0x08000186   Section        0  libinit2.o(.ARM.Collect$$libinit$$00000004)
    .ARM.Collect$$libinit$$0000000A          0x08000186   Section        0  libinit2.o(.ARM.Collect$$libinit$$0000000A)
    .ARM.Collect$$libinit$$0000000C          0x08000186   Section        0  libinit2.o(.ARM.Collect$$libinit$$0000000C)
    .ARM.Collect$$libinit$$0000000E          0x08000186   Section        0  libinit2.o(.ARM.Collect$$libinit$$0000000E)
    .ARM.Collect$$libinit$$00000011          0x08000186   Section        0  libinit2.o(.ARM.Collect$$libinit$$00000011)
    .ARM.Collect$$libinit$$00000013          0x08000186   Section        0  libinit2.o(.ARM.Collect$$libinit$$00000013)
    .ARM.Collect$$libinit$$00000015          0x08000186   Section        0  libinit2.o(.ARM.Collect$$libinit$$00000015)
    .ARM.Collect$$libinit$$00000017          0x08000186   Section        0  libinit2.o(.ARM.Collect$$libinit$$00000017)
    .ARM.Collect$$libinit$$00000019          0x08000186   Section        0  libinit2.o(.ARM.Collect$$libinit$$00000019)
    .ARM.Collect$$libinit$$0000001B          0x08000186   Section        0  libinit2.o(.ARM.Collect$$libinit$$0000001B)
    .ARM.Collect$$libinit$$0000001D          0x08000186   Section        0  libinit2.o(.ARM.Collect$$libinit$$0000001D)
    .ARM.Collect$$libinit$$0000001F          0x08000186   Section        0  libinit2.o(.ARM.Collect$$libinit$$0000001F)
    .ARM.Collect$$libinit$$00000021          0x08000186   Section        0  libinit2.o(.ARM.Collect$$libinit$$00000021)
    .ARM.Collect$$libinit$$00000023          0x08000186   Section        0  libinit2.o(.ARM.Collect$$libinit$$00000023)
    .ARM.Collect$$libinit$$00000025          0x08000186   Section        0  libinit2.o(.ARM.Collect$$libinit$$00000025)
    .ARM.Collect$$libinit$$0000002C          0x08000186   Section        0  libinit2.o(.ARM.Collect$$libinit$$0000002C)
    .ARM.Collect$$libinit$$0000002E          0x08000186   Section        0  libinit2.o(.ARM.Collect$$libinit$$0000002E)
    .ARM.Collect$$libinit$$00000030          0x08000186   Section        0  libinit2.o(.ARM.Collect$$libinit$$00000030)
    .ARM.Collect$$libinit$$00000032          0x08000186   Section        0  libinit2.o(.ARM.Collect$$libinit$$00000032)
    .ARM.Collect$$libinit$$00000033          0x08000186   Section        2  libinit2.o(.ARM.Collect$$libinit$$00000033)
    .ARM.Collect$$libshutdown$$00000000      0x08000188   Section        2  libshutdown.o(.ARM.Collect$$libshutdown$$00000000)
    .ARM.Collect$$libshutdown$$00000002      0x0800018a   Section        0  libshutdown2.o(.ARM.Collect$$libshutdown$$00000002)
    .ARM.Collect$$libshutdown$$00000004      0x0800018a   Section        0  libshutdown2.o(.ARM.Collect$$libshutdown$$00000004)
    .ARM.Collect$$libshutdown$$00000007      0x0800018a   Section        0  libshutdown2.o(.ARM.Collect$$libshutdown$$00000007)
    .ARM.Collect$$libshutdown$$0000000A      0x0800018a   Section        0  libshutdown2.o(.ARM.Collect$$libshutdown$$0000000A)
    .ARM.Collect$$libshutdown$$0000000C      0x0800018a   Section        0  libshutdown2.o(.ARM.Collect$$libshutdown$$0000000C)
    .ARM.Collect$$libshutdown$$0000000F      0x0800018a   Section        0  libshutdown2.o(.ARM.Collect$$libshutdown$$0000000F)
    .ARM.Collect$$libshutdown$$00000010      0x0800018a   Section        2  libshutdown2.o(.ARM.Collect$$libshutdown$$00000010)
    .ARM.Collect$$rtentry$$00000000          0x0800018c   Section        0  __rtentry.o(.ARM.Collect$$rtentry$$00000000)
    .ARM.Collect$$rtentry$$00000002          0x0800018c   Section        0  __rtentry2.o(.ARM.Collect$$rtentry$$00000002)
    .ARM.Collect$$rtentry$$00000004          0x0800018c   Section        6  __rtentry4.o(.ARM.Collect$$rtentry$$00000004)
    .ARM.Collect$$rtentry$$00000009          0x08000192   Section        0  __rtentry2.o(.ARM.Collect$$rtentry$$00000009)
    .ARM.Collect$$rtentry$$0000000A          0x08000192   Section        4  __rtentry2.o(.ARM.Collect$$rtentry$$0000000A)
    .ARM.Collect$$rtentry$$0000000C          0x08000196   Section        0  __rtentry2.o(.ARM.Collect$$rtentry$$0000000C)
    .ARM.Collect$$rtentry$$0000000D          0x08000196   Section        8  __rtentry2.o(.ARM.Collect$$rtentry$$0000000D)
    .ARM.Collect$$rtexit$$00000000           0x0800019e   Section        2  rtexit.o(.ARM.Collect$$rtexit$$00000000)
    .ARM.Collect$$rtexit$$00000002           0x080001a0   Section        0  rtexit2.o(.ARM.Collect$$rtexit$$00000002)
    .ARM.Collect$$rtexit$$00000003           0x080001a0   Section        4  rtexit2.o(.ARM.Collect$$rtexit$$00000003)
    .ARM.Collect$$rtexit$$00000004           0x080001a4   Section        6  rtexit2.o(.ARM.Collect$$rtexit$$00000004)
    .text                                    0x080001ac   Section       64  startup_gd32f1x0.o(.text)
    .text                                    0x080001ec   Section        0  heapauxi.o(.text)
    .text                                    0x080001f2   Section       74  sys_stackheap_outer.o(.text)
    .text                                    0x0800023c   Section        0  exit.o(.text)
    .text                                    0x08000250   Section        8  libspace.o(.text)
    .text                                    0x08000258   Section        0  sys_exit.o(.text)
    .text                                    0x08000264   Section        2  use_no_semi.o(.text)
    .text                                    0x08000266   Section        0  indicate_semi.o(.text)
    i.BusFault_Handler                       0x08000266   Section        0  gd32f1x0_it.o(i.BusFault_Handler)
    i.CalculateCRC16                         0x0800026c   Section        0  usart.o(i.CalculateCRC16)
    i.Clear_Accum_Data                       0x080002b0   Section        0  iic.o(i.Clear_Accum_Data)
    i.DebugMon_Handler                       0x080002f4   Section        0  gd32f1x0_it.o(i.DebugMon_Handler)
    i.Delay_NOP                              0x080002f8   Section        0  main.o(i.Delay_NOP)
    i.EEP_Read_Flow                          0x08000304   Section        0  iic.o(i.EEP_Read_Flow)
    i.EEP_Write_Flow                         0x08000340   Section        0  iic.o(i.EEP_Write_Flow)
    i.HardFault_Handler                      0x08000384   Section        0  gd32f1x0_it.o(i.HardFault_Handler)
    i.Hx711_Data                             0x08000388   Section        0  hx711.o(i.Hx711_Data)
    i.Hx711_init                             0x08000432   Section        0  hx711.o(i.Hx711_init)
    i.IIC_Read_Int                           0x08000490   Section        0  iic.o(i.IIC_Read_Int)
    i.IIC_Write_Int                          0x080004d0   Section        0  iic.o(i.IIC_Write_Int)
    i.MODBUS_DEAL                            0x08000510   Section        0  usart.o(i.MODBUS_DEAL)
    i.MODBUS_RX                              0x08000600   Section        0  usart.o(i.MODBUS_RX)
    i.MemManage_Handler                      0x080006e0   Section        0  gd32f1x0_it.o(i.MemManage_Handler)
    i.Modbus_Function_16                     0x080006e4   Section        0  usart.o(i.Modbus_Function_16)
    Modbus_Function_16                       0x080006e5   Thumb Code   278  usart.o(i.Modbus_Function_16)
    i.Modbus_Function_3                      0x08000814   Section        0  usart.o(i.Modbus_Function_3)
    Modbus_Function_3                        0x08000815   Thumb Code   634  usart.o(i.Modbus_Function_3)
    i.Modbus_Function_5                      0x08000aac   Section        0  usart.o(i.Modbus_Function_5)
    Modbus_Function_5                        0x08000aad   Thumb Code   164  usart.o(i.Modbus_Function_5)
    i.NMI_Handler                            0x08000b60   Section        0  gd32f1x0_it.o(i.NMI_Handler)
    i.NVIC_SetPriority                       0x08000b64   Section        0  systick.o(i.NVIC_SetPriority)
    NVIC_SetPriority                         0x08000b65   Thumb Code    32  systick.o(i.NVIC_SetPriority)
    i.PendSV_Handler                         0x08000b8c   Section        0  gd32f1x0_it.o(i.PendSV_Handler)
    i.Read_EEPROM                            0x08000b90   Section        0  iic.o(i.Read_EEPROM)
    i.Read_Hx711                             0x08000bb4   Section        0  hx711.o(i.Read_Hx711)
    i.SVC_Handler                            0x08000ca4   Section        0  gd32f1x0_it.o(i.SVC_Handler)
    i.SysTick_Handler                        0x08000ca8   Section        0  gd32f1x0_it.o(i.SysTick_Handler)
    i.SystemInit                             0x08000cb0   Section        0  system_gd32f1x0.o(i.SystemInit)
    i.TIMER2_IRQHandler                      0x08000dd0   Section        0  main.o(i.TIMER2_IRQHandler)
    i.UART_Write                             0x08000dec   Section        0  usart.o(i.UART_Write)
    i.UsageFault_Handler                     0x08000e1c   Section        0  gd32f1x0_it.o(i.UsageFault_Handler)
    i._soft_delay_                           0x08000e20   Section        0  system_gd32f1x0.o(i._soft_delay_)
    _soft_delay_                             0x08000e21   Thumb Code    28  system_gd32f1x0.o(i._soft_delay_)
    i.at24c02_page_write                     0x08000e3c   Section        0  iic.o(i.at24c02_page_write)
    i.at24c02_sequential_read                0x08000f2c   Section        0  iic.o(i.at24c02_sequential_read)
    i.at24c02_sequential_write               0x08001058   Section        0  iic.o(i.at24c02_sequential_write)
    i.delay_1ms                              0x080010d4   Section        0  systick.o(i.delay_1ms)
    i.delay_decrement                        0x080010e8   Section        0  systick.o(i.delay_decrement)
    i.delay_ms                               0x08001100   Section        0  iic.o(i.delay_ms)
    i.gd_eval_com_init                       0x0800111c   Section        0  usart.o(i.gd_eval_com_init)
    i.gpio_af_set                            0x080011c0   Section        0  gd32f1x0_gpio.o(i.gpio_af_set)
    i.gpio_bit_reset                         0x0800121e   Section        0  gd32f1x0_gpio.o(i.gpio_bit_reset)
    i.gpio_bit_set                           0x08001222   Section        0  gd32f1x0_gpio.o(i.gpio_bit_set)
    i.gpio_input_bit_get                     0x08001226   Section        0  gd32f1x0_gpio.o(i.gpio_input_bit_get)
    i.gpio_mode_set                          0x08001236   Section        0  gd32f1x0_gpio.o(i.gpio_mode_set)
    i.gpio_output_options_set                0x08001284   Section        0  gd32f1x0_gpio.o(i.gpio_output_options_set)
    i.i2c1_config                            0x080012c8   Section        0  iic.o(i.i2c1_config)
    i.i2c1_gpio_config                       0x080012fc   Section        0  iic.o(i.i2c1_gpio_config)
    i.i2c_ack_config                         0x08001390   Section        0  gd32f1x0_i2c.o(i.i2c_ack_config)
    i.i2c_clock_config                       0x080013a0   Section        0  gd32f1x0_i2c.o(i.i2c_clock_config)
    i.i2c_data_receive                       0x08001484   Section        0  gd32f1x0_i2c.o(i.i2c_data_receive)
    i.i2c_data_transmit                      0x0800148c   Section        0  gd32f1x0_i2c.o(i.i2c_data_transmit)
    i.i2c_enable                             0x08001492   Section        0  gd32f1x0_i2c.o(i.i2c_enable)
    i.i2c_flag_clear                         0x0800149c   Section        0  gd32f1x0_i2c.o(i.i2c_flag_clear)
    i.i2c_flag_get                           0x080014c4   Section        0  gd32f1x0_i2c.o(i.i2c_flag_get)
    i.i2c_master_addressing                  0x080014e2   Section        0  gd32f1x0_i2c.o(i.i2c_master_addressing)
    i.i2c_mode_addr_config                   0x080014f6   Section        0  gd32f1x0_i2c.o(i.i2c_mode_addr_config)
    i.i2c_start_on_bus                       0x08001512   Section        0  gd32f1x0_i2c.o(i.i2c_start_on_bus)
    i.i2c_stop_on_bus                        0x0800151c   Section        0  gd32f1x0_i2c.o(i.i2c_stop_on_bus)
    i.main                                   0x08001526   Section        0  main.o(i.main)
    i.nvic_irq_enable                        0x08001554   Section        0  gd32f1x0_misc.o(i.nvic_irq_enable)
    i.nvic_priority_group_set                0x08001600   Section        0  gd32f1x0_misc.o(i.nvic_priority_group_set)
    i.nvic_vector_table_set                  0x08001614   Section        0  gd32f1x0_misc.o(i.nvic_vector_table_set)
    i.rcu_clock_freq_get                     0x0800162c   Section        0  gd32f1x0_rcu.o(i.rcu_clock_freq_get)
    i.rcu_periph_clock_enable                0x080018d4   Section        0  gd32f1x0_rcu.o(i.rcu_periph_clock_enable)
    i.rcu_periph_reset_disable               0x080018f4   Section        0  gd32f1x0_rcu.o(i.rcu_periph_reset_disable)
    i.rcu_periph_reset_enable                0x08001914   Section        0  gd32f1x0_rcu.o(i.rcu_periph_reset_enable)
    i.system_clock_48m_hxtal                 0x08001934   Section        0  system_gd32f1x0.o(i.system_clock_48m_hxtal)
    system_clock_48m_hxtal                   0x08001935   Thumb Code   162  system_gd32f1x0.o(i.system_clock_48m_hxtal)
    i.system_clock_config                    0x080019e0   Section        0  system_gd32f1x0.o(i.system_clock_config)
    system_clock_config                      0x080019e1   Thumb Code     8  system_gd32f1x0.o(i.system_clock_config)
    i.systick_config                         0x080019e8   Section        0  systick.o(i.systick_config)
    i.timer2_init                            0x08001a38   Section        0  timer.o(i.timer2_init)
    i.timer_deinit                           0x08001a9c   Section        0  gd32f1x0_timer.o(i.timer_deinit)
    i.timer_enable                           0x08001b78   Section        0  gd32f1x0_timer.o(i.timer_enable)
    i.timer_init                             0x08001b84   Section        0  gd32f1x0_timer.o(i.timer_init)
    i.timer_interrupt_enable                 0x08001c30   Section        0  gd32f1x0_timer.o(i.timer_interrupt_enable)
    i.timer_interrupt_flag_clear             0x08001c38   Section        0  gd32f1x0_timer.o(i.timer_interrupt_flag_clear)
    i.timer_interrupt_flag_get               0x08001c3e   Section        0  gd32f1x0_timer.o(i.timer_interrupt_flag_get)
    i.timer_struct_para_init                 0x08001c56   Section        0  gd32f1x0_timer.o(i.timer_struct_para_init)
    i.usart_baudrate_set                     0x08001c6c   Section        0  gd32f1x0_usart.o(i.usart_baudrate_set)
    i.usart_data_receive                     0x08001ce8   Section        0  gd32f1x0_usart.o(i.usart_data_receive)
    i.usart_data_transmit                    0x08001cf2   Section        0  gd32f1x0_usart.o(i.usart_data_transmit)
    i.usart_deinit                           0x08001cfc   Section        0  gd32f1x0_usart.o(i.usart_deinit)
    i.usart_enable                           0x08001d3c   Section        0  gd32f1x0_usart.o(i.usart_enable)
    i.usart_flag_clear                       0x08001d46   Section        0  gd32f1x0_usart.o(i.usart_flag_clear)
    i.usart_flag_get                         0x08001d6a   Section        0  gd32f1x0_usart.o(i.usart_flag_get)
    i.usart_hardware_flow_cts_config         0x08001d88   Section        0  gd32f1x0_usart.o(i.usart_hardware_flow_cts_config)
    i.usart_hardware_flow_rts_config         0x08001da0   Section        0  gd32f1x0_usart.o(i.usart_hardware_flow_rts_config)
    i.usart_parity_config                    0x08001db8   Section        0  gd32f1x0_usart.o(i.usart_parity_config)
    i.usart_receive_config                   0x08001dd0   Section        0  gd32f1x0_usart.o(i.usart_receive_config)
    i.usart_stop_bit_set                     0x08001de0   Section        0  gd32f1x0_usart.o(i.usart_stop_bit_set)
    i.usart_transmit_config                  0x08001df8   Section        0  gd32f1x0_usart.o(i.usart_transmit_config)
    i.usart_word_length_set                  0x08001e08   Section        0  gd32f1x0_usart.o(i.usart_word_length_set)
    .constdata                               0x08001e20   Section       64  usart.o(.constdata)
    .data                                    0x20000000   Section        4  systick.o(.data)
    delay                                    0x20000000   Data           4  systick.o(.data)
    .data                                    0x20000004   Section        4  system_gd32f1x0.o(.data)
    .data                                    0x20000008   Section       44  hx711.o(.data)
    .data                                    0x20000034   Section        7  usart.o(.data)
    .data                                    0x2000003c   Section       32  iic.o(.data)
    .bss                                     0x2000005c   Section       20  hx711.o(.bss)
    .bss                                     0x20000070   Section      300  usart.o(.bss)
    .bss                                     0x2000019c   Section       96  libspace.o(.bss)
    HEAP                                     0x20000200   Section     1024  startup_gd32f1x0.o(HEAP)
    Heap_Mem                                 0x20000200   Data        1024  startup_gd32f1x0.o(HEAP)
    STACK                                    0x20000600   Section     1024  startup_gd32f1x0.o(STACK)
    Stack_Mem                                0x20000600   Data        1024  startup_gd32f1x0.o(STACK)
    __initial_sp                             0x20000a00   Data           0  startup_gd32f1x0.o(STACK)

    Global Symbols

    Symbol Name                              Value     Ov Type        Size  Object(Section)

    BuildAttributes$$THM_ISAv4$P$D$K$B$S$PE$A:L22UL41UL21$X:L11$S22US41US21$IEEE1$IW$USESV6$~STKCKD$USESV7$~SHL$OSPACE$ROPI$EBA8$UX$STANDARDLIB$REQ8$PRES8$EABIv2 0x00000000   Number         0  anon$$obj.o ABSOLUTE
    __ARM_use_no_argv                        0x00000000   Number         0  main.o ABSOLUTE
    __ARM_exceptions_init                     - Undefined Weak Reference
    __alloca_initialize                       - Undefined Weak Reference
    __arm_preinit_                            - Undefined Weak Reference
    __cpp_initialize__aeabi_                  - Undefined Weak Reference
    __cxa_finalize                            - Undefined Weak Reference
    __rt_locale                               - Undefined Weak Reference
    __sigvec_lookup                           - Undefined Weak Reference
    _atexit_init                              - Undefined Weak Reference
    _call_atexit_fns                          - Undefined Weak Reference
    _clock_init                               - Undefined Weak Reference
    _fp_trap_init                             - Undefined Weak Reference
    _fp_trap_shutdown                         - Undefined Weak Reference
    _get_lc_collate                           - Undefined Weak Reference
    _get_lc_ctype                             - Undefined Weak Reference
    _get_lc_monetary                          - Undefined Weak Reference
    _get_lc_numeric                           - Undefined Weak Reference
    _get_lc_time                              - Undefined Weak Reference
    _getenv_init                              - Undefined Weak Reference
    _handle_redirection                       - Undefined Weak Reference
    _init_alloc                               - Undefined Weak Reference
    _init_user_alloc                          - Undefined Weak Reference
    _initio                                   - Undefined Weak Reference
    _rand_init                                - Undefined Weak Reference
    _signal_finish                            - Undefined Weak Reference
    _signal_init                              - Undefined Weak Reference
    _terminate_alloc                          - Undefined Weak Reference
    _terminate_user_alloc                     - Undefined Weak Reference
    _terminateio                              - Undefined Weak Reference
    __Vectors_Size                           0x00000110   Number         0  startup_gd32f1x0.o ABSOLUTE
    __Vectors                                0x08000000   Data           4  startup_gd32f1x0.o(RESET)
    __Vectors_End                            0x08000110   Data           0  startup_gd32f1x0.o(RESET)
    __main                                   0x08000111   Thumb Code     8  __main.o(!!!main)
    __scatterload                            0x08000119   Thumb Code     0  __scatter.o(!!!scatter)
    __scatterload_rt2                        0x08000119   Thumb Code    44  __scatter.o(!!!scatter)
    __scatterload_rt2_thumb_only             0x08000119   Thumb Code     0  __scatter.o(!!!scatter)
    __scatterload_null                       0x08000127   Thumb Code     0  __scatter.o(!!!scatter)
    __scatterload_copy                       0x0800014d   Thumb Code    26  __scatter_copy.o(!!handler_copy)
    __scatterload_zeroinit                   0x08000169   Thumb Code    28  __scatter_zi.o(!!handler_zi)
    __rt_lib_init                            0x08000185   Thumb Code     0  libinit.o(.ARM.Collect$$libinit$$00000000)
    __rt_lib_init_alloca_1                   0x08000187   Thumb Code     0  libinit2.o(.ARM.Collect$$libinit$$0000002E)
    __rt_lib_init_argv_1                     0x08000187   Thumb Code     0  libinit2.o(.ARM.Collect$$libinit$$0000002C)
    __rt_lib_init_atexit_1                   0x08000187   Thumb Code     0  libinit2.o(.ARM.Collect$$libinit$$0000001B)
    __rt_lib_init_clock_1                    0x08000187   Thumb Code     0  libinit2.o(.ARM.Collect$$libinit$$00000021)
    __rt_lib_init_cpp_1                      0x08000187   Thumb Code     0  libinit2.o(.ARM.Collect$$libinit$$00000032)
    __rt_lib_init_exceptions_1               0x08000187   Thumb Code     0  libinit2.o(.ARM.Collect$$libinit$$00000030)
    __rt_lib_init_fp_1                       0x08000187   Thumb Code     0  libinit2.o(.ARM.Collect$$libinit$$00000002)
    __rt_lib_init_fp_trap_1                  0x08000187   Thumb Code     0  libinit2.o(.ARM.Collect$$libinit$$0000001F)
    __rt_lib_init_getenv_1                   0x08000187   Thumb Code     0  libinit2.o(.ARM.Collect$$libinit$$00000023)
    __rt_lib_init_heap_1                     0x08000187   Thumb Code     0  libinit2.o(.ARM.Collect$$libinit$$0000000A)
    __rt_lib_init_lc_collate_1               0x08000187   Thumb Code     0  libinit2.o(.ARM.Collect$$libinit$$00000011)
    __rt_lib_init_lc_ctype_1                 0x08000187   Thumb Code     0  libinit2.o(.ARM.Collect$$libinit$$00000013)
    __rt_lib_init_lc_monetary_1              0x08000187   Thumb Code     0  libinit2.o(.ARM.Collect$$libinit$$00000015)
    __rt_lib_init_lc_numeric_1               0x08000187   Thumb Code     0  libinit2.o(.ARM.Collect$$libinit$$00000017)
    __rt_lib_init_lc_time_1                  0x08000187   Thumb Code     0  libinit2.o(.ARM.Collect$$libinit$$00000019)
    __rt_lib_init_preinit_1                  0x08000187   Thumb Code     0  libinit2.o(.ARM.Collect$$libinit$$00000004)
    __rt_lib_init_rand_1                     0x08000187   Thumb Code     0  libinit2.o(.ARM.Collect$$libinit$$0000000E)
    __rt_lib_init_return                     0x08000187   Thumb Code     0  libinit2.o(.ARM.Collect$$libinit$$00000033)
    __rt_lib_init_signal_1                   0x08000187   Thumb Code     0  libinit2.o(.ARM.Collect$$libinit$$0000001D)
    __rt_lib_init_stdio_1                    0x08000187   Thumb Code     0  libinit2.o(.ARM.Collect$$libinit$$00000025)
    __rt_lib_init_user_alloc_1               0x08000187   Thumb Code     0  libinit2.o(.ARM.Collect$$libinit$$0000000C)
    __rt_lib_shutdown                        0x08000189   Thumb Code     0  libshutdown.o(.ARM.Collect$$libshutdown$$00000000)
    __rt_lib_shutdown_cpp_1                  0x0800018b   Thumb Code     0  libshutdown2.o(.ARM.Collect$$libshutdown$$00000002)
    __rt_lib_shutdown_fp_trap_1              0x0800018b   Thumb Code     0  libshutdown2.o(.ARM.Collect$$libshutdown$$00000007)
    __rt_lib_shutdown_heap_1                 0x0800018b   Thumb Code     0  libshutdown2.o(.ARM.Collect$$libshutdown$$0000000F)
    __rt_lib_shutdown_return                 0x0800018b   Thumb Code     0  libshutdown2.o(.ARM.Collect$$libshutdown$$00000010)
    __rt_lib_shutdown_signal_1               0x0800018b   Thumb Code     0  libshutdown2.o(.ARM.Collect$$libshutdown$$0000000A)
    __rt_lib_shutdown_stdio_1                0x0800018b   Thumb Code     0  libshutdown2.o(.ARM.Collect$$libshutdown$$00000004)
    __rt_lib_shutdown_user_alloc_1           0x0800018b   Thumb Code     0  libshutdown2.o(.ARM.Collect$$libshutdown$$0000000C)
    __rt_entry                               0x0800018d   Thumb Code     0  __rtentry.o(.ARM.Collect$$rtentry$$00000000)
    __rt_entry_presh_1                       0x0800018d   Thumb Code     0  __rtentry2.o(.ARM.Collect$$rtentry$$00000002)
    __rt_entry_sh                            0x0800018d   Thumb Code     0  __rtentry4.o(.ARM.Collect$$rtentry$$00000004)
    __rt_entry_li                            0x08000193   Thumb Code     0  __rtentry2.o(.ARM.Collect$$rtentry$$0000000A)
    __rt_entry_postsh_1                      0x08000193   Thumb Code     0  __rtentry2.o(.ARM.Collect$$rtentry$$00000009)
    __rt_entry_main                          0x08000197   Thumb Code     0  __rtentry2.o(.ARM.Collect$$rtentry$$0000000D)
    __rt_entry_postli_1                      0x08000197   Thumb Code     0  __rtentry2.o(.ARM.Collect$$rtentry$$0000000C)
    __rt_exit                                0x0800019f   Thumb Code     0  rtexit.o(.ARM.Collect$$rtexit$$00000000)
    __rt_exit_ls                             0x080001a1   Thumb Code     0  rtexit2.o(.ARM.Collect$$rtexit$$00000003)
    __rt_exit_prels_1                        0x080001a1   Thumb Code     0  rtexit2.o(.ARM.Collect$$rtexit$$00000002)
    __rt_exit_exit                           0x080001a5   Thumb Code     0  rtexit2.o(.ARM.Collect$$rtexit$$00000004)
    Reset_Handler                            0x080001ad   Thumb Code     8  startup_gd32f1x0.o(.text)
    ADC_CMP_IRQHandler                       0x080001c7   Thumb Code     0  startup_gd32f1x0.o(.text)
    CEC_IRQHandler                           0x080001c7   Thumb Code     0  startup_gd32f1x0.o(.text)
    DMA_Channel0_IRQHandler                  0x080001c7   Thumb Code     0  startup_gd32f1x0.o(.text)
    DMA_Channel1_2_IRQHandler                0x080001c7   Thumb Code     0  startup_gd32f1x0.o(.text)
    DMA_Channel3_4_IRQHandler                0x080001c7   Thumb Code     0  startup_gd32f1x0.o(.text)
    DMA_Channel5_6_IRQHandler                0x080001c7   Thumb Code     0  startup_gd32f1x0.o(.text)
    EXTI0_1_IRQHandler                       0x080001c7   Thumb Code     0  startup_gd32f1x0.o(.text)
    EXTI2_3_IRQHandler                       0x080001c7   Thumb Code     0  startup_gd32f1x0.o(.text)
    EXTI4_15_IRQHandler                      0x080001c7   Thumb Code     0  startup_gd32f1x0.o(.text)
    FMC_IRQHandler                           0x080001c7   Thumb Code     0  startup_gd32f1x0.o(.text)
    I2C0_ER_IRQHandler                       0x080001c7   Thumb Code     0  startup_gd32f1x0.o(.text)
    I2C0_EV_IRQHandler                       0x080001c7   Thumb Code     0  startup_gd32f1x0.o(.text)
    I2C1_ER_IRQHandler                       0x080001c7   Thumb Code     0  startup_gd32f1x0.o(.text)
    I2C1_EV_IRQHandler                       0x080001c7   Thumb Code     0  startup_gd32f1x0.o(.text)
    I2C2_ER_IRQHandler                       0x080001c7   Thumb Code     0  startup_gd32f1x0.o(.text)
    I2C2_EV_IRQHandler                       0x080001c7   Thumb Code     0  startup_gd32f1x0.o(.text)
    LVD_IRQHandler                           0x080001c7   Thumb Code     0  startup_gd32f1x0.o(.text)
    RCU_IRQHandler                           0x080001c7   Thumb Code     0  startup_gd32f1x0.o(.text)
    RTC_IRQHandler                           0x080001c7   Thumb Code     0  startup_gd32f1x0.o(.text)
    SPI0_IRQHandler                          0x080001c7   Thumb Code     0  startup_gd32f1x0.o(.text)
    SPI1_IRQHandler                          0x080001c7   Thumb Code     0  startup_gd32f1x0.o(.text)
    SPI2_IRQHandler                          0x080001c7   Thumb Code     0  startup_gd32f1x0.o(.text)
    TIMER0_BRK_UP_TRG_COM_IRQHandler         0x080001c7   Thumb Code     0  startup_gd32f1x0.o(.text)
    TIMER0_Channel_IRQHandler                0x080001c7   Thumb Code     0  startup_gd32f1x0.o(.text)
    TIMER13_IRQHandler                       0x080001c7   Thumb Code     0  startup_gd32f1x0.o(.text)
    TIMER14_IRQHandler                       0x080001c7   Thumb Code     0  startup_gd32f1x0.o(.text)
    TIMER15_IRQHandler                       0x080001c7   Thumb Code     0  startup_gd32f1x0.o(.text)
    TIMER16_IRQHandler                       0x080001c7   Thumb Code     0  startup_gd32f1x0.o(.text)
    TIMER1_IRQHandler                        0x080001c7   Thumb Code     0  startup_gd32f1x0.o(.text)
    TIMER5_DAC_IRQHandler                    0x080001c7   Thumb Code     0  startup_gd32f1x0.o(.text)
    TSI_IRQHandler                           0x080001c7   Thumb Code     0  startup_gd32f1x0.o(.text)
    USART0_IRQHandler                        0x080001c7   Thumb Code     0  startup_gd32f1x0.o(.text)
    USART1_IRQHandler                        0x080001c7   Thumb Code     0  startup_gd32f1x0.o(.text)
    USBDWakeUp_IRQHandler                    0x080001c7   Thumb Code     0  startup_gd32f1x0.o(.text)
    USBD_HP_IRQHandler                       0x080001c7   Thumb Code     0  startup_gd32f1x0.o(.text)
    USBD_LP_IRQHandler                       0x080001c7   Thumb Code     0  startup_gd32f1x0.o(.text)
    WWDGT_IRQHandler                         0x080001c7   Thumb Code     0  startup_gd32f1x0.o(.text)
    __user_initial_stackheap                 0x080001c9   Thumb Code    10  startup_gd32f1x0.o(.text)
    __use_two_region_memory                  0x080001ed   Thumb Code     2  heapauxi.o(.text)
    __rt_heap_escrow$2region                 0x080001ef   Thumb Code     2  heapauxi.o(.text)
    __rt_heap_expand$2region                 0x080001f1   Thumb Code     2  heapauxi.o(.text)
    __user_setup_stackheap                   0x080001f3   Thumb Code    74  sys_stackheap_outer.o(.text)
    exit                                     0x0800023d   Thumb Code    18  exit.o(.text)
    __user_libspace                          0x08000251   Thumb Code     8  libspace.o(.text)
    __user_perproc_libspace                  0x08000251   Thumb Code     0  libspace.o(.text)
    __user_perthread_libspace                0x08000251   Thumb Code     0  libspace.o(.text)
    _sys_exit                                0x08000259   Thumb Code     8  sys_exit.o(.text)
    __I$use$semihosting                      0x08000265   Thumb Code     0  use_no_semi.o(.text)
    __use_no_semihosting_swi                 0x08000265   Thumb Code     2  use_no_semi.o(.text)
    BusFault_Handler                         0x08000267   Thumb Code     4  gd32f1x0_it.o(i.BusFault_Handler)
    __semihosting_library_function           0x08000267   Thumb Code     0  indicate_semi.o(.text)
    CalculateCRC16                           0x0800026d   Thumb Code    64  usart.o(i.CalculateCRC16)
    Clear_Accum_Data                         0x080002b1   Thumb Code    58  iic.o(i.Clear_Accum_Data)
    DebugMon_Handler                         0x080002f5   Thumb Code     4  gd32f1x0_it.o(i.DebugMon_Handler)
    Delay_NOP                                0x080002f9   Thumb Code    10  main.o(i.Delay_NOP)
    EEP_Read_Flow                            0x08000305   Thumb Code    56  iic.o(i.EEP_Read_Flow)
    EEP_Write_Flow                           0x08000341   Thumb Code    62  iic.o(i.EEP_Write_Flow)
    HardFault_Handler                        0x08000385   Thumb Code     4  gd32f1x0_it.o(i.HardFault_Handler)
    Hx711_Data                               0x08000389   Thumb Code   170  hx711.o(i.Hx711_Data)
    Hx711_init                               0x08000433   Thumb Code    94  hx711.o(i.Hx711_init)
    IIC_Read_Int                             0x08000491   Thumb Code    64  iic.o(i.IIC_Read_Int)
    IIC_Write_Int                            0x080004d1   Thumb Code    62  iic.o(i.IIC_Write_Int)
    MODBUS_DEAL                              0x08000511   Thumb Code   214  usart.o(i.MODBUS_DEAL)
    MODBUS_RX                                0x08000601   Thumb Code   202  usart.o(i.MODBUS_RX)
    MemManage_Handler                        0x080006e1   Thumb Code     4  gd32f1x0_it.o(i.MemManage_Handler)
    NMI_Handler                              0x08000b61   Thumb Code     4  gd32f1x0_it.o(i.NMI_Handler)
    PendSV_Handler                           0x08000b8d   Thumb Code     4  gd32f1x0_it.o(i.PendSV_Handler)
    Read_EEPROM                              0x08000b91   Thumb Code    28  iic.o(i.Read_EEPROM)
    Read_Hx711                               0x08000bb5   Thumb Code   210  hx711.o(i.Read_Hx711)
    SVC_Handler                              0x08000ca5   Thumb Code     4  gd32f1x0_it.o(i.SVC_Handler)
    SysTick_Handler                          0x08000ca9   Thumb Code     8  gd32f1x0_it.o(i.SysTick_Handler)
    SystemInit                               0x08000cb1   Thumb Code   272  system_gd32f1x0.o(i.SystemInit)
    TIMER2_IRQHandler                        0x08000dd1   Thumb Code    22  main.o(i.TIMER2_IRQHandler)
    UART_Write                               0x08000ded   Thumb Code    44  usart.o(i.UART_Write)
    UsageFault_Handler                       0x08000e1d   Thumb Code     4  gd32f1x0_it.o(i.UsageFault_Handler)
    at24c02_page_write                       0x08000e3d   Thumb Code   234  iic.o(i.at24c02_page_write)
    at24c02_sequential_read                  0x08000f2d   Thumb Code   294  iic.o(i.at24c02_sequential_read)
    at24c02_sequential_write                 0x08001059   Thumb Code   124  iic.o(i.at24c02_sequential_write)
    delay_1ms                                0x080010d5   Thumb Code    16  systick.o(i.delay_1ms)
    delay_decrement                          0x080010e9   Thumb Code    18  systick.o(i.delay_decrement)
    delay_ms                                 0x08001101   Thumb Code    28  iic.o(i.delay_ms)
    gd_eval_com_init                         0x0800111d   Thumb Code   160  usart.o(i.gd_eval_com_init)
    gpio_af_set                              0x080011c1   Thumb Code    94  gd32f1x0_gpio.o(i.gpio_af_set)
    gpio_bit_reset                           0x0800121f   Thumb Code     4  gd32f1x0_gpio.o(i.gpio_bit_reset)
    gpio_bit_set                             0x08001223   Thumb Code     4  gd32f1x0_gpio.o(i.gpio_bit_set)
    gpio_input_bit_get                       0x08001227   Thumb Code    16  gd32f1x0_gpio.o(i.gpio_input_bit_get)
    gpio_mode_set                            0x08001237   Thumb Code    78  gd32f1x0_gpio.o(i.gpio_mode_set)
    gpio_output_options_set                  0x08001285   Thumb Code    66  gd32f1x0_gpio.o(i.gpio_output_options_set)
    i2c1_config                              0x080012c9   Thumb Code    42  iic.o(i.i2c1_config)
    i2c1_gpio_config                         0x080012fd   Thumb Code   148  iic.o(i.i2c1_gpio_config)
    i2c_ack_config                           0x08001391   Thumb Code    16  gd32f1x0_i2c.o(i.i2c_ack_config)
    i2c_clock_config                         0x080013a1   Thumb Code   216  gd32f1x0_i2c.o(i.i2c_clock_config)
    i2c_data_receive                         0x08001485   Thumb Code     8  gd32f1x0_i2c.o(i.i2c_data_receive)
    i2c_data_transmit                        0x0800148d   Thumb Code     6  gd32f1x0_i2c.o(i.i2c_data_transmit)
    i2c_enable                               0x08001493   Thumb Code    10  gd32f1x0_i2c.o(i.i2c_enable)
    i2c_flag_clear                           0x0800149d   Thumb Code    40  gd32f1x0_i2c.o(i.i2c_flag_clear)
    i2c_flag_get                             0x080014c5   Thumb Code    30  gd32f1x0_i2c.o(i.i2c_flag_get)
    i2c_master_addressing                    0x080014e3   Thumb Code    20  gd32f1x0_i2c.o(i.i2c_master_addressing)
    i2c_mode_addr_config                     0x080014f7   Thumb Code    28  gd32f1x0_i2c.o(i.i2c_mode_addr_config)
    i2c_start_on_bus                         0x08001513   Thumb Code    10  gd32f1x0_i2c.o(i.i2c_start_on_bus)
    i2c_stop_on_bus                          0x0800151d   Thumb Code    10  gd32f1x0_i2c.o(i.i2c_stop_on_bus)
    main                                     0x08001527   Thumb Code    46  main.o(i.main)
    nvic_irq_enable                          0x08001555   Thumb Code   162  gd32f1x0_misc.o(i.nvic_irq_enable)
    nvic_priority_group_set                  0x08001601   Thumb Code    10  gd32f1x0_misc.o(i.nvic_priority_group_set)
    nvic_vector_table_set                    0x08001615   Thumb Code    16  gd32f1x0_misc.o(i.nvic_vector_table_set)
    rcu_clock_freq_get                       0x0800162d   Thumb Code   646  gd32f1x0_rcu.o(i.rcu_clock_freq_get)
    rcu_periph_clock_enable                  0x080018d5   Thumb Code    28  gd32f1x0_rcu.o(i.rcu_periph_clock_enable)
    rcu_periph_reset_disable                 0x080018f5   Thumb Code    28  gd32f1x0_rcu.o(i.rcu_periph_reset_disable)
    rcu_periph_reset_enable                  0x08001915   Thumb Code    28  gd32f1x0_rcu.o(i.rcu_periph_reset_enable)
    systick_config                           0x080019e9   Thumb Code    74  systick.o(i.systick_config)
    timer2_init                              0x08001a39   Thumb Code    94  timer.o(i.timer2_init)
    timer_deinit                             0x08001a9d   Thumb Code   210  gd32f1x0_timer.o(i.timer_deinit)
    timer_enable                             0x08001b79   Thumb Code    10  gd32f1x0_timer.o(i.timer_enable)
    timer_init                               0x08001b85   Thumb Code   146  gd32f1x0_timer.o(i.timer_init)
    timer_interrupt_enable                   0x08001c31   Thumb Code     8  gd32f1x0_timer.o(i.timer_interrupt_enable)
    timer_interrupt_flag_clear               0x08001c39   Thumb Code     6  gd32f1x0_timer.o(i.timer_interrupt_flag_clear)
    timer_interrupt_flag_get                 0x08001c3f   Thumb Code    24  gd32f1x0_timer.o(i.timer_interrupt_flag_get)
    timer_struct_para_init                   0x08001c57   Thumb Code    22  gd32f1x0_timer.o(i.timer_struct_para_init)
    usart_baudrate_set                       0x08001c6d   Thumb Code   120  gd32f1x0_usart.o(i.usart_baudrate_set)
    usart_data_receive                       0x08001ce9   Thumb Code    10  gd32f1x0_usart.o(i.usart_data_receive)
    usart_data_transmit                      0x08001cf3   Thumb Code     8  gd32f1x0_usart.o(i.usart_data_transmit)
    usart_deinit                             0x08001cfd   Thumb Code    58  gd32f1x0_usart.o(i.usart_deinit)
    usart_enable                             0x08001d3d   Thumb Code    10  gd32f1x0_usart.o(i.usart_enable)
    usart_flag_clear                         0x08001d47   Thumb Code    36  gd32f1x0_usart.o(i.usart_flag_clear)
    usart_flag_get                           0x08001d6b   Thumb Code    30  gd32f1x0_usart.o(i.usart_flag_get)
    usart_hardware_flow_cts_config           0x08001d89   Thumb Code    24  gd32f1x0_usart.o(i.usart_hardware_flow_cts_config)
    usart_hardware_flow_rts_config           0x08001da1   Thumb Code    24  gd32f1x0_usart.o(i.usart_hardware_flow_rts_config)
    usart_parity_config                      0x08001db9   Thumb Code    24  gd32f1x0_usart.o(i.usart_parity_config)
    usart_receive_config                     0x08001dd1   Thumb Code    16  gd32f1x0_usart.o(i.usart_receive_config)
    usart_stop_bit_set                       0x08001de1   Thumb Code    24  gd32f1x0_usart.o(i.usart_stop_bit_set)
    usart_transmit_config                    0x08001df9   Thumb Code    16  gd32f1x0_usart.o(i.usart_transmit_config)
    usart_word_length_set                    0x08001e09   Thumb Code    24  gd32f1x0_usart.o(i.usart_word_length_set)
    wCRCTalbeAbs                             0x08001e20   Data          64  usart.o(.constdata)
    Region$$Table$$Base                      0x08001e60   Number         0  anon$$obj.o(Region$$Table)
    Region$$Table$$Limit                     0x08001e80   Number         0  anon$$obj.o(Region$$Table)
    SystemCoreClock                          0x20000004   Data           4  system_gd32f1x0.o(.data)
    HX711_Stable                             0x20000008   Data           1  hx711.o(.data)
    HX711_UnStable                           0x20000009   Data           1  hx711.o(.data)
    HX711_Count                              0x2000000a   Data           1  hx711.o(.data)
    Radi_Back                                0x2000000c   Data           8  hx711.o(.data)
    Param_Adj_Radi                           0x20000014   Data           8  hx711.o(.data)
    Param_Radi_1                             0x2000001c   Data           8  hx711.o(.data)
    Param_Radi_ALL_1                         0x20000024   Data           8  hx711.o(.data)
    Radi_ALL                                 0x2000002c   Data           8  hx711.o(.data)
    Slave_ADD                                0x20000034   Data           1  usart.o(.data)
    F_Data_Begin0                            0x20000035   Data           1  usart.o(.data)
    F_Data_Error0                            0x20000036   Data           1  usart.o(.data)
    Recv_Data_Len                            0x20000037   Data           1  usart.o(.data)
    Send_Data_Len                            0x20000038   Data           1  usart.o(.data)
    UART0_RX_NO                              0x20000039   Data           1  usart.o(.data)
    Uart_data_flag                           0x2000003a   Data           1  usart.o(.data)
    Param_Radi                               0x2000003c   Data           8  iic.o(.data)
    Saved_Time                               0x20000044   Data           4  iic.o(.data)
    Param_Radi_ALL                           0x20000048   Data           8  iic.o(.data)
    Saved_NO                                 0x20000050   Data           4  iic.o(.data)
    Param_Adj_Flow                           0x20000054   Data           8  iic.o(.data)
    Param_Adj_Dir                            0x2000005c   Data          20  hx711.o(.bss)
    rx_buffer0                               0x20000070   Data          64  usart.o(.bss)
    tx_buffer0                               0x200000b0   Data          86  usart.o(.bss)
    Recv_Buf0                                0x20000106   Data          64  usart.o(.bss)
    Send_Buf0                                0x20000146   Data          86  usart.o(.bss)
    __libspace_start                         0x2000019c   Data          96  libspace.o(.bss)
    __temporary_stack_top$libspace           0x200001fc   Data           0  libspace.o(.bss)



==============================================================================

Memory Map of the image

  Image Entry point : 0x08000111

  Load Region LR_IROM1 (Base: 0x08000000, Size: 0x00001edc, Max: 0x00010000, ABSOLUTE)

    Execution Region ER_IROM1 (Exec base: 0x08000000, Load base: 0x08000000, Size: 0x00001e80, Max: 0x00010000, ABSOLUTE)

    Exec Addr    Load Addr    Size         Type   Attr      Idx    E Section Name        Object

    0x08000000   0x08000000   0x00000110   Data   RO         4137    RESET               startup_gd32f1x0.o
    0x08000110   0x08000110   0x00000008   Code   RO         4146  * !!!main             c_w.l(__main.o)
    0x08000118   0x08000118   0x00000034   Code   RO         4303    !!!scatter          c_w.l(__scatter.o)
    0x0800014c   0x0800014c   0x0000001a   Code   RO         4305    !!handler_copy      c_w.l(__scatter_copy.o)
    0x08000166   0x08000166   0x00000002   PAD
    0x08000168   0x08000168   0x0000001c   Code   RO         4307    !!handler_zi        c_w.l(__scatter_zi.o)
    0x08000184   0x08000184   0x00000002   Code   RO         4173    .ARM.Collect$$libinit$$00000000  c_w.l(libinit.o)
    0x08000186   0x08000186   0x00000000   Code   RO         4180    .ARM.Collect$$libinit$$00000002  c_w.l(libinit2.o)
    0x08000186   0x08000186   0x00000000   Code   RO         4182    .ARM.Collect$$libinit$$00000004  c_w.l(libinit2.o)
    0x08000186   0x08000186   0x00000000   Code   RO         4185    .ARM.Collect$$libinit$$0000000A  c_w.l(libinit2.o)
    0x08000186   0x08000186   0x00000000   Code   RO         4187    .ARM.Collect$$libinit$$0000000C  c_w.l(libinit2.o)
    0x08000186   0x08000186   0x00000000   Code   RO         4189    .ARM.Collect$$libinit$$0000000E  c_w.l(libinit2.o)
    0x08000186   0x08000186   0x00000000   Code   RO         4192    .ARM.Collect$$libinit$$00000011  c_w.l(libinit2.o)
    0x08000186   0x08000186   0x00000000   Code   RO         4194    .ARM.Collect$$libinit$$00000013  c_w.l(libinit2.o)
    0x08000186   0x08000186   0x00000000   Code   RO         4196    .ARM.Collect$$libinit$$00000015  c_w.l(libinit2.o)
    0x08000186   0x08000186   0x00000000   Code   RO         4198    .ARM.Collect$$libinit$$00000017  c_w.l(libinit2.o)
    0x08000186   0x08000186   0x00000000   Code   RO         4200    .ARM.Collect$$libinit$$00000019  c_w.l(libinit2.o)
    0x08000186   0x08000186   0x00000000   Code   RO         4202    .ARM.Collect$$libinit$$0000001B  c_w.l(libinit2.o)
    0x08000186   0x08000186   0x00000000   Code   RO         4204    .ARM.Collect$$libinit$$0000001D  c_w.l(libinit2.o)
    0x08000186   0x08000186   0x00000000   Code   RO         4206    .ARM.Collect$$libinit$$0000001F  c_w.l(libinit2.o)
    0x08000186   0x08000186   0x00000000   Code   RO         4208    .ARM.Collect$$libinit$$00000021  c_w.l(libinit2.o)
    0x08000186   0x08000186   0x00000000   Code   RO         4210    .ARM.Collect$$libinit$$00000023  c_w.l(libinit2.o)
    0x08000186   0x08000186   0x00000000   Code   RO         4212    .ARM.Collect$$libinit$$00000025  c_w.l(libinit2.o)
    0x08000186   0x08000186   0x00000000   Code   RO         4216    .ARM.Collect$$libinit$$0000002C  c_w.l(libinit2.o)
    0x08000186   0x08000186   0x00000000   Code   RO         4218    .ARM.Collect$$libinit$$0000002E  c_w.l(libinit2.o)
    0x08000186   0x08000186   0x00000000   Code   RO         4220    .ARM.Collect$$libinit$$00000030  c_w.l(libinit2.o)
    0x08000186   0x08000186   0x00000000   Code   RO         4222    .ARM.Collect$$libinit$$00000032  c_w.l(libinit2.o)
    0x08000186   0x08000186   0x00000002   Code   RO         4223    .ARM.Collect$$libinit$$00000033  c_w.l(libinit2.o)
    0x08000188   0x08000188   0x00000002   Code   RO         4243    .ARM.Collect$$libshutdown$$00000000  c_w.l(libshutdown.o)
    0x0800018a   0x0800018a   0x00000000   Code   RO         4256    .ARM.Collect$$libshutdown$$00000002  c_w.l(libshutdown2.o)
    0x0800018a   0x0800018a   0x00000000   Code   RO         4258    .ARM.Collect$$libshutdown$$00000004  c_w.l(libshutdown2.o)
    0x0800018a   0x0800018a   0x00000000   Code   RO         4261    .ARM.Collect$$libshutdown$$00000007  c_w.l(libshutdown2.o)
    0x0800018a   0x0800018a   0x00000000   Code   RO         4264    .ARM.Collect$$libshutdown$$0000000A  c_w.l(libshutdown2.o)
    0x0800018a   0x0800018a   0x00000000   Code   RO         4266    .ARM.Collect$$libshutdown$$0000000C  c_w.l(libshutdown2.o)
    0x0800018a   0x0800018a   0x00000000   Code   RO         4269    .ARM.Collect$$libshutdown$$0000000F  c_w.l(libshutdown2.o)
    0x0800018a   0x0800018a   0x00000002   Code   RO         4270    .ARM.Collect$$libshutdown$$00000010  c_w.l(libshutdown2.o)
    0x0800018c   0x0800018c   0x00000000   Code   RO         4148    .ARM.Collect$$rtentry$$00000000  c_w.l(__rtentry.o)
    0x0800018c   0x0800018c   0x00000000   Code   RO         4150    .ARM.Collect$$rtentry$$00000002  c_w.l(__rtentry2.o)
    0x0800018c   0x0800018c   0x00000006   Code   RO         4162    .ARM.Collect$$rtentry$$00000004  c_w.l(__rtentry4.o)
    0x08000192   0x08000192   0x00000000   Code   RO         4152    .ARM.Collect$$rtentry$$00000009  c_w.l(__rtentry2.o)
    0x08000192   0x08000192   0x00000004   Code   RO         4153    .ARM.Collect$$rtentry$$0000000A  c_w.l(__rtentry2.o)
    0x08000196   0x08000196   0x00000000   Code   RO         4155    .ARM.Collect$$rtentry$$0000000C  c_w.l(__rtentry2.o)
    0x08000196   0x08000196   0x00000008   Code   RO         4156    .ARM.Collect$$rtentry$$0000000D  c_w.l(__rtentry2.o)
    0x0800019e   0x0800019e   0x00000002   Code   RO         4177    .ARM.Collect$$rtexit$$00000000  c_w.l(rtexit.o)
    0x080001a0   0x080001a0   0x00000000   Code   RO         4225    .ARM.Collect$$rtexit$$00000002  c_w.l(rtexit2.o)
    0x080001a0   0x080001a0   0x00000004   Code   RO         4226    .ARM.Collect$$rtexit$$00000003  c_w.l(rtexit2.o)
    0x080001a4   0x080001a4   0x00000006   Code   RO         4227    .ARM.Collect$$rtexit$$00000004  c_w.l(rtexit2.o)
    0x080001aa   0x080001aa   0x00000002   PAD
    0x080001ac   0x080001ac   0x00000040   Code   RO         4138    .text               startup_gd32f1x0.o
    0x080001ec   0x080001ec   0x00000006   Code   RO         4144    .text               c_w.l(heapauxi.o)
    0x080001f2   0x080001f2   0x0000004a   Code   RO         4164    .text               c_w.l(sys_stackheap_outer.o)
    0x0800023c   0x0800023c   0x00000012   Code   RO         4166    .text               c_w.l(exit.o)
    0x0800024e   0x0800024e   0x00000002   PAD
    0x08000250   0x08000250   0x00000008   Code   RO         4174    .text               c_w.l(libspace.o)
    0x08000258   0x08000258   0x0000000c   Code   RO         4235    .text               c_w.l(sys_exit.o)
    0x08000264   0x08000264   0x00000002   Code   RO         4246    .text               c_w.l(use_no_semi.o)
    0x08000266   0x08000266   0x00000000   Code   RO         4248    .text               c_w.l(indicate_semi.o)
    0x08000266   0x08000266   0x00000004   Code   RO         3646    i.BusFault_Handler  gd32f1x0_it.o
    0x0800026a   0x0800026a   0x00000002   PAD
    0x0800026c   0x0800026c   0x00000044   Code   RO         3878    i.CalculateCRC16    usart.o
    0x080002b0   0x080002b0   0x00000044   Code   RO         3983    i.Clear_Accum_Data  iic.o
    0x080002f4   0x080002f4   0x00000004   Code   RO         3647    i.DebugMon_Handler  gd32f1x0_it.o
    0x080002f8   0x080002f8   0x0000000a   Code   RO         3803    i.Delay_NOP         main.o
    0x08000302   0x08000302   0x00000002   PAD
    0x08000304   0x08000304   0x0000003c   Code   RO         3984    i.EEP_Read_Flow     iic.o
    0x08000340   0x08000340   0x00000044   Code   RO         3985    i.EEP_Write_Flow    iic.o
    0x08000384   0x08000384   0x00000004   Code   RO         3648    i.HardFault_Handler  gd32f1x0_it.o
    0x08000388   0x08000388   0x000000aa   Code   RO         3835    i.Hx711_Data        hx711.o
    0x08000432   0x08000432   0x0000005e   Code   RO         3836    i.Hx711_init        hx711.o
    0x08000490   0x08000490   0x00000040   Code   RO         3986    i.IIC_Read_Int      iic.o
    0x080004d0   0x080004d0   0x0000003e   Code   RO         3987    i.IIC_Write_Int     iic.o
    0x0800050e   0x0800050e   0x00000002   PAD
    0x08000510   0x08000510   0x000000f0   Code   RO         3880    i.MODBUS_DEAL       usart.o
    0x08000600   0x08000600   0x000000e0   Code   RO         3881    i.MODBUS_RX         usart.o
    0x080006e0   0x080006e0   0x00000004   Code   RO         3649    i.MemManage_Handler  gd32f1x0_it.o
    0x080006e4   0x080006e4   0x00000130   Code   RO         3882    i.Modbus_Function_16  usart.o
    0x08000814   0x08000814   0x00000298   Code   RO         3883    i.Modbus_Function_3  usart.o
    0x08000aac   0x08000aac   0x000000b4   Code   RO         3884    i.Modbus_Function_5  usart.o
    0x08000b60   0x08000b60   0x00000004   Code   RO         3650    i.NMI_Handler       gd32f1x0_it.o
    0x08000b64   0x08000b64   0x00000028   Code   RO         3600    i.NVIC_SetPriority  systick.o
    0x08000b8c   0x08000b8c   0x00000004   Code   RO         3651    i.PendSV_Handler    gd32f1x0_it.o
    0x08000b90   0x08000b90   0x00000024   Code   RO         3989    i.Read_EEPROM       iic.o
    0x08000bb4   0x08000bb4   0x000000f0   Code   RO         3837    i.Read_Hx711        hx711.o
    0x08000ca4   0x08000ca4   0x00000004   Code   RO         3652    i.SVC_Handler       gd32f1x0_it.o
    0x08000ca8   0x08000ca8   0x00000008   Code   RO         3653    i.SysTick_Handler   gd32f1x0_it.o
    0x08000cb0   0x08000cb0   0x00000120   Code   RO         3751    i.SystemInit        system_gd32f1x0.o
    0x08000dd0   0x08000dd0   0x0000001c   Code   RO         3804    i.TIMER2_IRQHandler  main.o
    0x08000dec   0x08000dec   0x00000030   Code   RO         3885    i.UART_Write        usart.o
    0x08000e1c   0x08000e1c   0x00000004   Code   RO         3654    i.UsageFault_Handler  gd32f1x0_it.o
    0x08000e20   0x08000e20   0x0000001c   Code   RO         3752    i._soft_delay_      system_gd32f1x0.o
    0x08000e3c   0x08000e3c   0x000000f0   Code   RO         3993    i.at24c02_page_write  iic.o
    0x08000f2c   0x08000f2c   0x0000012c   Code   RO         3994    i.at24c02_sequential_read  iic.o
    0x08001058   0x08001058   0x0000007c   Code   RO         3995    i.at24c02_sequential_write  iic.o
    0x080010d4   0x080010d4   0x00000014   Code   RO         3601    i.delay_1ms         systick.o
    0x080010e8   0x080010e8   0x00000018   Code   RO         3602    i.delay_decrement   systick.o
    0x08001100   0x08001100   0x0000001c   Code   RO         3996    i.delay_ms          iic.o
    0x0800111c   0x0800111c   0x000000a4   Code   RO         3888    i.gd_eval_com_init  usart.o
    0x080011c0   0x080011c0   0x0000005e   Code   RO         1307    i.gpio_af_set       gd32f1x0_gpio.o
    0x0800121e   0x0800121e   0x00000004   Code   RO         1308    i.gpio_bit_reset    gd32f1x0_gpio.o
    0x08001222   0x08001222   0x00000004   Code   RO         1309    i.gpio_bit_set      gd32f1x0_gpio.o
    0x08001226   0x08001226   0x00000010   Code   RO         1312    i.gpio_input_bit_get  gd32f1x0_gpio.o
    0x08001236   0x08001236   0x0000004e   Code   RO         1314    i.gpio_mode_set     gd32f1x0_gpio.o
    0x08001284   0x08001284   0x00000042   Code   RO         1316    i.gpio_output_options_set  gd32f1x0_gpio.o
    0x080012c6   0x080012c6   0x00000002   PAD
    0x080012c8   0x080012c8   0x00000034   Code   RO         3997    i.i2c1_config       iic.o
    0x080012fc   0x080012fc   0x00000094   Code   RO         3998    i.i2c1_gpio_config  iic.o
    0x08001390   0x08001390   0x00000010   Code   RO         1399    i.i2c_ack_config    gd32f1x0_i2c.o
    0x080013a0   0x080013a0   0x000000e4   Code   RO         1401    i.i2c_clock_config  gd32f1x0_i2c.o
    0x08001484   0x08001484   0x00000008   Code   RO         1402    i.i2c_data_receive  gd32f1x0_i2c.o
    0x0800148c   0x0800148c   0x00000006   Code   RO         1403    i.i2c_data_transmit  gd32f1x0_i2c.o
    0x08001492   0x08001492   0x0000000a   Code   RO         1410    i.i2c_enable        gd32f1x0_i2c.o
    0x0800149c   0x0800149c   0x00000028   Code   RO         1411    i.i2c_flag_clear    gd32f1x0_i2c.o
    0x080014c4   0x080014c4   0x0000001e   Code   RO         1412    i.i2c_flag_get      gd32f1x0_i2c.o
    0x080014e2   0x080014e2   0x00000014   Code   RO         1417    i.i2c_master_addressing  gd32f1x0_i2c.o
    0x080014f6   0x080014f6   0x0000001c   Code   RO         1418    i.i2c_mode_addr_config  gd32f1x0_i2c.o
    0x08001512   0x08001512   0x0000000a   Code   RO         1427    i.i2c_start_on_bus  gd32f1x0_i2c.o
    0x0800151c   0x0800151c   0x0000000a   Code   RO         1428    i.i2c_stop_on_bus   gd32f1x0_i2c.o
    0x08001526   0x08001526   0x0000002e   Code   RO         3805    i.main              main.o
    0x08001554   0x08001554   0x000000ac   Code   RO         1600    i.nvic_irq_enable   gd32f1x0_misc.o
    0x08001600   0x08001600   0x00000014   Code   RO         1601    i.nvic_priority_group_set  gd32f1x0_misc.o
    0x08001614   0x08001614   0x00000018   Code   RO         1602    i.nvic_vector_table_set  gd32f1x0_misc.o
    0x0800162c   0x0800162c   0x000002a8   Code   RO         1751    i.rcu_clock_freq_get  gd32f1x0_rcu.o
    0x080018d4   0x080018d4   0x00000020   Code   RO         1771    i.rcu_periph_clock_enable  gd32f1x0_rcu.o
    0x080018f4   0x080018f4   0x00000020   Code   RO         1774    i.rcu_periph_reset_disable  gd32f1x0_rcu.o
    0x08001914   0x08001914   0x00000020   Code   RO         1775    i.rcu_periph_reset_enable  gd32f1x0_rcu.o
    0x08001934   0x08001934   0x000000ac   Code   RO         3754    i.system_clock_48m_hxtal  system_gd32f1x0.o
    0x080019e0   0x080019e0   0x00000008   Code   RO         3755    i.system_clock_config  system_gd32f1x0.o
    0x080019e8   0x080019e8   0x00000050   Code   RO         3603    i.systick_config    systick.o
    0x08001a38   0x08001a38   0x00000064   Code   RO         4101    i.timer2_init       timer.o
    0x08001a9c   0x08001a9c   0x000000dc   Code   RO         2508    i.timer_deinit      gd32f1x0_timer.o
    0x08001b78   0x08001b78   0x0000000a   Code   RO         2513    i.timer_enable      gd32f1x0_timer.o
    0x08001b82   0x08001b82   0x00000002   PAD
    0x08001b84   0x08001b84   0x000000ac   Code   RO         2523    i.timer_init        gd32f1x0_timer.o
    0x08001c30   0x08001c30   0x00000008   Code   RO         2530    i.timer_interrupt_enable  gd32f1x0_timer.o
    0x08001c38   0x08001c38   0x00000006   Code   RO         2531    i.timer_interrupt_flag_clear  gd32f1x0_timer.o
    0x08001c3e   0x08001c3e   0x00000018   Code   RO         2532    i.timer_interrupt_flag_get  gd32f1x0_timer.o
    0x08001c56   0x08001c56   0x00000016   Code   RO         2543    i.timer_struct_para_init  gd32f1x0_timer.o
    0x08001c6c   0x08001c6c   0x0000007c   Code   RO         3142    i.usart_baudrate_set  gd32f1x0_usart.o
    0x08001ce8   0x08001ce8   0x0000000a   Code   RO         3148    i.usart_data_receive  gd32f1x0_usart.o
    0x08001cf2   0x08001cf2   0x00000008   Code   RO         3149    i.usart_data_transmit  gd32f1x0_usart.o
    0x08001cfa   0x08001cfa   0x00000002   PAD
    0x08001cfc   0x08001cfc   0x00000040   Code   RO         3150    i.usart_deinit      gd32f1x0_usart.o
    0x08001d3c   0x08001d3c   0x0000000a   Code   RO         3157    i.usart_enable      gd32f1x0_usart.o
    0x08001d46   0x08001d46   0x00000024   Code   RO         3158    i.usart_flag_clear  gd32f1x0_usart.o
    0x08001d6a   0x08001d6a   0x0000001e   Code   RO         3159    i.usart_flag_get    gd32f1x0_usart.o
    0x08001d88   0x08001d88   0x00000018   Code   RO         3163    i.usart_hardware_flow_cts_config  gd32f1x0_usart.o
    0x08001da0   0x08001da0   0x00000018   Code   RO         3164    i.usart_hardware_flow_rts_config  gd32f1x0_usart.o
    0x08001db8   0x08001db8   0x00000018   Code   RO         3182    i.usart_parity_config  gd32f1x0_usart.o
    0x08001dd0   0x08001dd0   0x00000010   Code   RO         3184    i.usart_receive_config  gd32f1x0_usart.o
    0x08001de0   0x08001de0   0x00000018   Code   RO         3198    i.usart_stop_bit_set  gd32f1x0_usart.o
    0x08001df8   0x08001df8   0x00000010   Code   RO         3200    i.usart_transmit_config  gd32f1x0_usart.o
    0x08001e08   0x08001e08   0x00000018   Code   RO         3204    i.usart_word_length_set  gd32f1x0_usart.o
    0x08001e20   0x08001e20   0x00000040   Data   RO         3890    .constdata          usart.o
    0x08001e60   0x08001e60   0x00000020   Data   RO         4301    Region$$Table       anon$$obj.o


    Execution Region RW_IRAM1 (Exec base: 0x20000000, Load base: 0x08001e80, Size: 0x00000a00, Max: 0x00002000, ABSOLUTE)

    Exec Addr    Load Addr    Size         Type   Attr      Idx    E Section Name        Object

    0x20000000   0x08001e80   0x00000004   Data   RW         3604    .data               systick.o
    0x20000004   0x08001e84   0x00000004   Data   RW         3756    .data               system_gd32f1x0.o
    0x20000008   0x08001e88   0x0000002c   Data   RW         3839    .data               hx711.o
    0x20000034   0x08001eb4   0x00000007   Data   RW         3891    .data               usart.o
    0x2000003b   0x08001ebb   0x00000001   PAD
    0x2000003c   0x08001ebc   0x00000020   Data   RW         3999    .data               iic.o
    0x2000005c        -       0x00000014   Zero   RW         3838    .bss                hx711.o
    0x20000070        -       0x0000012c   Zero   RW         3889    .bss                usart.o
    0x2000019c        -       0x00000060   Zero   RW         4175    .bss                c_w.l(libspace.o)
    0x200001fc   0x08001edc   0x00000004   PAD
    0x20000200        -       0x00000400   Zero   RW         4136    HEAP                startup_gd32f1x0.o
    0x20000600        -       0x00000400   Zero   RW         4135    STACK               startup_gd32f1x0.o


==============================================================================

Image component sizes


      Code (inc. data)   RO Data    RW Data    ZI Data      Debug   Object Name

         0          0          0          0          0      51660   gd32f1x0_adc.o
       262          0          0          0          0       4137   gd32f1x0_gpio.o
       406         12          0          0          0       7004   gd32f1x0_i2c.o
        40          0          0          0          0       4330   gd32f1x0_it.o
       216         28          0          0          0       1988   gd32f1x0_misc.o
       776         54          0          0          0       3712   gd32f1x0_rcu.o
       462         36          0          0          0       4889   gd32f1x0_timer.o
       434         10          0          0          0       8658   gd32f1x0_usart.o
       504         30          0         44         20       2663   hx711.o
      1250         50          0         32          0       8550   iic.o
        84          6          0          0          0       1323   main.o
        64         26        272          0       2048        888   startup_gd32f1x0.o
       496         26          0          4          0       3611   system_gd32f1x0.o
       164         24          0          4          0      26174   systick.o
       100          6          0          0          0        482   timer.o
      1892        132         64          7        300       6809   usart.o

    ----------------------------------------------------------------------
      7162        440        368         92       2368     136878   Object Totals
         0          0         32          0          0          0   (incl. Generated)
        12          0          0          1          0          0   (incl. Padding)

    ----------------------------------------------------------------------

      Code (inc. data)   RO Data    RW Data    ZI Data      Debug   Library Member Name

         8          0          0          0          0         68   __main.o
         0          0          0          0          0          0   __rtentry.o
        12          0          0          0          0          0   __rtentry2.o
         6          0          0          0          0          0   __rtentry4.o
        52          8          0          0          0          0   __scatter.o
        26          0          0          0          0          0   __scatter_copy.o
        28          0          0          0          0          0   __scatter_zi.o
        18          0          0          0          0         80   exit.o
         6          0          0          0          0        152   heapauxi.o
         0          0          0          0          0          0   indicate_semi.o
         2          0          0          0          0          0   libinit.o
         2          0          0          0          0          0   libinit2.o
         2          0          0          0          0          0   libshutdown.o
         2          0          0          0          0          0   libshutdown2.o
         8          4          0          0         96         68   libspace.o
         2          0          0          0          0          0   rtexit.o
        10          0          0          0          0          0   rtexit2.o
        12          4          0          0          0         68   sys_exit.o
        74          0          0          0          0         80   sys_stackheap_outer.o
         2          0          0          0          0         68   use_no_semi.o

    ----------------------------------------------------------------------
       278         16          0          0        100        584   Library Totals
         6          0          0          0          4          0   (incl. Padding)

    ----------------------------------------------------------------------

      Code (inc. data)   RO Data    RW Data    ZI Data      Debug   Library Name

       272         16          0          0         96        584   c_w.l

    ----------------------------------------------------------------------
       278         16          0          0        100        584   Library Totals

    ----------------------------------------------------------------------

==============================================================================


      Code (inc. data)   RO Data    RW Data    ZI Data      Debug   

      7440        456        368         92       2468     132882   Grand Totals
      7440        456        368         92       2468     132882   ELF Image Totals
      7440        456        368         92          0          0   ROM Totals

==============================================================================

    Total RO  Size (Code + RO Data)                 7808 (   7.63kB)
    Total RW  Size (RW Data + ZI Data)              2560 (   2.50kB)
    Total ROM Size (Code + RO Data + RW Data)       7900 (   7.71kB)

==============================================================================

