<!doctype html public "-//w3c//dtd html 4.0 transitional//en">
<html><head>
<title>Static Call Graph - [.\Objects\test.axf]</title></head>
<body><HR>
<H1>Static Call Graph for image .\Objects\test.axf</H1><HR>
<BR><P>#&#060CALLGRAPH&#062# ARM Linker, 5060750: Last Updated: Tue Sep 22 14:34:04 2026
<BR><P>
<H3>Maximum Stack Usage =        296 bytes + Unknown(Cycles, Untraceable Function Pointers)</H3><H3>
Call chain for Maximum Stack Depth:</H3>
TIMER2_IRQHandler &rArr; ymodem_recv &rArr; begin_transfer &rArr; boot_metadata_read &rArr; legacy_to_metadata &rArr; boot_image_is_valid &rArr; boot_image_crc32
<P>
<H3>
Mutually Recursive functions
</H3> <LI><a href="#[1a]">ADC_CMP_IRQHandler</a>&nbsp;&nbsp;&nbsp;&rArr;&nbsp;&nbsp;&nbsp;<a href="#[1a]">ADC_CMP_IRQHandler</a><BR>
</UL>
<P>
<H3>
Function Pointers
</H3><UL>
 <LI><a href="#[1a]">ADC_CMP_IRQHandler</a> from startup_gd32f1x0.o(.text) referenced from startup_gd32f1x0.o(RESET)
 <LI><a href="#[8]">BusFault_Handler</a> from gd32f1x0_it.o(i.BusFault_Handler) referenced from startup_gd32f1x0.o(RESET)
 <LI><a href="#[2a]">CEC_IRQHandler</a> from startup_gd32f1x0.o(.text) referenced from startup_gd32f1x0.o(RESET)
 <LI><a href="#[17]">DMA_Channel0_IRQHandler</a> from startup_gd32f1x0.o(.text) referenced from startup_gd32f1x0.o(RESET)
 <LI><a href="#[18]">DMA_Channel1_2_IRQHandler</a> from startup_gd32f1x0.o(.text) referenced from startup_gd32f1x0.o(RESET)
 <LI><a href="#[19]">DMA_Channel3_4_IRQHandler</a> from startup_gd32f1x0.o(.text) referenced from startup_gd32f1x0.o(RESET)
 <LI><a href="#[32]">DMA_Channel5_6_IRQHandler</a> from startup_gd32f1x0.o(.text) referenced from startup_gd32f1x0.o(RESET)
 <LI><a href="#[b]">DebugMon_Handler</a> from gd32f1x0_it.o(i.DebugMon_Handler) referenced from startup_gd32f1x0.o(RESET)
 <LI><a href="#[13]">EXTI0_1_IRQHandler</a> from startup_gd32f1x0.o(.text) referenced from startup_gd32f1x0.o(RESET)
 <LI><a href="#[14]">EXTI2_3_IRQHandler</a> from startup_gd32f1x0.o(.text) referenced from startup_gd32f1x0.o(RESET)
 <LI><a href="#[15]">EXTI4_15_IRQHandler</a> from startup_gd32f1x0.o(.text) referenced from startup_gd32f1x0.o(RESET)
 <LI><a href="#[11]">FMC_IRQHandler</a> from startup_gd32f1x0.o(.text) referenced from startup_gd32f1x0.o(RESET)
 <LI><a href="#[6]">HardFault_Handler</a> from gd32f1x0_it.o(i.HardFault_Handler) referenced from startup_gd32f1x0.o(RESET)
 <LI><a href="#[2b]">I2C0_ER_IRQHandler</a> from startup_gd32f1x0.o(.text) referenced from startup_gd32f1x0.o(RESET)
 <LI><a href="#[24]">I2C0_EV_IRQHandler</a> from startup_gd32f1x0.o(.text) referenced from startup_gd32f1x0.o(RESET)
 <LI><a href="#[2c]">I2C1_ER_IRQHandler</a> from startup_gd32f1x0.o(.text) referenced from startup_gd32f1x0.o(RESET)
 <LI><a href="#[25]">I2C1_EV_IRQHandler</a> from startup_gd32f1x0.o(.text) referenced from startup_gd32f1x0.o(RESET)
 <LI><a href="#[2e]">I2C2_ER_IRQHandler</a> from startup_gd32f1x0.o(.text) referenced from startup_gd32f1x0.o(RESET)
 <LI><a href="#[2d]">I2C2_EV_IRQHandler</a> from startup_gd32f1x0.o(.text) referenced from startup_gd32f1x0.o(RESET)
 <LI><a href="#[f]">LVD_IRQHandler</a> from startup_gd32f1x0.o(.text) referenced from startup_gd32f1x0.o(RESET)
 <LI><a href="#[7]">MemManage_Handler</a> from gd32f1x0_it.o(i.MemManage_Handler) referenced from startup_gd32f1x0.o(RESET)
 <LI><a href="#[5]">NMI_Handler</a> from gd32f1x0_it.o(i.NMI_Handler) referenced from startup_gd32f1x0.o(RESET)
 <LI><a href="#[c]">PendSV_Handler</a> from gd32f1x0_it.o(i.PendSV_Handler) referenced from startup_gd32f1x0.o(RESET)
 <LI><a href="#[12]">RCU_IRQHandler</a> from startup_gd32f1x0.o(.text) referenced from startup_gd32f1x0.o(RESET)
 <LI><a href="#[10]">RTC_IRQHandler</a> from startup_gd32f1x0.o(.text) referenced from startup_gd32f1x0.o(RESET)
 <LI><a href="#[4]">Reset_Handler</a> from startup_gd32f1x0.o(.text) referenced from startup_gd32f1x0.o(RESET)
 <LI><a href="#[26]">SPI0_IRQHandler</a> from startup_gd32f1x0.o(.text) referenced from startup_gd32f1x0.o(RESET)
 <LI><a href="#[27]">SPI1_IRQHandler</a> from startup_gd32f1x0.o(.text) referenced from startup_gd32f1x0.o(RESET)
 <LI><a href="#[33]">SPI2_IRQHandler</a> from startup_gd32f1x0.o(.text) referenced from startup_gd32f1x0.o(RESET)
 <LI><a href="#[a]">SVC_Handler</a> from gd32f1x0_it.o(i.SVC_Handler) referenced from startup_gd32f1x0.o(RESET)
 <LI><a href="#[d]">SysTick_Handler</a> from gd32f1x0_it.o(i.SysTick_Handler) referenced from startup_gd32f1x0.o(RESET)
 <LI><a href="#[34]">SystemInit</a> from system_gd32f1x0.o(i.SystemInit) referenced from startup_gd32f1x0.o(.text)
 <LI><a href="#[1b]">TIMER0_BRK_UP_TRG_COM_IRQHandler</a> from startup_gd32f1x0.o(.text) referenced from startup_gd32f1x0.o(RESET)
 <LI><a href="#[1c]">TIMER0_Channel_IRQHandler</a> from startup_gd32f1x0.o(.text) referenced from startup_gd32f1x0.o(RESET)
 <LI><a href="#[20]">TIMER13_IRQHandler</a> from startup_gd32f1x0.o(.text) referenced from startup_gd32f1x0.o(RESET)
 <LI><a href="#[21]">TIMER14_IRQHandler</a> from startup_gd32f1x0.o(.text) referenced from startup_gd32f1x0.o(RESET)
 <LI><a href="#[22]">TIMER15_IRQHandler</a> from startup_gd32f1x0.o(.text) referenced from startup_gd32f1x0.o(RESET)
 <LI><a href="#[23]">TIMER16_IRQHandler</a> from startup_gd32f1x0.o(.text) referenced from startup_gd32f1x0.o(RESET)
 <LI><a href="#[1d]">TIMER1_IRQHandler</a> from startup_gd32f1x0.o(.text) referenced from startup_gd32f1x0.o(RESET)
 <LI><a href="#[1e]">TIMER2_IRQHandler</a> from ymodem.o(i.TIMER2_IRQHandler) referenced from startup_gd32f1x0.o(RESET)
 <LI><a href="#[1f]">TIMER5_DAC_IRQHandler</a> from startup_gd32f1x0.o(.text) referenced from startup_gd32f1x0.o(RESET)
 <LI><a href="#[16]">TSI_IRQHandler</a> from startup_gd32f1x0.o(.text) referenced from startup_gd32f1x0.o(RESET)
 <LI><a href="#[28]">USART0_IRQHandler</a> from ymodem.o(i.USART0_IRQHandler) referenced from startup_gd32f1x0.o(RESET)
 <LI><a href="#[29]">USART1_IRQHandler</a> from startup_gd32f1x0.o(.text) referenced from startup_gd32f1x0.o(RESET)
 <LI><a href="#[31]">USBDWakeUp_IRQHandler</a> from startup_gd32f1x0.o(.text) referenced from startup_gd32f1x0.o(RESET)
 <LI><a href="#[30]">USBD_HP_IRQHandler</a> from startup_gd32f1x0.o(.text) referenced from startup_gd32f1x0.o(RESET)
 <LI><a href="#[2f]">USBD_LP_IRQHandler</a> from startup_gd32f1x0.o(.text) referenced from startup_gd32f1x0.o(RESET)
 <LI><a href="#[9]">UsageFault_Handler</a> from gd32f1x0_it.o(i.UsageFault_Handler) referenced from startup_gd32f1x0.o(RESET)
 <LI><a href="#[e]">WWDGT_IRQHandler</a> from startup_gd32f1x0.o(.text) referenced from startup_gd32f1x0.o(RESET)
 <LI><a href="#[36]">__main</a> from __main.o(!!!main) referenced from startup_gd32f1x0.o(.text)
</UL>
<P>
<H3>
Global Symbols
</H3>
<P><STRONG><a name="[36]"></a>__main</STRONG> (Thumb, 8 bytes, Stack size 0 bytes, __main.o(!!!main))
<BR><BR>[Calls]<UL><LI><a href="#[38]">&gt;&gt;</a>&nbsp;&nbsp;&nbsp;__rt_entry
<LI><a href="#[37]">&gt;&gt;</a>&nbsp;&nbsp;&nbsp;__scatterload
</UL>

<P><STRONG><a name="[37]"></a>__scatterload</STRONG> (Thumb, 0 bytes, Stack size unknown bytes, __scatter.o(!!!scatter))
<BR><BR>[Called By]<UL><LI><a href="#[36]">&gt;&gt;</a>&nbsp;&nbsp;&nbsp;__main
</UL>

<P><STRONG><a name="[39]"></a>__scatterload_rt2</STRONG> (Thumb, 44 bytes, Stack size unknown bytes, __scatter.o(!!!scatter), UNUSED)
<BR><BR>[Calls]<UL><LI><a href="#[38]">&gt;&gt;</a>&nbsp;&nbsp;&nbsp;__rt_entry
</UL>

<P><STRONG><a name="[b5]"></a>__scatterload_rt2_thumb_only</STRONG> (Thumb, 0 bytes, Stack size unknown bytes, __scatter.o(!!!scatter), UNUSED)

<P><STRONG><a name="[b6]"></a>__scatterload_null</STRONG> (Thumb, 0 bytes, Stack size unknown bytes, __scatter.o(!!!scatter), UNUSED)

<P><STRONG><a name="[3a]"></a>__scatterload_copy</STRONG> (Thumb, 26 bytes, Stack size unknown bytes, __scatter_copy.o(!!handler_copy), UNUSED)
<BR><BR>[Calls]<UL><LI><a href="#[3a]">&gt;&gt;</a>&nbsp;&nbsp;&nbsp;__scatterload_copy
</UL>
<BR>[Called By]<UL><LI><a href="#[3a]">&gt;&gt;</a>&nbsp;&nbsp;&nbsp;__scatterload_copy
</UL>

<P><STRONG><a name="[b7]"></a>__scatterload_zeroinit</STRONG> (Thumb, 28 bytes, Stack size unknown bytes, __scatter_zi.o(!!handler_zi), UNUSED)

<P><STRONG><a name="[3e]"></a>__rt_lib_init</STRONG> (Thumb, 0 bytes, Stack size unknown bytes, libinit.o(.ARM.Collect$$libinit$$00000000))
<BR><BR>[Called By]<UL><LI><a href="#[3d]">&gt;&gt;</a>&nbsp;&nbsp;&nbsp;__rt_entry_li
</UL>

<P><STRONG><a name="[b8]"></a>__rt_lib_init_alloca_1</STRONG> (Thumb, 0 bytes, Stack size unknown bytes, libinit2.o(.ARM.Collect$$libinit$$0000002E))

<P><STRONG><a name="[b9]"></a>__rt_lib_init_argv_1</STRONG> (Thumb, 0 bytes, Stack size unknown bytes, libinit2.o(.ARM.Collect$$libinit$$0000002C))

<P><STRONG><a name="[ba]"></a>__rt_lib_init_atexit_1</STRONG> (Thumb, 0 bytes, Stack size unknown bytes, libinit2.o(.ARM.Collect$$libinit$$0000001B))

<P><STRONG><a name="[bb]"></a>__rt_lib_init_clock_1</STRONG> (Thumb, 0 bytes, Stack size unknown bytes, libinit2.o(.ARM.Collect$$libinit$$00000021))

<P><STRONG><a name="[bc]"></a>__rt_lib_init_cpp_1</STRONG> (Thumb, 0 bytes, Stack size unknown bytes, libinit2.o(.ARM.Collect$$libinit$$00000032))

<P><STRONG><a name="[bd]"></a>__rt_lib_init_exceptions_1</STRONG> (Thumb, 0 bytes, Stack size unknown bytes, libinit2.o(.ARM.Collect$$libinit$$00000030))

<P><STRONG><a name="[be]"></a>__rt_lib_init_fp_1</STRONG> (Thumb, 0 bytes, Stack size unknown bytes, libinit2.o(.ARM.Collect$$libinit$$00000002))

<P><STRONG><a name="[bf]"></a>__rt_lib_init_fp_trap_1</STRONG> (Thumb, 0 bytes, Stack size unknown bytes, libinit2.o(.ARM.Collect$$libinit$$0000001F))

<P><STRONG><a name="[c0]"></a>__rt_lib_init_getenv_1</STRONG> (Thumb, 0 bytes, Stack size unknown bytes, libinit2.o(.ARM.Collect$$libinit$$00000023))

<P><STRONG><a name="[c1]"></a>__rt_lib_init_heap_1</STRONG> (Thumb, 0 bytes, Stack size unknown bytes, libinit2.o(.ARM.Collect$$libinit$$0000000A))

<P><STRONG><a name="[c2]"></a>__rt_lib_init_lc_collate_1</STRONG> (Thumb, 0 bytes, Stack size unknown bytes, libinit2.o(.ARM.Collect$$libinit$$00000011))

<P><STRONG><a name="[c3]"></a>__rt_lib_init_lc_ctype_1</STRONG> (Thumb, 0 bytes, Stack size unknown bytes, libinit2.o(.ARM.Collect$$libinit$$00000013))

<P><STRONG><a name="[c4]"></a>__rt_lib_init_lc_monetary_1</STRONG> (Thumb, 0 bytes, Stack size unknown bytes, libinit2.o(.ARM.Collect$$libinit$$00000015))

<P><STRONG><a name="[c5]"></a>__rt_lib_init_lc_numeric_1</STRONG> (Thumb, 0 bytes, Stack size unknown bytes, libinit2.o(.ARM.Collect$$libinit$$00000017))

<P><STRONG><a name="[c6]"></a>__rt_lib_init_lc_time_1</STRONG> (Thumb, 0 bytes, Stack size unknown bytes, libinit2.o(.ARM.Collect$$libinit$$00000019))

<P><STRONG><a name="[c7]"></a>__rt_lib_init_preinit_1</STRONG> (Thumb, 0 bytes, Stack size unknown bytes, libinit2.o(.ARM.Collect$$libinit$$00000004))

<P><STRONG><a name="[c8]"></a>__rt_lib_init_rand_1</STRONG> (Thumb, 0 bytes, Stack size unknown bytes, libinit2.o(.ARM.Collect$$libinit$$0000000E))

<P><STRONG><a name="[c9]"></a>__rt_lib_init_return</STRONG> (Thumb, 0 bytes, Stack size unknown bytes, libinit2.o(.ARM.Collect$$libinit$$00000033))

<P><STRONG><a name="[ca]"></a>__rt_lib_init_signal_1</STRONG> (Thumb, 0 bytes, Stack size unknown bytes, libinit2.o(.ARM.Collect$$libinit$$0000001D))

<P><STRONG><a name="[cb]"></a>__rt_lib_init_stdio_1</STRONG> (Thumb, 0 bytes, Stack size unknown bytes, libinit2.o(.ARM.Collect$$libinit$$00000025))

<P><STRONG><a name="[cc]"></a>__rt_lib_init_user_alloc_1</STRONG> (Thumb, 0 bytes, Stack size unknown bytes, libinit2.o(.ARM.Collect$$libinit$$0000000C))

<P><STRONG><a name="[43]"></a>__rt_lib_shutdown</STRONG> (Thumb, 0 bytes, Stack size unknown bytes, libshutdown.o(.ARM.Collect$$libshutdown$$00000000))
<BR><BR>[Called By]<UL><LI><a href="#[42]">&gt;&gt;</a>&nbsp;&nbsp;&nbsp;__rt_exit_ls
</UL>

<P><STRONG><a name="[cd]"></a>__rt_lib_shutdown_cpp_1</STRONG> (Thumb, 0 bytes, Stack size unknown bytes, libshutdown2.o(.ARM.Collect$$libshutdown$$00000002))

<P><STRONG><a name="[ce]"></a>__rt_lib_shutdown_fp_trap_1</STRONG> (Thumb, 0 bytes, Stack size unknown bytes, libshutdown2.o(.ARM.Collect$$libshutdown$$00000007))

<P><STRONG><a name="[cf]"></a>__rt_lib_shutdown_heap_1</STRONG> (Thumb, 0 bytes, Stack size unknown bytes, libshutdown2.o(.ARM.Collect$$libshutdown$$0000000F))

<P><STRONG><a name="[d0]"></a>__rt_lib_shutdown_return</STRONG> (Thumb, 0 bytes, Stack size unknown bytes, libshutdown2.o(.ARM.Collect$$libshutdown$$00000010))

<P><STRONG><a name="[d1]"></a>__rt_lib_shutdown_signal_1</STRONG> (Thumb, 0 bytes, Stack size unknown bytes, libshutdown2.o(.ARM.Collect$$libshutdown$$0000000A))

<P><STRONG><a name="[d2]"></a>__rt_lib_shutdown_stdio_1</STRONG> (Thumb, 0 bytes, Stack size unknown bytes, libshutdown2.o(.ARM.Collect$$libshutdown$$00000004))

<P><STRONG><a name="[d3]"></a>__rt_lib_shutdown_user_alloc_1</STRONG> (Thumb, 0 bytes, Stack size unknown bytes, libshutdown2.o(.ARM.Collect$$libshutdown$$0000000C))

<P><STRONG><a name="[38]"></a>__rt_entry</STRONG> (Thumb, 0 bytes, Stack size unknown bytes, __rtentry.o(.ARM.Collect$$rtentry$$00000000))
<BR><BR>[Called By]<UL><LI><a href="#[36]">&gt;&gt;</a>&nbsp;&nbsp;&nbsp;__main
<LI><a href="#[39]">&gt;&gt;</a>&nbsp;&nbsp;&nbsp;__scatterload_rt2
</UL>

<P><STRONG><a name="[d4]"></a>__rt_entry_presh_1</STRONG> (Thumb, 0 bytes, Stack size unknown bytes, __rtentry2.o(.ARM.Collect$$rtentry$$00000002))

<P><STRONG><a name="[3b]"></a>__rt_entry_sh</STRONG> (Thumb, 0 bytes, Stack size unknown bytes, __rtentry4.o(.ARM.Collect$$rtentry$$00000004))
<BR><BR>[Stack]<UL><LI>Max Depth = 8 + Unknown Stack Size
<LI>Call Chain = __rt_entry_sh &rArr; __user_setup_stackheap
</UL>
<BR>[Calls]<UL><LI><a href="#[3c]">&gt;&gt;</a>&nbsp;&nbsp;&nbsp;__user_setup_stackheap
</UL>

<P><STRONG><a name="[3d]"></a>__rt_entry_li</STRONG> (Thumb, 0 bytes, Stack size unknown bytes, __rtentry2.o(.ARM.Collect$$rtentry$$0000000A))
<BR><BR>[Calls]<UL><LI><a href="#[3e]">&gt;&gt;</a>&nbsp;&nbsp;&nbsp;__rt_lib_init
</UL>

<P><STRONG><a name="[d5]"></a>__rt_entry_postsh_1</STRONG> (Thumb, 0 bytes, Stack size unknown bytes, __rtentry2.o(.ARM.Collect$$rtentry$$00000009))

<P><STRONG><a name="[3f]"></a>__rt_entry_main</STRONG> (Thumb, 0 bytes, Stack size unknown bytes, __rtentry2.o(.ARM.Collect$$rtentry$$0000000D))
<BR><BR>[Stack]<UL><LI>Max Depth = 264 + Unknown Stack Size
<LI>Call Chain = __rt_entry_main &rArr; main &rArr; jump_app &rArr; boot_metadata_read &rArr; legacy_to_metadata &rArr; boot_image_is_valid &rArr; boot_image_crc32
</UL>
<BR>[Calls]<UL><LI><a href="#[40]">&gt;&gt;</a>&nbsp;&nbsp;&nbsp;main
<LI><a href="#[41]">&gt;&gt;</a>&nbsp;&nbsp;&nbsp;exit
</UL>

<P><STRONG><a name="[d6]"></a>__rt_entry_postli_1</STRONG> (Thumb, 0 bytes, Stack size unknown bytes, __rtentry2.o(.ARM.Collect$$rtentry$$0000000C))

<P><STRONG><a name="[4a]"></a>__rt_exit</STRONG> (Thumb, 0 bytes, Stack size unknown bytes, rtexit.o(.ARM.Collect$$rtexit$$00000000))
<BR><BR>[Called By]<UL><LI><a href="#[41]">&gt;&gt;</a>&nbsp;&nbsp;&nbsp;exit
</UL>

<P><STRONG><a name="[42]"></a>__rt_exit_ls</STRONG> (Thumb, 0 bytes, Stack size unknown bytes, rtexit2.o(.ARM.Collect$$rtexit$$00000003))
<BR><BR>[Calls]<UL><LI><a href="#[43]">&gt;&gt;</a>&nbsp;&nbsp;&nbsp;__rt_lib_shutdown
</UL>

<P><STRONG><a name="[d7]"></a>__rt_exit_prels_1</STRONG> (Thumb, 0 bytes, Stack size unknown bytes, rtexit2.o(.ARM.Collect$$rtexit$$00000002))

<P><STRONG><a name="[44]"></a>__rt_exit_exit</STRONG> (Thumb, 0 bytes, Stack size unknown bytes, rtexit2.o(.ARM.Collect$$rtexit$$00000004))
<BR><BR>[Calls]<UL><LI><a href="#[45]">&gt;&gt;</a>&nbsp;&nbsp;&nbsp;_sys_exit
</UL>

<P><STRONG><a name="[4]"></a>Reset_Handler</STRONG> (Thumb, 8 bytes, Stack size 0 bytes, startup_gd32f1x0.o(.text))
<BR>[Address Reference Count : 1]<UL><LI> startup_gd32f1x0.o(RESET)
</UL>
<P><STRONG><a name="[1a]"></a>ADC_CMP_IRQHandler</STRONG> (Thumb, 0 bytes, Stack size 0 bytes, startup_gd32f1x0.o(.text))
<BR><BR>[Calls]<UL><LI><a href="#[1a]">&gt;&gt;</a>&nbsp;&nbsp;&nbsp;ADC_CMP_IRQHandler
</UL>
<BR>[Called By]<UL><LI><a href="#[1a]">&gt;&gt;</a>&nbsp;&nbsp;&nbsp;ADC_CMP_IRQHandler
</UL>
<BR>[Address Reference Count : 1]<UL><LI> startup_gd32f1x0.o(RESET)
</UL>
<P><STRONG><a name="[2a]"></a>CEC_IRQHandler</STRONG> (Thumb, 0 bytes, Stack size 0 bytes, startup_gd32f1x0.o(.text))
<BR>[Address Reference Count : 1]<UL><LI> startup_gd32f1x0.o(RESET)
</UL>
<P><STRONG><a name="[17]"></a>DMA_Channel0_IRQHandler</STRONG> (Thumb, 0 bytes, Stack size 0 bytes, startup_gd32f1x0.o(.text))
<BR>[Address Reference Count : 1]<UL><LI> startup_gd32f1x0.o(RESET)
</UL>
<P><STRONG><a name="[18]"></a>DMA_Channel1_2_IRQHandler</STRONG> (Thumb, 0 bytes, Stack size 0 bytes, startup_gd32f1x0.o(.text))
<BR>[Address Reference Count : 1]<UL><LI> startup_gd32f1x0.o(RESET)
</UL>
<P><STRONG><a name="[19]"></a>DMA_Channel3_4_IRQHandler</STRONG> (Thumb, 0 bytes, Stack size 0 bytes, startup_gd32f1x0.o(.text))
<BR>[Address Reference Count : 1]<UL><LI> startup_gd32f1x0.o(RESET)
</UL>
<P><STRONG><a name="[32]"></a>DMA_Channel5_6_IRQHandler</STRONG> (Thumb, 0 bytes, Stack size 0 bytes, startup_gd32f1x0.o(.text))
<BR>[Address Reference Count : 1]<UL><LI> startup_gd32f1x0.o(RESET)
</UL>
<P><STRONG><a name="[13]"></a>EXTI0_1_IRQHandler</STRONG> (Thumb, 0 bytes, Stack size 0 bytes, startup_gd32f1x0.o(.text))
<BR>[Address Reference Count : 1]<UL><LI> startup_gd32f1x0.o(RESET)
</UL>
<P><STRONG><a name="[14]"></a>EXTI2_3_IRQHandler</STRONG> (Thumb, 0 bytes, Stack size 0 bytes, startup_gd32f1x0.o(.text))
<BR>[Address Reference Count : 1]<UL><LI> startup_gd32f1x0.o(RESET)
</UL>
<P><STRONG><a name="[15]"></a>EXTI4_15_IRQHandler</STRONG> (Thumb, 0 bytes, Stack size 0 bytes, startup_gd32f1x0.o(.text))
<BR>[Address Reference Count : 1]<UL><LI> startup_gd32f1x0.o(RESET)
</UL>
<P><STRONG><a name="[11]"></a>FMC_IRQHandler</STRONG> (Thumb, 0 bytes, Stack size 0 bytes, startup_gd32f1x0.o(.text))
<BR>[Address Reference Count : 1]<UL><LI> startup_gd32f1x0.o(RESET)
</UL>
<P><STRONG><a name="[2b]"></a>I2C0_ER_IRQHandler</STRONG> (Thumb, 0 bytes, Stack size 0 bytes, startup_gd32f1x0.o(.text))
<BR>[Address Reference Count : 1]<UL><LI> startup_gd32f1x0.o(RESET)
</UL>
<P><STRONG><a name="[24]"></a>I2C0_EV_IRQHandler</STRONG> (Thumb, 0 bytes, Stack size 0 bytes, startup_gd32f1x0.o(.text))
<BR>[Address Reference Count : 1]<UL><LI> startup_gd32f1x0.o(RESET)
</UL>
<P><STRONG><a name="[2c]"></a>I2C1_ER_IRQHandler</STRONG> (Thumb, 0 bytes, Stack size 0 bytes, startup_gd32f1x0.o(.text))
<BR>[Address Reference Count : 1]<UL><LI> startup_gd32f1x0.o(RESET)
</UL>
<P><STRONG><a name="[25]"></a>I2C1_EV_IRQHandler</STRONG> (Thumb, 0 bytes, Stack size 0 bytes, startup_gd32f1x0.o(.text))
<BR>[Address Reference Count : 1]<UL><LI> startup_gd32f1x0.o(RESET)
</UL>
<P><STRONG><a name="[2e]"></a>I2C2_ER_IRQHandler</STRONG> (Thumb, 0 bytes, Stack size 0 bytes, startup_gd32f1x0.o(.text))
<BR>[Address Reference Count : 1]<UL><LI> startup_gd32f1x0.o(RESET)
</UL>
<P><STRONG><a name="[2d]"></a>I2C2_EV_IRQHandler</STRONG> (Thumb, 0 bytes, Stack size 0 bytes, startup_gd32f1x0.o(.text))
<BR>[Address Reference Count : 1]<UL><LI> startup_gd32f1x0.o(RESET)
</UL>
<P><STRONG><a name="[f]"></a>LVD_IRQHandler</STRONG> (Thumb, 0 bytes, Stack size 0 bytes, startup_gd32f1x0.o(.text))
<BR>[Address Reference Count : 1]<UL><LI> startup_gd32f1x0.o(RESET)
</UL>
<P><STRONG><a name="[12]"></a>RCU_IRQHandler</STRONG> (Thumb, 0 bytes, Stack size 0 bytes, startup_gd32f1x0.o(.text))
<BR>[Address Reference Count : 1]<UL><LI> startup_gd32f1x0.o(RESET)
</UL>
<P><STRONG><a name="[10]"></a>RTC_IRQHandler</STRONG> (Thumb, 0 bytes, Stack size 0 bytes, startup_gd32f1x0.o(.text))
<BR>[Address Reference Count : 1]<UL><LI> startup_gd32f1x0.o(RESET)
</UL>
<P><STRONG><a name="[26]"></a>SPI0_IRQHandler</STRONG> (Thumb, 0 bytes, Stack size 0 bytes, startup_gd32f1x0.o(.text))
<BR>[Address Reference Count : 1]<UL><LI> startup_gd32f1x0.o(RESET)
</UL>
<P><STRONG><a name="[27]"></a>SPI1_IRQHandler</STRONG> (Thumb, 0 bytes, Stack size 0 bytes, startup_gd32f1x0.o(.text))
<BR>[Address Reference Count : 1]<UL><LI> startup_gd32f1x0.o(RESET)
</UL>
<P><STRONG><a name="[33]"></a>SPI2_IRQHandler</STRONG> (Thumb, 0 bytes, Stack size 0 bytes, startup_gd32f1x0.o(.text))
<BR>[Address Reference Count : 1]<UL><LI> startup_gd32f1x0.o(RESET)
</UL>
<P><STRONG><a name="[1b]"></a>TIMER0_BRK_UP_TRG_COM_IRQHandler</STRONG> (Thumb, 0 bytes, Stack size 0 bytes, startup_gd32f1x0.o(.text))
<BR>[Address Reference Count : 1]<UL><LI> startup_gd32f1x0.o(RESET)
</UL>
<P><STRONG><a name="[1c]"></a>TIMER0_Channel_IRQHandler</STRONG> (Thumb, 0 bytes, Stack size 0 bytes, startup_gd32f1x0.o(.text))
<BR>[Address Reference Count : 1]<UL><LI> startup_gd32f1x0.o(RESET)
</UL>
<P><STRONG><a name="[20]"></a>TIMER13_IRQHandler</STRONG> (Thumb, 0 bytes, Stack size 0 bytes, startup_gd32f1x0.o(.text))
<BR>[Address Reference Count : 1]<UL><LI> startup_gd32f1x0.o(RESET)
</UL>
<P><STRONG><a name="[21]"></a>TIMER14_IRQHandler</STRONG> (Thumb, 0 bytes, Stack size 0 bytes, startup_gd32f1x0.o(.text))
<BR>[Address Reference Count : 1]<UL><LI> startup_gd32f1x0.o(RESET)
</UL>
<P><STRONG><a name="[22]"></a>TIMER15_IRQHandler</STRONG> (Thumb, 0 bytes, Stack size 0 bytes, startup_gd32f1x0.o(.text))
<BR>[Address Reference Count : 1]<UL><LI> startup_gd32f1x0.o(RESET)
</UL>
<P><STRONG><a name="[23]"></a>TIMER16_IRQHandler</STRONG> (Thumb, 0 bytes, Stack size 0 bytes, startup_gd32f1x0.o(.text))
<BR>[Address Reference Count : 1]<UL><LI> startup_gd32f1x0.o(RESET)
</UL>
<P><STRONG><a name="[1d]"></a>TIMER1_IRQHandler</STRONG> (Thumb, 0 bytes, Stack size 0 bytes, startup_gd32f1x0.o(.text))
<BR>[Address Reference Count : 1]<UL><LI> startup_gd32f1x0.o(RESET)
</UL>
<P><STRONG><a name="[1f]"></a>TIMER5_DAC_IRQHandler</STRONG> (Thumb, 0 bytes, Stack size 0 bytes, startup_gd32f1x0.o(.text))
<BR>[Address Reference Count : 1]<UL><LI> startup_gd32f1x0.o(RESET)
</UL>
<P><STRONG><a name="[16]"></a>TSI_IRQHandler</STRONG> (Thumb, 0 bytes, Stack size 0 bytes, startup_gd32f1x0.o(.text))
<BR>[Address Reference Count : 1]<UL><LI> startup_gd32f1x0.o(RESET)
</UL>
<P><STRONG><a name="[29]"></a>USART1_IRQHandler</STRONG> (Thumb, 0 bytes, Stack size 0 bytes, startup_gd32f1x0.o(.text))
<BR>[Address Reference Count : 1]<UL><LI> startup_gd32f1x0.o(RESET)
</UL>
<P><STRONG><a name="[31]"></a>USBDWakeUp_IRQHandler</STRONG> (Thumb, 0 bytes, Stack size 0 bytes, startup_gd32f1x0.o(.text))
<BR>[Address Reference Count : 1]<UL><LI> startup_gd32f1x0.o(RESET)
</UL>
<P><STRONG><a name="[30]"></a>USBD_HP_IRQHandler</STRONG> (Thumb, 0 bytes, Stack size 0 bytes, startup_gd32f1x0.o(.text))
<BR>[Address Reference Count : 1]<UL><LI> startup_gd32f1x0.o(RESET)
</UL>
<P><STRONG><a name="[2f]"></a>USBD_LP_IRQHandler</STRONG> (Thumb, 0 bytes, Stack size 0 bytes, startup_gd32f1x0.o(.text))
<BR>[Address Reference Count : 1]<UL><LI> startup_gd32f1x0.o(RESET)
</UL>
<P><STRONG><a name="[e]"></a>WWDGT_IRQHandler</STRONG> (Thumb, 0 bytes, Stack size 0 bytes, startup_gd32f1x0.o(.text))
<BR>[Address Reference Count : 1]<UL><LI> startup_gd32f1x0.o(RESET)
</UL>
<P><STRONG><a name="[49]"></a>__user_initial_stackheap</STRONG> (Thumb, 10 bytes, Stack size 0 bytes, startup_gd32f1x0.o(.text))
<BR><BR>[Called By]<UL><LI><a href="#[3c]">&gt;&gt;</a>&nbsp;&nbsp;&nbsp;__user_setup_stackheap
</UL>

<P><STRONG><a name="[6d]"></a>memcmp</STRONG> (Thumb, 88 bytes, Stack size 8 bytes, memcmp.o(.text))
<BR><BR>[Stack]<UL><LI>Max Depth = 8<LI>Call Chain = memcmp
</UL>
<BR>[Called By]<UL><LI><a href="#[71]">&gt;&gt;</a>&nbsp;&nbsp;&nbsp;boot_metadata_write
<LI><a href="#[6a]">&gt;&gt;</a>&nbsp;&nbsp;&nbsp;boot_copy_image
</UL>

<P><STRONG><a name="[94]"></a>__aeabi_memcpy</STRONG> (Thumb, 0 bytes, Stack size 0 bytes, rt_memcpy_v6.o(.text))
<BR><BR>[Called By]<UL><LI><a href="#[6b]">&gt;&gt;</a>&nbsp;&nbsp;&nbsp;mcu_flash_read
<LI><a href="#[6e]">&gt;&gt;</a>&nbsp;&nbsp;&nbsp;metadata_record_valid
</UL>

<P><STRONG><a name="[46]"></a>__rt_memcpy</STRONG> (Thumb, 138 bytes, Stack size 0 bytes, rt_memcpy_v6.o(.text), UNUSED)
<BR><BR>[Calls]<UL><LI><a href="#[47]">&gt;&gt;</a>&nbsp;&nbsp;&nbsp;__aeabi_memcpy4
</UL>

<P><STRONG><a name="[d8]"></a>_memcpy_lastbytes</STRONG> (Thumb, 0 bytes, Stack size unknown bytes, rt_memcpy_v6.o(.text), UNUSED)

<P><STRONG><a name="[47]"></a>__aeabi_memcpy4</STRONG> (Thumb, 0 bytes, Stack size 8 bytes, rt_memcpy_w.o(.text))
<BR><BR>[Stack]<UL><LI>Max Depth = 8<LI>Call Chain = __aeabi_memcpy4
</UL>
<BR>[Called By]<UL><LI><a href="#[63]">&gt;&gt;</a>&nbsp;&nbsp;&nbsp;boot_metadata_read
<LI><a href="#[46]">&gt;&gt;</a>&nbsp;&nbsp;&nbsp;__rt_memcpy
</UL>

<P><STRONG><a name="[d9]"></a>__aeabi_memcpy8</STRONG> (Thumb, 0 bytes, Stack size 8 bytes, rt_memcpy_w.o(.text), UNUSED)

<P><STRONG><a name="[da]"></a>__rt_memcpy_w</STRONG> (Thumb, 100 bytes, Stack size 8 bytes, rt_memcpy_w.o(.text), UNUSED)

<P><STRONG><a name="[db]"></a>_memcpy_lastbytes_aligned</STRONG> (Thumb, 0 bytes, Stack size unknown bytes, rt_memcpy_w.o(.text), UNUSED)

<P><STRONG><a name="[8a]"></a>__aeabi_memclr4</STRONG> (Thumb, 0 bytes, Stack size 4 bytes, rt_memclr_w.o(.text))
<BR><BR>[Stack]<UL><LI>Max Depth = 4<LI>Call Chain = __aeabi_memclr4
</UL>
<BR>[Called By]<UL><LI><a href="#[6f]">&gt;&gt;</a>&nbsp;&nbsp;&nbsp;legacy_to_metadata
<LI><a href="#[40]">&gt;&gt;</a>&nbsp;&nbsp;&nbsp;main
</UL>

<P><STRONG><a name="[dc]"></a>__aeabi_memclr8</STRONG> (Thumb, 0 bytes, Stack size 4 bytes, rt_memclr_w.o(.text), UNUSED)

<P><STRONG><a name="[dd]"></a>__rt_memclr_w</STRONG> (Thumb, 78 bytes, Stack size 4 bytes, rt_memclr_w.o(.text), UNUSED)

<P><STRONG><a name="[de]"></a>_memset_w</STRONG> (Thumb, 0 bytes, Stack size unknown bytes, rt_memclr_w.o(.text), UNUSED)

<P><STRONG><a name="[df]"></a>__use_two_region_memory</STRONG> (Thumb, 2 bytes, Stack size 0 bytes, heapauxi.o(.text), UNUSED)

<P><STRONG><a name="[e0]"></a>__rt_heap_escrow$2region</STRONG> (Thumb, 2 bytes, Stack size 0 bytes, heapauxi.o(.text), UNUSED)

<P><STRONG><a name="[e1]"></a>__rt_heap_expand$2region</STRONG> (Thumb, 2 bytes, Stack size 0 bytes, heapauxi.o(.text), UNUSED)

<P><STRONG><a name="[3c]"></a>__user_setup_stackheap</STRONG> (Thumb, 74 bytes, Stack size 8 bytes, sys_stackheap_outer.o(.text))
<BR><BR>[Stack]<UL><LI>Max Depth = 8<LI>Call Chain = __user_setup_stackheap
</UL>
<BR>[Calls]<UL><LI><a href="#[48]">&gt;&gt;</a>&nbsp;&nbsp;&nbsp;__user_perproc_libspace
<LI><a href="#[49]">&gt;&gt;</a>&nbsp;&nbsp;&nbsp;__user_initial_stackheap
</UL>
<BR>[Called By]<UL><LI><a href="#[3b]">&gt;&gt;</a>&nbsp;&nbsp;&nbsp;__rt_entry_sh
</UL>

<P><STRONG><a name="[41]"></a>exit</STRONG> (Thumb, 18 bytes, Stack size 8 bytes, exit.o(.text))
<BR><BR>[Stack]<UL><LI>Max Depth = 8 + Unknown Stack Size
<LI>Call Chain = exit
</UL>
<BR>[Calls]<UL><LI><a href="#[4a]">&gt;&gt;</a>&nbsp;&nbsp;&nbsp;__rt_exit
</UL>
<BR>[Called By]<UL><LI><a href="#[3f]">&gt;&gt;</a>&nbsp;&nbsp;&nbsp;__rt_entry_main
</UL>

<P><STRONG><a name="[e2]"></a>__user_libspace</STRONG> (Thumb, 8 bytes, Stack size 0 bytes, libspace.o(.text), UNUSED)

<P><STRONG><a name="[48]"></a>__user_perproc_libspace</STRONG> (Thumb, 0 bytes, Stack size 0 bytes, libspace.o(.text))
<BR><BR>[Called By]<UL><LI><a href="#[3c]">&gt;&gt;</a>&nbsp;&nbsp;&nbsp;__user_setup_stackheap
</UL>

<P><STRONG><a name="[e3]"></a>__user_perthread_libspace</STRONG> (Thumb, 0 bytes, Stack size 0 bytes, libspace.o(.text), UNUSED)

<P><STRONG><a name="[45]"></a>_sys_exit</STRONG> (Thumb, 8 bytes, Stack size 0 bytes, sys_exit.o(.text))
<BR><BR>[Called By]<UL><LI><a href="#[44]">&gt;&gt;</a>&nbsp;&nbsp;&nbsp;__rt_exit_exit
</UL>

<P><STRONG><a name="[e4]"></a>__I$use$semihosting</STRONG> (Thumb, 0 bytes, Stack size 0 bytes, use_no_semi.o(.text), UNUSED)

<P><STRONG><a name="[e5]"></a>__use_no_semihosting_swi</STRONG> (Thumb, 2 bytes, Stack size 0 bytes, use_no_semi.o(.text), UNUSED)

<P><STRONG><a name="[8]"></a>BusFault_Handler</STRONG> (Thumb, 4 bytes, Stack size 0 bytes, gd32f1x0_it.o(i.BusFault_Handler))
<BR>[Address Reference Count : 1]<UL><LI> startup_gd32f1x0.o(RESET)
</UL>
<P><STRONG><a name="[e6]"></a>__semihosting_library_function</STRONG> (Thumb, 0 bytes, Stack size 0 bytes, indicate_semi.o(.text), UNUSED)

<P><STRONG><a name="[b]"></a>DebugMon_Handler</STRONG> (Thumb, 4 bytes, Stack size 0 bytes, gd32f1x0_it.o(i.DebugMon_Handler))
<BR>[Address Reference Count : 1]<UL><LI> startup_gd32f1x0.o(RESET)
</UL>
<P><STRONG><a name="[6]"></a>HardFault_Handler</STRONG> (Thumb, 4 bytes, Stack size 0 bytes, gd32f1x0_it.o(i.HardFault_Handler))
<BR>[Address Reference Count : 1]<UL><LI> startup_gd32f1x0.o(RESET)
</UL>
<P><STRONG><a name="[7]"></a>MemManage_Handler</STRONG> (Thumb, 4 bytes, Stack size 0 bytes, gd32f1x0_it.o(i.MemManage_Handler))
<BR>[Address Reference Count : 1]<UL><LI> startup_gd32f1x0.o(RESET)
</UL>
<P><STRONG><a name="[5]"></a>NMI_Handler</STRONG> (Thumb, 4 bytes, Stack size 0 bytes, gd32f1x0_it.o(i.NMI_Handler))
<BR>[Address Reference Count : 1]<UL><LI> startup_gd32f1x0.o(RESET)
</UL>
<P><STRONG><a name="[c]"></a>PendSV_Handler</STRONG> (Thumb, 4 bytes, Stack size 0 bytes, gd32f1x0_it.o(i.PendSV_Handler))
<BR>[Address Reference Count : 1]<UL><LI> startup_gd32f1x0.o(RESET)
</UL>
<P><STRONG><a name="[a]"></a>SVC_Handler</STRONG> (Thumb, 4 bytes, Stack size 0 bytes, gd32f1x0_it.o(i.SVC_Handler))
<BR>[Address Reference Count : 1]<UL><LI> startup_gd32f1x0.o(RESET)
</UL>
<P><STRONG><a name="[d]"></a>SysTick_Handler</STRONG> (Thumb, 2 bytes, Stack size 0 bytes, gd32f1x0_it.o(i.SysTick_Handler))
<BR>[Address Reference Count : 1]<UL><LI> startup_gd32f1x0.o(RESET)
</UL>
<P><STRONG><a name="[34]"></a>SystemInit</STRONG> (Thumb, 272 bytes, Stack size 16 bytes, system_gd32f1x0.o(i.SystemInit))
<BR><BR>[Stack]<UL><LI>Max Depth = 32<LI>Call Chain = SystemInit &rArr; system_clock_config &rArr; system_clock_48m_hxtal
</UL>
<BR>[Calls]<UL><LI><a href="#[4d]">&gt;&gt;</a>&nbsp;&nbsp;&nbsp;nvic_vector_table_set
<LI><a href="#[4c]">&gt;&gt;</a>&nbsp;&nbsp;&nbsp;system_clock_config
<LI><a href="#[4b]">&gt;&gt;</a>&nbsp;&nbsp;&nbsp;_soft_delay_
</UL>
<BR>[Address Reference Count : 1]<UL><LI> startup_gd32f1x0.o(.text)
</UL>
<P><STRONG><a name="[1e]"></a>TIMER2_IRQHandler</STRONG> (Thumb, 240 bytes, Stack size 8 bytes, ymodem.o(i.TIMER2_IRQHandler))
<BR><BR>[Stack]<UL><LI>Max Depth = 296<LI>Call Chain = TIMER2_IRQHandler &rArr; ymodem_recv &rArr; begin_transfer &rArr; boot_metadata_read &rArr; legacy_to_metadata &rArr; boot_image_is_valid &rArr; boot_image_crc32
</UL>
<BR>[Calls]<UL><LI><a href="#[51]">&gt;&gt;</a>&nbsp;&nbsp;&nbsp;expected_frame_length
<LI><a href="#[50]">&gt;&gt;</a>&nbsp;&nbsp;&nbsp;timer_disable
<LI><a href="#[4e]">&gt;&gt;</a>&nbsp;&nbsp;&nbsp;timer_flag_get
<LI><a href="#[4f]">&gt;&gt;</a>&nbsp;&nbsp;&nbsp;timer_flag_clear
<LI><a href="#[56]">&gt;&gt;</a>&nbsp;&nbsp;&nbsp;timer_enable
<LI><a href="#[55]">&gt;&gt;</a>&nbsp;&nbsp;&nbsp;timer_counter_value_config
<LI><a href="#[53]">&gt;&gt;</a>&nbsp;&nbsp;&nbsp;ymodem_recv
<LI><a href="#[52]">&gt;&gt;</a>&nbsp;&nbsp;&nbsp;ymodem_nack
<LI><a href="#[54]">&gt;&gt;</a>&nbsp;&nbsp;&nbsp;queue_delete
</UL>
<BR>[Address Reference Count : 1]<UL><LI> startup_gd32f1x0.o(RESET)
</UL>
<P><STRONG><a name="[28]"></a>USART0_IRQHandler</STRONG> (Thumb, 92 bytes, Stack size 8 bytes, ymodem.o(i.USART0_IRQHandler))
<BR><BR>[Stack]<UL><LI>Max Depth = 24<LI>Call Chain = USART0_IRQHandler &rArr; usart_interrupt_flag_get
</UL>
<BR>[Calls]<UL><LI><a href="#[5a]">&gt;&gt;</a>&nbsp;&nbsp;&nbsp;usart_flag_get
<LI><a href="#[50]">&gt;&gt;</a>&nbsp;&nbsp;&nbsp;timer_disable
<LI><a href="#[57]">&gt;&gt;</a>&nbsp;&nbsp;&nbsp;usart_interrupt_flag_get
<LI><a href="#[5b]">&gt;&gt;</a>&nbsp;&nbsp;&nbsp;usart_flag_clear
<LI><a href="#[58]">&gt;&gt;</a>&nbsp;&nbsp;&nbsp;usart_data_receive
<LI><a href="#[4f]">&gt;&gt;</a>&nbsp;&nbsp;&nbsp;timer_flag_clear
<LI><a href="#[56]">&gt;&gt;</a>&nbsp;&nbsp;&nbsp;timer_enable
<LI><a href="#[55]">&gt;&gt;</a>&nbsp;&nbsp;&nbsp;timer_counter_value_config
<LI><a href="#[59]">&gt;&gt;</a>&nbsp;&nbsp;&nbsp;queue_append
</UL>
<BR>[Address Reference Count : 1]<UL><LI> startup_gd32f1x0.o(RESET)
</UL>
<P><STRONG><a name="[9]"></a>UsageFault_Handler</STRONG> (Thumb, 4 bytes, Stack size 0 bytes, gd32f1x0_it.o(i.UsageFault_Handler))
<BR>[Address Reference Count : 1]<UL><LI> startup_gd32f1x0.o(RESET)
</UL>
<P><STRONG><a name="[5f]"></a>boot_backup_is_valid</STRONG> (Thumb, 84 bytes, Stack size 24 bytes, crc_check.o(i.boot_backup_is_valid))
<BR><BR>[Stack]<UL><LI>Max Depth = 40<LI>Call Chain = boot_backup_is_valid &rArr; boot_image_crc32
</UL>
<BR>[Calls]<UL><LI><a href="#[69]">&gt;&gt;</a>&nbsp;&nbsp;&nbsp;boot_image_crc32
<LI><a href="#[67]">&gt;&gt;</a>&nbsp;&nbsp;&nbsp;stack_pointer_valid
<LI><a href="#[68]">&gt;&gt;</a>&nbsp;&nbsp;&nbsp;reset_vector_valid
</UL>
<BR>[Called By]<UL><LI><a href="#[60]">&gt;&gt;</a>&nbsp;&nbsp;&nbsp;begin_transfer
<LI><a href="#[78]">&gt;&gt;</a>&nbsp;&nbsp;&nbsp;boot_restore_backup
<LI><a href="#[5e]">&gt;&gt;</a>&nbsp;&nbsp;&nbsp;backup_image_valid
</UL>

<P><STRONG><a name="[6a]"></a>boot_copy_image</STRONG> (Thumb, 110 bytes, Stack size 16 bytes, boot_flag.o(i.boot_copy_image))
<BR><BR>[Stack]<UL><LI>Max Depth = 72<LI>Call Chain = boot_copy_image &rArr; mcu_flash_write &rArr; fmc_halfword_program &rArr; fmc_ready_wait
</UL>
<BR>[Calls]<UL><LI><a href="#[6c]">&gt;&gt;</a>&nbsp;&nbsp;&nbsp;mcu_flash_write
<LI><a href="#[6b]">&gt;&gt;</a>&nbsp;&nbsp;&nbsp;mcu_flash_read
<LI><a href="#[64]">&gt;&gt;</a>&nbsp;&nbsp;&nbsp;mcu_flash_erase
<LI><a href="#[6d]">&gt;&gt;</a>&nbsp;&nbsp;&nbsp;memcmp
</UL>
<BR>[Called By]<UL><LI><a href="#[78]">&gt;&gt;</a>&nbsp;&nbsp;&nbsp;boot_restore_backup
<LI><a href="#[8f]">&gt;&gt;</a>&nbsp;&nbsp;&nbsp;recover_receiving
<LI><a href="#[8e]">&gt;&gt;</a>&nbsp;&nbsp;&nbsp;prepare_update
</UL>

<P><STRONG><a name="[69]"></a>boot_image_crc32</STRONG> (Thumb, 60 bytes, Stack size 16 bytes, crc_check.o(i.boot_image_crc32))
<BR><BR>[Stack]<UL><LI>Max Depth = 16<LI>Call Chain = boot_image_crc32
</UL>
<BR>[Called By]<UL><LI><a href="#[5d]">&gt;&gt;</a>&nbsp;&nbsp;&nbsp;boot_image_is_valid
<LI><a href="#[5f]">&gt;&gt;</a>&nbsp;&nbsp;&nbsp;boot_backup_is_valid
<LI><a href="#[53]">&gt;&gt;</a>&nbsp;&nbsp;&nbsp;ymodem_recv
</UL>

<P><STRONG><a name="[5d]"></a>boot_image_is_valid</STRONG> (Thumb, 92 bytes, Stack size 32 bytes, crc_check.o(i.boot_image_is_valid))
<BR><BR>[Stack]<UL><LI>Max Depth = 48<LI>Call Chain = boot_image_is_valid &rArr; boot_image_crc32
</UL>
<BR>[Calls]<UL><LI><a href="#[69]">&gt;&gt;</a>&nbsp;&nbsp;&nbsp;boot_image_crc32
<LI><a href="#[67]">&gt;&gt;</a>&nbsp;&nbsp;&nbsp;stack_pointer_valid
<LI><a href="#[68]">&gt;&gt;</a>&nbsp;&nbsp;&nbsp;reset_vector_valid
</UL>
<BR>[Called By]<UL><LI><a href="#[6f]">&gt;&gt;</a>&nbsp;&nbsp;&nbsp;legacy_to_metadata
<LI><a href="#[88]">&gt;&gt;</a>&nbsp;&nbsp;&nbsp;jump_app
<LI><a href="#[7f]">&gt;&gt;</a>&nbsp;&nbsp;&nbsp;direct_image_valid
<LI><a href="#[5c]">&gt;&gt;</a>&nbsp;&nbsp;&nbsp;active_image_valid
<LI><a href="#[53]">&gt;&gt;</a>&nbsp;&nbsp;&nbsp;ymodem_recv
</UL>

<P><STRONG><a name="[63]"></a>boot_metadata_read</STRONG> (Thumb, 102 bytes, Stack size 96 bytes, boot_flag.o(i.boot_metadata_read))
<BR><BR>[Stack]<UL><LI>Max Depth = 168<LI>Call Chain = boot_metadata_read &rArr; legacy_to_metadata &rArr; boot_image_is_valid &rArr; boot_image_crc32
</UL>
<BR>[Calls]<UL><LI><a href="#[70]">&gt;&gt;</a>&nbsp;&nbsp;&nbsp;sequence_is_newer
<LI><a href="#[6e]">&gt;&gt;</a>&nbsp;&nbsp;&nbsp;metadata_record_valid
<LI><a href="#[6f]">&gt;&gt;</a>&nbsp;&nbsp;&nbsp;legacy_to_metadata
<LI><a href="#[47]">&gt;&gt;</a>&nbsp;&nbsp;&nbsp;__aeabi_memcpy4
</UL>
<BR>[Called By]<UL><LI><a href="#[60]">&gt;&gt;</a>&nbsp;&nbsp;&nbsp;begin_transfer
<LI><a href="#[88]">&gt;&gt;</a>&nbsp;&nbsp;&nbsp;jump_app
<LI><a href="#[40]">&gt;&gt;</a>&nbsp;&nbsp;&nbsp;main
<LI><a href="#[53]">&gt;&gt;</a>&nbsp;&nbsp;&nbsp;ymodem_recv
</UL>

<P><STRONG><a name="[71]"></a>boot_metadata_write</STRONG> (Thumb, 246 bytes, Stack size 136 bytes, boot_flag.o(i.boot_metadata_write))
<BR><BR>[Stack]<UL><LI>Max Depth = 168<LI>Call Chain = boot_metadata_write &rArr; fmc_word_program &rArr; fmc_ready_wait
</UL>
<BR>[Calls]<UL><LI><a href="#[77]">&gt;&gt;</a>&nbsp;&nbsp;&nbsp;fmc_word_program
<LI><a href="#[74]">&gt;&gt;</a>&nbsp;&nbsp;&nbsp;fmc_unlock
<LI><a href="#[75]">&gt;&gt;</a>&nbsp;&nbsp;&nbsp;fmc_page_erase
<LI><a href="#[76]">&gt;&gt;</a>&nbsp;&nbsp;&nbsp;fmc_lock
<LI><a href="#[70]">&gt;&gt;</a>&nbsp;&nbsp;&nbsp;sequence_is_newer
<LI><a href="#[72]">&gt;&gt;</a>&nbsp;&nbsp;&nbsp;metadata_state_valid
<LI><a href="#[6e]">&gt;&gt;</a>&nbsp;&nbsp;&nbsp;metadata_record_valid
<LI><a href="#[73]">&gt;&gt;</a>&nbsp;&nbsp;&nbsp;crc32_bytes
<LI><a href="#[6d]">&gt;&gt;</a>&nbsp;&nbsp;&nbsp;memcmp
</UL>
<BR>[Called By]<UL><LI><a href="#[78]">&gt;&gt;</a>&nbsp;&nbsp;&nbsp;boot_restore_backup
<LI><a href="#[40]">&gt;&gt;</a>&nbsp;&nbsp;&nbsp;main
<LI><a href="#[8f]">&gt;&gt;</a>&nbsp;&nbsp;&nbsp;recover_receiving
<LI><a href="#[8e]">&gt;&gt;</a>&nbsp;&nbsp;&nbsp;prepare_update
<LI><a href="#[83]">&gt;&gt;</a>&nbsp;&nbsp;&nbsp;fallback_to_confirmed_app
<LI><a href="#[80]">&gt;&gt;</a>&nbsp;&nbsp;&nbsp;enter_update_mode
<LI><a href="#[53]">&gt;&gt;</a>&nbsp;&nbsp;&nbsp;ymodem_recv
</UL>

<P><STRONG><a name="[78]"></a>boot_restore_backup</STRONG> (Thumb, 58 bytes, Stack size 8 bytes, boot_flag.o(i.boot_restore_backup))
<BR><BR>[Stack]<UL><LI>Max Depth = 176<LI>Call Chain = boot_restore_backup &rArr; boot_metadata_write &rArr; fmc_word_program &rArr; fmc_ready_wait
</UL>
<BR>[Calls]<UL><LI><a href="#[71]">&gt;&gt;</a>&nbsp;&nbsp;&nbsp;boot_metadata_write
<LI><a href="#[6a]">&gt;&gt;</a>&nbsp;&nbsp;&nbsp;boot_copy_image
<LI><a href="#[5f]">&gt;&gt;</a>&nbsp;&nbsp;&nbsp;boot_backup_is_valid
</UL>
<BR>[Called By]<UL><LI><a href="#[83]">&gt;&gt;</a>&nbsp;&nbsp;&nbsp;fallback_to_confirmed_app
</UL>

<P><STRONG><a name="[ae]"></a>crc16_ccitt</STRONG> (Thumb, 76 bytes, Stack size 12 bytes, crc_check.o(i.crc16_ccitt))
<BR><BR>[Stack]<UL><LI>Max Depth = 12<LI>Call Chain = crc16_ccitt
</UL>
<BR>[Called By]<UL><LI><a href="#[87]">&gt;&gt;</a>&nbsp;&nbsp;&nbsp;verify_ymodem_packet
</UL>

<P><STRONG><a name="[8b]"></a>delay_init</STRONG> (Thumb, 56 bytes, Stack size 0 bytes, delay.o(i.delay_init))
<BR><BR>[Called By]<UL><LI><a href="#[40]">&gt;&gt;</a>&nbsp;&nbsp;&nbsp;main
</UL>

<P><STRONG><a name="[7d]"></a>delay_ms</STRONG> (Thumb, 54 bytes, Stack size 12 bytes, delay.o(i.delay_ms))
<BR><BR>[Stack]<UL><LI>Max Depth = 12<LI>Call Chain = delay_ms
</UL>
<BR>[Calls]<UL><LI><a href="#[7e]">&gt;&gt;</a>&nbsp;&nbsp;&nbsp;delay_us
</UL>
<BR>[Called By]<UL><LI><a href="#[40]">&gt;&gt;</a>&nbsp;&nbsp;&nbsp;main
</UL>

<P><STRONG><a name="[7e]"></a>delay_us</STRONG> (Thumb, 72 bytes, Stack size 0 bytes, delay.o(i.delay_us))
<BR><BR>[Called By]<UL><LI><a href="#[7d]">&gt;&gt;</a>&nbsp;&nbsp;&nbsp;delay_ms
</UL>

<P><STRONG><a name="[84]"></a>fmc_halfword_program</STRONG> (Thumb, 58 bytes, Stack size 16 bytes, gd32f1x0_fmc.o(i.fmc_halfword_program))
<BR><BR>[Stack]<UL><LI>Max Depth = 32<LI>Call Chain = fmc_halfword_program &rArr; fmc_ready_wait
</UL>
<BR>[Calls]<UL><LI><a href="#[85]">&gt;&gt;</a>&nbsp;&nbsp;&nbsp;fmc_ready_wait
</UL>
<BR>[Called By]<UL><LI><a href="#[6c]">&gt;&gt;</a>&nbsp;&nbsp;&nbsp;mcu_flash_write
</UL>

<P><STRONG><a name="[76]"></a>fmc_lock</STRONG> (Thumb, 14 bytes, Stack size 0 bytes, gd32f1x0_fmc.o(i.fmc_lock))
<BR><BR>[Called By]<UL><LI><a href="#[6c]">&gt;&gt;</a>&nbsp;&nbsp;&nbsp;mcu_flash_write
<LI><a href="#[64]">&gt;&gt;</a>&nbsp;&nbsp;&nbsp;mcu_flash_erase
<LI><a href="#[71]">&gt;&gt;</a>&nbsp;&nbsp;&nbsp;boot_metadata_write
</UL>

<P><STRONG><a name="[75]"></a>fmc_page_erase</STRONG> (Thumb, 70 bytes, Stack size 16 bytes, gd32f1x0_fmc.o(i.fmc_page_erase))
<BR><BR>[Stack]<UL><LI>Max Depth = 32<LI>Call Chain = fmc_page_erase &rArr; fmc_ready_wait
</UL>
<BR>[Calls]<UL><LI><a href="#[85]">&gt;&gt;</a>&nbsp;&nbsp;&nbsp;fmc_ready_wait
</UL>
<BR>[Called By]<UL><LI><a href="#[64]">&gt;&gt;</a>&nbsp;&nbsp;&nbsp;mcu_flash_erase
<LI><a href="#[71]">&gt;&gt;</a>&nbsp;&nbsp;&nbsp;boot_metadata_write
</UL>

<P><STRONG><a name="[74]"></a>fmc_unlock</STRONG> (Thumb, 22 bytes, Stack size 0 bytes, gd32f1x0_fmc.o(i.fmc_unlock))
<BR><BR>[Called By]<UL><LI><a href="#[6c]">&gt;&gt;</a>&nbsp;&nbsp;&nbsp;mcu_flash_write
<LI><a href="#[64]">&gt;&gt;</a>&nbsp;&nbsp;&nbsp;mcu_flash_erase
<LI><a href="#[71]">&gt;&gt;</a>&nbsp;&nbsp;&nbsp;boot_metadata_write
</UL>

<P><STRONG><a name="[77]"></a>fmc_word_program</STRONG> (Thumb, 58 bytes, Stack size 16 bytes, gd32f1x0_fmc.o(i.fmc_word_program))
<BR><BR>[Stack]<UL><LI>Max Depth = 32<LI>Call Chain = fmc_word_program &rArr; fmc_ready_wait
</UL>
<BR>[Calls]<UL><LI><a href="#[85]">&gt;&gt;</a>&nbsp;&nbsp;&nbsp;fmc_ready_wait
</UL>
<BR>[Called By]<UL><LI><a href="#[71]">&gt;&gt;</a>&nbsp;&nbsp;&nbsp;boot_metadata_write
</UL>

<P><STRONG><a name="[90]"></a>get_ymodem_status</STRONG> (Thumb, 6 bytes, Stack size 0 bytes, ymodem.o(i.get_ymodem_status))
<BR><BR>[Called By]<UL><LI><a href="#[40]">&gt;&gt;</a>&nbsp;&nbsp;&nbsp;main
</UL>

<P><STRONG><a name="[9d]"></a>gpio_af_set</STRONG> (Thumb, 94 bytes, Stack size 20 bytes, gd32f1x0_gpio.o(i.gpio_af_set))
<BR><BR>[Stack]<UL><LI>Max Depth = 20<LI>Call Chain = gpio_af_set
</UL>
<BR>[Called By]<UL><LI><a href="#[9b]">&gt;&gt;</a>&nbsp;&nbsp;&nbsp;usart0_init
</UL>

<P><STRONG><a name="[9e]"></a>gpio_mode_set</STRONG> (Thumb, 78 bytes, Stack size 20 bytes, gd32f1x0_gpio.o(i.gpio_mode_set))
<BR><BR>[Stack]<UL><LI>Max Depth = 20<LI>Call Chain = gpio_mode_set
</UL>
<BR>[Called By]<UL><LI><a href="#[9b]">&gt;&gt;</a>&nbsp;&nbsp;&nbsp;usart0_init
</UL>

<P><STRONG><a name="[9f]"></a>gpio_output_options_set</STRONG> (Thumb, 66 bytes, Stack size 20 bytes, gd32f1x0_gpio.o(i.gpio_output_options_set))
<BR><BR>[Stack]<UL><LI>Max Depth = 20<LI>Call Chain = gpio_output_options_set
</UL>
<BR>[Called By]<UL><LI><a href="#[9b]">&gt;&gt;</a>&nbsp;&nbsp;&nbsp;usart0_init
</UL>

<P><STRONG><a name="[88]"></a>jump_app</STRONG> (Thumb, 92 bytes, Stack size 56 bytes, bootloader.o(i.jump_app))
<BR><BR>[Stack]<UL><LI>Max Depth = 224<LI>Call Chain = jump_app &rArr; boot_metadata_read &rArr; legacy_to_metadata &rArr; boot_image_is_valid &rArr; boot_image_crc32
</UL>
<BR>[Calls]<UL><LI><a href="#[79]">&gt;&gt;</a>&nbsp;&nbsp;&nbsp;cleanup_bootloader_environment
<LI><a href="#[63]">&gt;&gt;</a>&nbsp;&nbsp;&nbsp;boot_metadata_read
<LI><a href="#[5d]">&gt;&gt;</a>&nbsp;&nbsp;&nbsp;boot_image_is_valid
</UL>
<BR>[Called By]<UL><LI><a href="#[40]">&gt;&gt;</a>&nbsp;&nbsp;&nbsp;main
</UL>

<P><STRONG><a name="[40]"></a>main</STRONG> (Thumb, 650 bytes, Stack size 40 bytes, main.o(i.main))
<BR><BR>[Stack]<UL><LI>Max Depth = 264<LI>Call Chain = main &rArr; jump_app &rArr; boot_metadata_read &rArr; legacy_to_metadata &rArr; boot_image_is_valid &rArr; boot_image_crc32
</UL>
<BR>[Calls]<UL><LI><a href="#[91]">&gt;&gt;</a>&nbsp;&nbsp;&nbsp;ymodem_take_rx_activity
<LI><a href="#[81]">&gt;&gt;</a>&nbsp;&nbsp;&nbsp;ymodem_reset_transfer
<LI><a href="#[8d]">&gt;&gt;</a>&nbsp;&nbsp;&nbsp;ymodem_init
<LI><a href="#[66]">&gt;&gt;</a>&nbsp;&nbsp;&nbsp;ymodem_c
<LI><a href="#[92]">&gt;&gt;</a>&nbsp;&nbsp;&nbsp;ymodem_abort_transfer
<LI><a href="#[93]">&gt;&gt;</a>&nbsp;&nbsp;&nbsp;system_reboot
<LI><a href="#[82]">&gt;&gt;</a>&nbsp;&nbsp;&nbsp;set_ymodem_status
<LI><a href="#[8c]">&gt;&gt;</a>&nbsp;&nbsp;&nbsp;nvic_priority_group_set
<LI><a href="#[88]">&gt;&gt;</a>&nbsp;&nbsp;&nbsp;jump_app
<LI><a href="#[90]">&gt;&gt;</a>&nbsp;&nbsp;&nbsp;get_ymodem_status
<LI><a href="#[7d]">&gt;&gt;</a>&nbsp;&nbsp;&nbsp;delay_ms
<LI><a href="#[8b]">&gt;&gt;</a>&nbsp;&nbsp;&nbsp;delay_init
<LI><a href="#[71]">&gt;&gt;</a>&nbsp;&nbsp;&nbsp;boot_metadata_write
<LI><a href="#[63]">&gt;&gt;</a>&nbsp;&nbsp;&nbsp;boot_metadata_read
<LI><a href="#[8f]">&gt;&gt;</a>&nbsp;&nbsp;&nbsp;recover_receiving
<LI><a href="#[8e]">&gt;&gt;</a>&nbsp;&nbsp;&nbsp;prepare_update
<LI><a href="#[83]">&gt;&gt;</a>&nbsp;&nbsp;&nbsp;fallback_to_confirmed_app
<LI><a href="#[80]">&gt;&gt;</a>&nbsp;&nbsp;&nbsp;enter_update_mode
<LI><a href="#[7f]">&gt;&gt;</a>&nbsp;&nbsp;&nbsp;direct_image_valid
<LI><a href="#[5c]">&gt;&gt;</a>&nbsp;&nbsp;&nbsp;active_image_valid
<LI><a href="#[8a]">&gt;&gt;</a>&nbsp;&nbsp;&nbsp;__aeabi_memclr4
</UL>
<BR>[Called By]<UL><LI><a href="#[3f]">&gt;&gt;</a>&nbsp;&nbsp;&nbsp;__rt_entry_main
</UL>

<P><STRONG><a name="[64]"></a>mcu_flash_erase</STRONG> (Thumb, 70 bytes, Stack size 16 bytes, bootloader.o(i.mcu_flash_erase))
<BR><BR>[Stack]<UL><LI>Max Depth = 48<LI>Call Chain = mcu_flash_erase &rArr; fmc_page_erase &rArr; fmc_ready_wait
</UL>
<BR>[Calls]<UL><LI><a href="#[74]">&gt;&gt;</a>&nbsp;&nbsp;&nbsp;fmc_unlock
<LI><a href="#[75]">&gt;&gt;</a>&nbsp;&nbsp;&nbsp;fmc_page_erase
<LI><a href="#[76]">&gt;&gt;</a>&nbsp;&nbsp;&nbsp;fmc_lock
</UL>
<BR>[Called By]<UL><LI><a href="#[60]">&gt;&gt;</a>&nbsp;&nbsp;&nbsp;begin_transfer
<LI><a href="#[6a]">&gt;&gt;</a>&nbsp;&nbsp;&nbsp;boot_copy_image
</UL>

<P><STRONG><a name="[6b]"></a>mcu_flash_read</STRONG> (Thumb, 24 bytes, Stack size 16 bytes, bootloader.o(i.mcu_flash_read))
<BR><BR>[Stack]<UL><LI>Max Depth = 16<LI>Call Chain = mcu_flash_read
</UL>
<BR>[Calls]<UL><LI><a href="#[94]">&gt;&gt;</a>&nbsp;&nbsp;&nbsp;__aeabi_memcpy
</UL>
<BR>[Called By]<UL><LI><a href="#[6a]">&gt;&gt;</a>&nbsp;&nbsp;&nbsp;boot_copy_image
</UL>

<P><STRONG><a name="[6c]"></a>mcu_flash_write</STRONG> (Thumb, 92 bytes, Stack size 24 bytes, bootloader.o(i.mcu_flash_write))
<BR><BR>[Stack]<UL><LI>Max Depth = 56<LI>Call Chain = mcu_flash_write &rArr; fmc_halfword_program &rArr; fmc_ready_wait
</UL>
<BR>[Calls]<UL><LI><a href="#[84]">&gt;&gt;</a>&nbsp;&nbsp;&nbsp;fmc_halfword_program
<LI><a href="#[95]">&gt;&gt;</a>&nbsp;&nbsp;&nbsp;flash_region_valid
<LI><a href="#[74]">&gt;&gt;</a>&nbsp;&nbsp;&nbsp;fmc_unlock
<LI><a href="#[76]">&gt;&gt;</a>&nbsp;&nbsp;&nbsp;fmc_lock
</UL>
<BR>[Called By]<UL><LI><a href="#[6a]">&gt;&gt;</a>&nbsp;&nbsp;&nbsp;boot_copy_image
<LI><a href="#[53]">&gt;&gt;</a>&nbsp;&nbsp;&nbsp;ymodem_recv
</UL>

<P><STRONG><a name="[96]"></a>nvic_irq_enable</STRONG> (Thumb, 162 bytes, Stack size 24 bytes, gd32f1x0_misc.o(i.nvic_irq_enable))
<BR><BR>[Stack]<UL><LI>Max Depth = 24<LI>Call Chain = nvic_irq_enable
</UL>
<BR>[Calls]<UL><LI><a href="#[8c]">&gt;&gt;</a>&nbsp;&nbsp;&nbsp;nvic_priority_group_set
</UL>
<BR>[Called By]<UL><LI><a href="#[9b]">&gt;&gt;</a>&nbsp;&nbsp;&nbsp;usart0_init
<LI><a href="#[b0]">&gt;&gt;</a>&nbsp;&nbsp;&nbsp;ymodem_timer_init
</UL>

<P><STRONG><a name="[8c]"></a>nvic_priority_group_set</STRONG> (Thumb, 10 bytes, Stack size 0 bytes, gd32f1x0_misc.o(i.nvic_priority_group_set))
<BR><BR>[Called By]<UL><LI><a href="#[96]">&gt;&gt;</a>&nbsp;&nbsp;&nbsp;nvic_irq_enable
<LI><a href="#[40]">&gt;&gt;</a>&nbsp;&nbsp;&nbsp;main
</UL>

<P><STRONG><a name="[4d]"></a>nvic_vector_table_set</STRONG> (Thumb, 16 bytes, Stack size 0 bytes, gd32f1x0_misc.o(i.nvic_vector_table_set))
<BR><BR>[Called By]<UL><LI><a href="#[34]">&gt;&gt;</a>&nbsp;&nbsp;&nbsp;SystemInit
</UL>

<P><STRONG><a name="[59]"></a>queue_append</STRONG> (Thumb, 60 bytes, Stack size 8 bytes, ymodem.o(i.queue_append))
<BR><BR>[Stack]<UL><LI>Max Depth = 8<LI>Call Chain = queue_append
</UL>
<BR>[Called By]<UL><LI><a href="#[28]">&gt;&gt;</a>&nbsp;&nbsp;&nbsp;USART0_IRQHandler
</UL>

<P><STRONG><a name="[54]"></a>queue_delete</STRONG> (Thumb, 58 bytes, Stack size 8 bytes, ymodem.o(i.queue_delete))
<BR><BR>[Stack]<UL><LI>Max Depth = 8<LI>Call Chain = queue_delete
</UL>
<BR>[Called By]<UL><LI><a href="#[1e]">&gt;&gt;</a>&nbsp;&nbsp;&nbsp;TIMER2_IRQHandler
</UL>

<P><STRONG><a name="[af]"></a>queue_initiate</STRONG> (Thumb, 16 bytes, Stack size 0 bytes, ymodem.o(i.queue_initiate))
<BR><BR>[Called By]<UL><LI><a href="#[8d]">&gt;&gt;</a>&nbsp;&nbsp;&nbsp;ymodem_init
<LI><a href="#[92]">&gt;&gt;</a>&nbsp;&nbsp;&nbsp;ymodem_abort_transfer
</UL>

<P><STRONG><a name="[ad]"></a>rcu_clock_freq_get</STRONG> (Thumb, 646 bytes, Stack size 96 bytes, gd32f1x0_rcu.o(i.rcu_clock_freq_get))
<BR><BR>[Stack]<UL><LI>Max Depth = 96<LI>Call Chain = rcu_clock_freq_get
</UL>
<BR>[Called By]<UL><LI><a href="#[a1]">&gt;&gt;</a>&nbsp;&nbsp;&nbsp;usart_baudrate_set
</UL>

<P><STRONG><a name="[9c]"></a>rcu_periph_clock_enable</STRONG> (Thumb, 28 bytes, Stack size 0 bytes, gd32f1x0_rcu.o(i.rcu_periph_clock_enable))
<BR><BR>[Called By]<UL><LI><a href="#[9b]">&gt;&gt;</a>&nbsp;&nbsp;&nbsp;usart0_init
<LI><a href="#[b0]">&gt;&gt;</a>&nbsp;&nbsp;&nbsp;ymodem_timer_init
</UL>

<P><STRONG><a name="[9a]"></a>rcu_periph_reset_disable</STRONG> (Thumb, 28 bytes, Stack size 0 bytes, gd32f1x0_rcu.o(i.rcu_periph_reset_disable))
<BR><BR>[Called By]<UL><LI><a href="#[a0]">&gt;&gt;</a>&nbsp;&nbsp;&nbsp;usart_deinit
<LI><a href="#[98]">&gt;&gt;</a>&nbsp;&nbsp;&nbsp;timer_deinit
</UL>

<P><STRONG><a name="[99]"></a>rcu_periph_reset_enable</STRONG> (Thumb, 28 bytes, Stack size 0 bytes, gd32f1x0_rcu.o(i.rcu_periph_reset_enable))
<BR><BR>[Called By]<UL><LI><a href="#[a0]">&gt;&gt;</a>&nbsp;&nbsp;&nbsp;usart_deinit
<LI><a href="#[98]">&gt;&gt;</a>&nbsp;&nbsp;&nbsp;timer_deinit
</UL>

<P><STRONG><a name="[82]"></a>set_ymodem_status</STRONG> (Thumb, 6 bytes, Stack size 0 bytes, ymodem.o(i.set_ymodem_status))
<BR><BR>[Called By]<UL><LI><a href="#[40]">&gt;&gt;</a>&nbsp;&nbsp;&nbsp;main
<LI><a href="#[80]">&gt;&gt;</a>&nbsp;&nbsp;&nbsp;enter_update_mode
</UL>

<P><STRONG><a name="[93]"></a>system_reboot</STRONG> (Thumb, 34 bytes, Stack size 0 bytes, bootloader.o(i.system_reboot))
<BR><BR>[Called By]<UL><LI><a href="#[40]">&gt;&gt;</a>&nbsp;&nbsp;&nbsp;main
</UL>

<P><STRONG><a name="[55]"></a>timer_counter_value_config</STRONG> (Thumb, 4 bytes, Stack size 0 bytes, gd32f1x0_timer.o(i.timer_counter_value_config))
<BR><BR>[Called By]<UL><LI><a href="#[28]">&gt;&gt;</a>&nbsp;&nbsp;&nbsp;USART0_IRQHandler
<LI><a href="#[1e]">&gt;&gt;</a>&nbsp;&nbsp;&nbsp;TIMER2_IRQHandler
</UL>

<P><STRONG><a name="[98]"></a>timer_deinit</STRONG> (Thumb, 210 bytes, Stack size 8 bytes, gd32f1x0_timer.o(i.timer_deinit))
<BR><BR>[Stack]<UL><LI>Max Depth = 8<LI>Call Chain = timer_deinit
</UL>
<BR>[Calls]<UL><LI><a href="#[99]">&gt;&gt;</a>&nbsp;&nbsp;&nbsp;rcu_periph_reset_enable
<LI><a href="#[9a]">&gt;&gt;</a>&nbsp;&nbsp;&nbsp;rcu_periph_reset_disable
</UL>
<BR>[Called By]<UL><LI><a href="#[b0]">&gt;&gt;</a>&nbsp;&nbsp;&nbsp;ymodem_timer_init
</UL>

<P><STRONG><a name="[50]"></a>timer_disable</STRONG> (Thumb, 10 bytes, Stack size 0 bytes, gd32f1x0_timer.o(i.timer_disable))
<BR><BR>[Called By]<UL><LI><a href="#[79]">&gt;&gt;</a>&nbsp;&nbsp;&nbsp;cleanup_bootloader_environment
<LI><a href="#[28]">&gt;&gt;</a>&nbsp;&nbsp;&nbsp;USART0_IRQHandler
<LI><a href="#[1e]">&gt;&gt;</a>&nbsp;&nbsp;&nbsp;TIMER2_IRQHandler
</UL>

<P><STRONG><a name="[56]"></a>timer_enable</STRONG> (Thumb, 10 bytes, Stack size 0 bytes, gd32f1x0_timer.o(i.timer_enable))
<BR><BR>[Called By]<UL><LI><a href="#[b0]">&gt;&gt;</a>&nbsp;&nbsp;&nbsp;ymodem_timer_init
<LI><a href="#[28]">&gt;&gt;</a>&nbsp;&nbsp;&nbsp;USART0_IRQHandler
<LI><a href="#[1e]">&gt;&gt;</a>&nbsp;&nbsp;&nbsp;TIMER2_IRQHandler
</UL>

<P><STRONG><a name="[4f]"></a>timer_flag_clear</STRONG> (Thumb, 6 bytes, Stack size 0 bytes, gd32f1x0_timer.o(i.timer_flag_clear))
<BR><BR>[Called By]<UL><LI><a href="#[28]">&gt;&gt;</a>&nbsp;&nbsp;&nbsp;USART0_IRQHandler
<LI><a href="#[1e]">&gt;&gt;</a>&nbsp;&nbsp;&nbsp;TIMER2_IRQHandler
</UL>

<P><STRONG><a name="[4e]"></a>timer_flag_get</STRONG> (Thumb, 16 bytes, Stack size 0 bytes, gd32f1x0_timer.o(i.timer_flag_get))
<BR><BR>[Called By]<UL><LI><a href="#[1e]">&gt;&gt;</a>&nbsp;&nbsp;&nbsp;TIMER2_IRQHandler
</UL>

<P><STRONG><a name="[b2]"></a>timer_init</STRONG> (Thumb, 146 bytes, Stack size 0 bytes, gd32f1x0_timer.o(i.timer_init))
<BR><BR>[Called By]<UL><LI><a href="#[b0]">&gt;&gt;</a>&nbsp;&nbsp;&nbsp;ymodem_timer_init
</UL>

<P><STRONG><a name="[7a]"></a>timer_interrupt_disable</STRONG> (Thumb, 8 bytes, Stack size 0 bytes, gd32f1x0_timer.o(i.timer_interrupt_disable))
<BR><BR>[Called By]<UL><LI><a href="#[79]">&gt;&gt;</a>&nbsp;&nbsp;&nbsp;cleanup_bootloader_environment
</UL>

<P><STRONG><a name="[b4]"></a>timer_interrupt_enable</STRONG> (Thumb, 8 bytes, Stack size 0 bytes, gd32f1x0_timer.o(i.timer_interrupt_enable))
<BR><BR>[Called By]<UL><LI><a href="#[b0]">&gt;&gt;</a>&nbsp;&nbsp;&nbsp;ymodem_timer_init
</UL>

<P><STRONG><a name="[b3]"></a>timer_update_event_enable</STRONG> (Thumb, 10 bytes, Stack size 0 bytes, gd32f1x0_timer.o(i.timer_update_event_enable))
<BR><BR>[Called By]<UL><LI><a href="#[b0]">&gt;&gt;</a>&nbsp;&nbsp;&nbsp;ymodem_timer_init
</UL>

<P><STRONG><a name="[9b]"></a>usart0_init</STRONG> (Thumb, 162 bytes, Stack size 8 bytes, usart.o(i.usart0_init))
<BR><BR>[Stack]<UL><LI>Max Depth = 136<LI>Call Chain = usart0_init &rArr; usart_baudrate_set &rArr; rcu_clock_freq_get
</UL>
<BR>[Calls]<UL><LI><a href="#[a2]">&gt;&gt;</a>&nbsp;&nbsp;&nbsp;usart_word_length_set
<LI><a href="#[a8]">&gt;&gt;</a>&nbsp;&nbsp;&nbsp;usart_transmit_config
<LI><a href="#[a3]">&gt;&gt;</a>&nbsp;&nbsp;&nbsp;usart_stop_bit_set
<LI><a href="#[a7]">&gt;&gt;</a>&nbsp;&nbsp;&nbsp;usart_receive_config
<LI><a href="#[a4]">&gt;&gt;</a>&nbsp;&nbsp;&nbsp;usart_parity_config
<LI><a href="#[a9]">&gt;&gt;</a>&nbsp;&nbsp;&nbsp;usart_interrupt_enable
<LI><a href="#[a5]">&gt;&gt;</a>&nbsp;&nbsp;&nbsp;usart_hardware_flow_rts_config
<LI><a href="#[a6]">&gt;&gt;</a>&nbsp;&nbsp;&nbsp;usart_hardware_flow_cts_config
<LI><a href="#[aa]">&gt;&gt;</a>&nbsp;&nbsp;&nbsp;usart_enable
<LI><a href="#[a0]">&gt;&gt;</a>&nbsp;&nbsp;&nbsp;usart_deinit
<LI><a href="#[a1]">&gt;&gt;</a>&nbsp;&nbsp;&nbsp;usart_baudrate_set
<LI><a href="#[9c]">&gt;&gt;</a>&nbsp;&nbsp;&nbsp;rcu_periph_clock_enable
<LI><a href="#[96]">&gt;&gt;</a>&nbsp;&nbsp;&nbsp;nvic_irq_enable
<LI><a href="#[9f]">&gt;&gt;</a>&nbsp;&nbsp;&nbsp;gpio_output_options_set
<LI><a href="#[9e]">&gt;&gt;</a>&nbsp;&nbsp;&nbsp;gpio_mode_set
<LI><a href="#[9d]">&gt;&gt;</a>&nbsp;&nbsp;&nbsp;gpio_af_set
</UL>
<BR>[Called By]<UL><LI><a href="#[8d]">&gt;&gt;</a>&nbsp;&nbsp;&nbsp;ymodem_init
</UL>

<P><STRONG><a name="[ab]"></a>usart0_send_byte</STRONG> (Thumb, 30 bytes, Stack size 8 bytes, usart.o(i.usart0_send_byte))
<BR><BR>[Stack]<UL><LI>Max Depth = 16<LI>Call Chain = usart0_send_byte &rArr; usart_flag_get
</UL>
<BR>[Calls]<UL><LI><a href="#[5a]">&gt;&gt;</a>&nbsp;&nbsp;&nbsp;usart_flag_get
<LI><a href="#[ac]">&gt;&gt;</a>&nbsp;&nbsp;&nbsp;usart_data_transmit
</UL>
<BR>[Called By]<UL><LI><a href="#[66]">&gt;&gt;</a>&nbsp;&nbsp;&nbsp;ymodem_c
<LI><a href="#[52]">&gt;&gt;</a>&nbsp;&nbsp;&nbsp;ymodem_nack
<LI><a href="#[65]">&gt;&gt;</a>&nbsp;&nbsp;&nbsp;ymodem_ack
</UL>

<P><STRONG><a name="[a1]"></a>usart_baudrate_set</STRONG> (Thumb, 120 bytes, Stack size 32 bytes, gd32f1x0_usart.o(i.usart_baudrate_set))
<BR><BR>[Stack]<UL><LI>Max Depth = 128<LI>Call Chain = usart_baudrate_set &rArr; rcu_clock_freq_get
</UL>
<BR>[Calls]<UL><LI><a href="#[ad]">&gt;&gt;</a>&nbsp;&nbsp;&nbsp;rcu_clock_freq_get
</UL>
<BR>[Called By]<UL><LI><a href="#[9b]">&gt;&gt;</a>&nbsp;&nbsp;&nbsp;usart0_init
</UL>

<P><STRONG><a name="[58]"></a>usart_data_receive</STRONG> (Thumb, 10 bytes, Stack size 0 bytes, gd32f1x0_usart.o(i.usart_data_receive))
<BR><BR>[Called By]<UL><LI><a href="#[28]">&gt;&gt;</a>&nbsp;&nbsp;&nbsp;USART0_IRQHandler
</UL>

<P><STRONG><a name="[ac]"></a>usart_data_transmit</STRONG> (Thumb, 8 bytes, Stack size 0 bytes, gd32f1x0_usart.o(i.usart_data_transmit))
<BR><BR>[Called By]<UL><LI><a href="#[ab]">&gt;&gt;</a>&nbsp;&nbsp;&nbsp;usart0_send_byte
</UL>

<P><STRONG><a name="[a0]"></a>usart_deinit</STRONG> (Thumb, 58 bytes, Stack size 8 bytes, gd32f1x0_usart.o(i.usart_deinit))
<BR><BR>[Stack]<UL><LI>Max Depth = 8<LI>Call Chain = usart_deinit
</UL>
<BR>[Calls]<UL><LI><a href="#[99]">&gt;&gt;</a>&nbsp;&nbsp;&nbsp;rcu_periph_reset_enable
<LI><a href="#[9a]">&gt;&gt;</a>&nbsp;&nbsp;&nbsp;rcu_periph_reset_disable
</UL>
<BR>[Called By]<UL><LI><a href="#[9b]">&gt;&gt;</a>&nbsp;&nbsp;&nbsp;usart0_init
</UL>

<P><STRONG><a name="[7c]"></a>usart_disable</STRONG> (Thumb, 10 bytes, Stack size 0 bytes, gd32f1x0_usart.o(i.usart_disable))
<BR><BR>[Called By]<UL><LI><a href="#[79]">&gt;&gt;</a>&nbsp;&nbsp;&nbsp;cleanup_bootloader_environment
</UL>

<P><STRONG><a name="[aa]"></a>usart_enable</STRONG> (Thumb, 10 bytes, Stack size 0 bytes, gd32f1x0_usart.o(i.usart_enable))
<BR><BR>[Called By]<UL><LI><a href="#[9b]">&gt;&gt;</a>&nbsp;&nbsp;&nbsp;usart0_init
</UL>

<P><STRONG><a name="[5b]"></a>usart_flag_clear</STRONG> (Thumb, 36 bytes, Stack size 8 bytes, gd32f1x0_usart.o(i.usart_flag_clear))
<BR><BR>[Stack]<UL><LI>Max Depth = 8<LI>Call Chain = usart_flag_clear
</UL>
<BR>[Called By]<UL><LI><a href="#[28]">&gt;&gt;</a>&nbsp;&nbsp;&nbsp;USART0_IRQHandler
</UL>

<P><STRONG><a name="[5a]"></a>usart_flag_get</STRONG> (Thumb, 30 bytes, Stack size 8 bytes, gd32f1x0_usart.o(i.usart_flag_get))
<BR><BR>[Stack]<UL><LI>Max Depth = 8<LI>Call Chain = usart_flag_get
</UL>
<BR>[Called By]<UL><LI><a href="#[ab]">&gt;&gt;</a>&nbsp;&nbsp;&nbsp;usart0_send_byte
<LI><a href="#[28]">&gt;&gt;</a>&nbsp;&nbsp;&nbsp;USART0_IRQHandler
</UL>

<P><STRONG><a name="[a6]"></a>usart_hardware_flow_cts_config</STRONG> (Thumb, 24 bytes, Stack size 0 bytes, gd32f1x0_usart.o(i.usart_hardware_flow_cts_config))
<BR><BR>[Called By]<UL><LI><a href="#[9b]">&gt;&gt;</a>&nbsp;&nbsp;&nbsp;usart0_init
</UL>

<P><STRONG><a name="[a5]"></a>usart_hardware_flow_rts_config</STRONG> (Thumb, 24 bytes, Stack size 0 bytes, gd32f1x0_usart.o(i.usart_hardware_flow_rts_config))
<BR><BR>[Called By]<UL><LI><a href="#[9b]">&gt;&gt;</a>&nbsp;&nbsp;&nbsp;usart0_init
</UL>

<P><STRONG><a name="[7b]"></a>usart_interrupt_disable</STRONG> (Thumb, 26 bytes, Stack size 8 bytes, gd32f1x0_usart.o(i.usart_interrupt_disable))
<BR><BR>[Stack]<UL><LI>Max Depth = 8<LI>Call Chain = usart_interrupt_disable
</UL>
<BR>[Called By]<UL><LI><a href="#[79]">&gt;&gt;</a>&nbsp;&nbsp;&nbsp;cleanup_bootloader_environment
</UL>

<P><STRONG><a name="[a9]"></a>usart_interrupt_enable</STRONG> (Thumb, 26 bytes, Stack size 8 bytes, gd32f1x0_usart.o(i.usart_interrupt_enable))
<BR><BR>[Stack]<UL><LI>Max Depth = 8<LI>Call Chain = usart_interrupt_enable
</UL>
<BR>[Called By]<UL><LI><a href="#[9b]">&gt;&gt;</a>&nbsp;&nbsp;&nbsp;usart0_init
</UL>

<P><STRONG><a name="[57]"></a>usart_interrupt_flag_get</STRONG> (Thumb, 56 bytes, Stack size 16 bytes, gd32f1x0_usart.o(i.usart_interrupt_flag_get))
<BR><BR>[Stack]<UL><LI>Max Depth = 16<LI>Call Chain = usart_interrupt_flag_get
</UL>
<BR>[Called By]<UL><LI><a href="#[28]">&gt;&gt;</a>&nbsp;&nbsp;&nbsp;USART0_IRQHandler
</UL>

<P><STRONG><a name="[a4]"></a>usart_parity_config</STRONG> (Thumb, 24 bytes, Stack size 0 bytes, gd32f1x0_usart.o(i.usart_parity_config))
<BR><BR>[Called By]<UL><LI><a href="#[9b]">&gt;&gt;</a>&nbsp;&nbsp;&nbsp;usart0_init
</UL>

<P><STRONG><a name="[a7]"></a>usart_receive_config</STRONG> (Thumb, 16 bytes, Stack size 0 bytes, gd32f1x0_usart.o(i.usart_receive_config))
<BR><BR>[Called By]<UL><LI><a href="#[9b]">&gt;&gt;</a>&nbsp;&nbsp;&nbsp;usart0_init
</UL>

<P><STRONG><a name="[a3]"></a>usart_stop_bit_set</STRONG> (Thumb, 24 bytes, Stack size 0 bytes, gd32f1x0_usart.o(i.usart_stop_bit_set))
<BR><BR>[Called By]<UL><LI><a href="#[9b]">&gt;&gt;</a>&nbsp;&nbsp;&nbsp;usart0_init
</UL>

<P><STRONG><a name="[a8]"></a>usart_transmit_config</STRONG> (Thumb, 16 bytes, Stack size 0 bytes, gd32f1x0_usart.o(i.usart_transmit_config))
<BR><BR>[Called By]<UL><LI><a href="#[9b]">&gt;&gt;</a>&nbsp;&nbsp;&nbsp;usart0_init
</UL>

<P><STRONG><a name="[a2]"></a>usart_word_length_set</STRONG> (Thumb, 24 bytes, Stack size 0 bytes, gd32f1x0_usart.o(i.usart_word_length_set))
<BR><BR>[Called By]<UL><LI><a href="#[9b]">&gt;&gt;</a>&nbsp;&nbsp;&nbsp;usart0_init
</UL>

<P><STRONG><a name="[87]"></a>verify_ymodem_packet</STRONG> (Thumb, 54 bytes, Stack size 16 bytes, crc_check.o(i.verify_ymodem_packet))
<BR><BR>[Stack]<UL><LI>Max Depth = 28<LI>Call Chain = verify_ymodem_packet &rArr; crc16_ccitt
</UL>
<BR>[Calls]<UL><LI><a href="#[ae]">&gt;&gt;</a>&nbsp;&nbsp;&nbsp;crc16_ccitt
</UL>
<BR>[Called By]<UL><LI><a href="#[61]">&gt;&gt;</a>&nbsp;&nbsp;&nbsp;header_packet_valid
<LI><a href="#[53]">&gt;&gt;</a>&nbsp;&nbsp;&nbsp;ymodem_recv
</UL>

<P><STRONG><a name="[92]"></a>ymodem_abort_transfer</STRONG> (Thumb, 34 bytes, Stack size 4 bytes, ymodem.o(i.ymodem_abort_transfer))
<BR><BR>[Stack]<UL><LI>Max Depth = 4<LI>Call Chain = ymodem_abort_transfer
</UL>
<BR>[Calls]<UL><LI><a href="#[81]">&gt;&gt;</a>&nbsp;&nbsp;&nbsp;ymodem_reset_transfer
<LI><a href="#[af]">&gt;&gt;</a>&nbsp;&nbsp;&nbsp;queue_initiate
</UL>
<BR>[Called By]<UL><LI><a href="#[40]">&gt;&gt;</a>&nbsp;&nbsp;&nbsp;main
</UL>

<P><STRONG><a name="[65]"></a>ymodem_ack</STRONG> (Thumb, 10 bytes, Stack size 8 bytes, ymodem.o(i.ymodem_ack))
<BR><BR>[Stack]<UL><LI>Max Depth = 24<LI>Call Chain = ymodem_ack &rArr; usart0_send_byte &rArr; usart_flag_get
</UL>
<BR>[Calls]<UL><LI><a href="#[ab]">&gt;&gt;</a>&nbsp;&nbsp;&nbsp;usart0_send_byte
</UL>
<BR>[Called By]<UL><LI><a href="#[60]">&gt;&gt;</a>&nbsp;&nbsp;&nbsp;begin_transfer
<LI><a href="#[53]">&gt;&gt;</a>&nbsp;&nbsp;&nbsp;ymodem_recv
</UL>

<P><STRONG><a name="[66]"></a>ymodem_c</STRONG> (Thumb, 10 bytes, Stack size 8 bytes, ymodem.o(i.ymodem_c))
<BR><BR>[Stack]<UL><LI>Max Depth = 24<LI>Call Chain = ymodem_c &rArr; usart0_send_byte &rArr; usart_flag_get
</UL>
<BR>[Calls]<UL><LI><a href="#[ab]">&gt;&gt;</a>&nbsp;&nbsp;&nbsp;usart0_send_byte
</UL>
<BR>[Called By]<UL><LI><a href="#[60]">&gt;&gt;</a>&nbsp;&nbsp;&nbsp;begin_transfer
<LI><a href="#[40]">&gt;&gt;</a>&nbsp;&nbsp;&nbsp;main
<LI><a href="#[53]">&gt;&gt;</a>&nbsp;&nbsp;&nbsp;ymodem_recv
</UL>

<P><STRONG><a name="[8d]"></a>ymodem_init</STRONG> (Thumb, 38 bytes, Stack size 8 bytes, ymodem.o(i.ymodem_init))
<BR><BR>[Stack]<UL><LI>Max Depth = 144<LI>Call Chain = ymodem_init &rArr; usart0_init &rArr; usart_baudrate_set &rArr; rcu_clock_freq_get
</UL>
<BR>[Calls]<UL><LI><a href="#[9b]">&gt;&gt;</a>&nbsp;&nbsp;&nbsp;usart0_init
<LI><a href="#[81]">&gt;&gt;</a>&nbsp;&nbsp;&nbsp;ymodem_reset_transfer
<LI><a href="#[b0]">&gt;&gt;</a>&nbsp;&nbsp;&nbsp;ymodem_timer_init
<LI><a href="#[af]">&gt;&gt;</a>&nbsp;&nbsp;&nbsp;queue_initiate
</UL>
<BR>[Called By]<UL><LI><a href="#[40]">&gt;&gt;</a>&nbsp;&nbsp;&nbsp;main
</UL>

<P><STRONG><a name="[52]"></a>ymodem_nack</STRONG> (Thumb, 10 bytes, Stack size 8 bytes, ymodem.o(i.ymodem_nack))
<BR><BR>[Stack]<UL><LI>Max Depth = 24<LI>Call Chain = ymodem_nack &rArr; usart0_send_byte &rArr; usart_flag_get
</UL>
<BR>[Calls]<UL><LI><a href="#[ab]">&gt;&gt;</a>&nbsp;&nbsp;&nbsp;usart0_send_byte
</UL>
<BR>[Called By]<UL><LI><a href="#[60]">&gt;&gt;</a>&nbsp;&nbsp;&nbsp;begin_transfer
<LI><a href="#[53]">&gt;&gt;</a>&nbsp;&nbsp;&nbsp;ymodem_recv
<LI><a href="#[1e]">&gt;&gt;</a>&nbsp;&nbsp;&nbsp;TIMER2_IRQHandler
</UL>

<P><STRONG><a name="[53]"></a>ymodem_recv</STRONG> (Thumb, 586 bytes, Stack size 72 bytes, ymodem.o(i.ymodem_recv))
<BR><BR>[Stack]<UL><LI>Max Depth = 288<LI>Call Chain = ymodem_recv &rArr; begin_transfer &rArr; boot_metadata_read &rArr; legacy_to_metadata &rArr; boot_image_is_valid &rArr; boot_image_crc32
</UL>
<BR>[Calls]<UL><LI><a href="#[b1]">&gt;&gt;</a>&nbsp;&nbsp;&nbsp;is_empty_end_header
<LI><a href="#[61]">&gt;&gt;</a>&nbsp;&nbsp;&nbsp;header_packet_valid
<LI><a href="#[60]">&gt;&gt;</a>&nbsp;&nbsp;&nbsp;begin_transfer
<LI><a href="#[87]">&gt;&gt;</a>&nbsp;&nbsp;&nbsp;verify_ymodem_packet
<LI><a href="#[69]">&gt;&gt;</a>&nbsp;&nbsp;&nbsp;boot_image_crc32
<LI><a href="#[6c]">&gt;&gt;</a>&nbsp;&nbsp;&nbsp;mcu_flash_write
<LI><a href="#[81]">&gt;&gt;</a>&nbsp;&nbsp;&nbsp;ymodem_reset_transfer
<LI><a href="#[66]">&gt;&gt;</a>&nbsp;&nbsp;&nbsp;ymodem_c
<LI><a href="#[71]">&gt;&gt;</a>&nbsp;&nbsp;&nbsp;boot_metadata_write
<LI><a href="#[63]">&gt;&gt;</a>&nbsp;&nbsp;&nbsp;boot_metadata_read
<LI><a href="#[5d]">&gt;&gt;</a>&nbsp;&nbsp;&nbsp;boot_image_is_valid
<LI><a href="#[52]">&gt;&gt;</a>&nbsp;&nbsp;&nbsp;ymodem_nack
<LI><a href="#[65]">&gt;&gt;</a>&nbsp;&nbsp;&nbsp;ymodem_ack
</UL>
<BR>[Called By]<UL><LI><a href="#[1e]">&gt;&gt;</a>&nbsp;&nbsp;&nbsp;TIMER2_IRQHandler
</UL>

<P><STRONG><a name="[81]"></a>ymodem_reset_transfer</STRONG> (Thumb, 42 bytes, Stack size 0 bytes, ymodem.o(i.ymodem_reset_transfer))
<BR><BR>[Called By]<UL><LI><a href="#[8d]">&gt;&gt;</a>&nbsp;&nbsp;&nbsp;ymodem_init
<LI><a href="#[92]">&gt;&gt;</a>&nbsp;&nbsp;&nbsp;ymodem_abort_transfer
<LI><a href="#[40]">&gt;&gt;</a>&nbsp;&nbsp;&nbsp;main
<LI><a href="#[80]">&gt;&gt;</a>&nbsp;&nbsp;&nbsp;enter_update_mode
<LI><a href="#[53]">&gt;&gt;</a>&nbsp;&nbsp;&nbsp;ymodem_recv
</UL>

<P><STRONG><a name="[91]"></a>ymodem_take_rx_activity</STRONG> (Thumb, 26 bytes, Stack size 0 bytes, ymodem.o(i.ymodem_take_rx_activity))
<BR><BR>[Called By]<UL><LI><a href="#[40]">&gt;&gt;</a>&nbsp;&nbsp;&nbsp;main
</UL>

<P><STRONG><a name="[b0]"></a>ymodem_timer_init</STRONG> (Thumb, 88 bytes, Stack size 24 bytes, ymodem.o(i.ymodem_timer_init))
<BR><BR>[Stack]<UL><LI>Max Depth = 48<LI>Call Chain = ymodem_timer_init &rArr; nvic_irq_enable
</UL>
<BR>[Calls]<UL><LI><a href="#[9c]">&gt;&gt;</a>&nbsp;&nbsp;&nbsp;rcu_periph_clock_enable
<LI><a href="#[96]">&gt;&gt;</a>&nbsp;&nbsp;&nbsp;nvic_irq_enable
<LI><a href="#[b3]">&gt;&gt;</a>&nbsp;&nbsp;&nbsp;timer_update_event_enable
<LI><a href="#[b4]">&gt;&gt;</a>&nbsp;&nbsp;&nbsp;timer_interrupt_enable
<LI><a href="#[b2]">&gt;&gt;</a>&nbsp;&nbsp;&nbsp;timer_init
<LI><a href="#[56]">&gt;&gt;</a>&nbsp;&nbsp;&nbsp;timer_enable
<LI><a href="#[98]">&gt;&gt;</a>&nbsp;&nbsp;&nbsp;timer_deinit
</UL>
<BR>[Called By]<UL><LI><a href="#[8d]">&gt;&gt;</a>&nbsp;&nbsp;&nbsp;ymodem_init
</UL>
<P>
<H3>
Local Symbols
</H3>
<P><STRONG><a name="[5c]"></a>active_image_valid</STRONG> (Thumb, 30 bytes, Stack size 8 bytes, main.o(i.active_image_valid))
<BR><BR>[Stack]<UL><LI>Max Depth = 56<LI>Call Chain = active_image_valid &rArr; boot_image_is_valid &rArr; boot_image_crc32
</UL>
<BR>[Calls]<UL><LI><a href="#[5d]">&gt;&gt;</a>&nbsp;&nbsp;&nbsp;boot_image_is_valid
</UL>
<BR>[Called By]<UL><LI><a href="#[40]">&gt;&gt;</a>&nbsp;&nbsp;&nbsp;main
<LI><a href="#[8f]">&gt;&gt;</a>&nbsp;&nbsp;&nbsp;recover_receiving
<LI><a href="#[8e]">&gt;&gt;</a>&nbsp;&nbsp;&nbsp;prepare_update
<LI><a href="#[83]">&gt;&gt;</a>&nbsp;&nbsp;&nbsp;fallback_to_confirmed_app
<LI><a href="#[80]">&gt;&gt;</a>&nbsp;&nbsp;&nbsp;enter_update_mode
</UL>

<P><STRONG><a name="[5e]"></a>backup_image_valid</STRONG> (Thumb, 28 bytes, Stack size 8 bytes, main.o(i.backup_image_valid))
<BR><BR>[Stack]<UL><LI>Max Depth = 48<LI>Call Chain = backup_image_valid &rArr; boot_backup_is_valid &rArr; boot_image_crc32
</UL>
<BR>[Calls]<UL><LI><a href="#[5f]">&gt;&gt;</a>&nbsp;&nbsp;&nbsp;boot_backup_is_valid
</UL>
<BR>[Called By]<UL><LI><a href="#[8f]">&gt;&gt;</a>&nbsp;&nbsp;&nbsp;recover_receiving
<LI><a href="#[8e]">&gt;&gt;</a>&nbsp;&nbsp;&nbsp;prepare_update
<LI><a href="#[83]">&gt;&gt;</a>&nbsp;&nbsp;&nbsp;fallback_to_confirmed_app
<LI><a href="#[80]">&gt;&gt;</a>&nbsp;&nbsp;&nbsp;enter_update_mode
</UL>

<P><STRONG><a name="[7f]"></a>direct_image_valid</STRONG> (Thumb, 18 bytes, Stack size 8 bytes, main.o(i.direct_image_valid))
<BR><BR>[Stack]<UL><LI>Max Depth = 56<LI>Call Chain = direct_image_valid &rArr; boot_image_is_valid &rArr; boot_image_crc32
</UL>
<BR>[Calls]<UL><LI><a href="#[5d]">&gt;&gt;</a>&nbsp;&nbsp;&nbsp;boot_image_is_valid
</UL>
<BR>[Called By]<UL><LI><a href="#[40]">&gt;&gt;</a>&nbsp;&nbsp;&nbsp;main
</UL>

<P><STRONG><a name="[80]"></a>enter_update_mode</STRONG> (Thumb, 60 bytes, Stack size 8 bytes, main.o(i.enter_update_mode))
<BR><BR>[Stack]<UL><LI>Max Depth = 176<LI>Call Chain = enter_update_mode &rArr; boot_metadata_write &rArr; fmc_word_program &rArr; fmc_ready_wait
</UL>
<BR>[Calls]<UL><LI><a href="#[81]">&gt;&gt;</a>&nbsp;&nbsp;&nbsp;ymodem_reset_transfer
<LI><a href="#[82]">&gt;&gt;</a>&nbsp;&nbsp;&nbsp;set_ymodem_status
<LI><a href="#[71]">&gt;&gt;</a>&nbsp;&nbsp;&nbsp;boot_metadata_write
<LI><a href="#[5e]">&gt;&gt;</a>&nbsp;&nbsp;&nbsp;backup_image_valid
<LI><a href="#[5c]">&gt;&gt;</a>&nbsp;&nbsp;&nbsp;active_image_valid
</UL>
<BR>[Called By]<UL><LI><a href="#[40]">&gt;&gt;</a>&nbsp;&nbsp;&nbsp;main
</UL>

<P><STRONG><a name="[83]"></a>fallback_to_confirmed_app</STRONG> (Thumb, 62 bytes, Stack size 8 bytes, main.o(i.fallback_to_confirmed_app))
<BR><BR>[Stack]<UL><LI>Max Depth = 184<LI>Call Chain = fallback_to_confirmed_app &rArr; boot_restore_backup &rArr; boot_metadata_write &rArr; fmc_word_program &rArr; fmc_ready_wait
</UL>
<BR>[Calls]<UL><LI><a href="#[78]">&gt;&gt;</a>&nbsp;&nbsp;&nbsp;boot_restore_backup
<LI><a href="#[71]">&gt;&gt;</a>&nbsp;&nbsp;&nbsp;boot_metadata_write
<LI><a href="#[5e]">&gt;&gt;</a>&nbsp;&nbsp;&nbsp;backup_image_valid
<LI><a href="#[5c]">&gt;&gt;</a>&nbsp;&nbsp;&nbsp;active_image_valid
</UL>
<BR>[Called By]<UL><LI><a href="#[40]">&gt;&gt;</a>&nbsp;&nbsp;&nbsp;main
</UL>

<P><STRONG><a name="[8e]"></a>prepare_update</STRONG> (Thumb, 92 bytes, Stack size 8 bytes, main.o(i.prepare_update))
<BR><BR>[Stack]<UL><LI>Max Depth = 176<LI>Call Chain = prepare_update &rArr; boot_metadata_write &rArr; fmc_word_program &rArr; fmc_ready_wait
</UL>
<BR>[Calls]<UL><LI><a href="#[71]">&gt;&gt;</a>&nbsp;&nbsp;&nbsp;boot_metadata_write
<LI><a href="#[6a]">&gt;&gt;</a>&nbsp;&nbsp;&nbsp;boot_copy_image
<LI><a href="#[5e]">&gt;&gt;</a>&nbsp;&nbsp;&nbsp;backup_image_valid
<LI><a href="#[5c]">&gt;&gt;</a>&nbsp;&nbsp;&nbsp;active_image_valid
</UL>
<BR>[Called By]<UL><LI><a href="#[40]">&gt;&gt;</a>&nbsp;&nbsp;&nbsp;main
</UL>

<P><STRONG><a name="[8f]"></a>recover_receiving</STRONG> (Thumb, 80 bytes, Stack size 8 bytes, main.o(i.recover_receiving))
<BR><BR>[Stack]<UL><LI>Max Depth = 176<LI>Call Chain = recover_receiving &rArr; boot_metadata_write &rArr; fmc_word_program &rArr; fmc_ready_wait
</UL>
<BR>[Calls]<UL><LI><a href="#[71]">&gt;&gt;</a>&nbsp;&nbsp;&nbsp;boot_metadata_write
<LI><a href="#[6a]">&gt;&gt;</a>&nbsp;&nbsp;&nbsp;boot_copy_image
<LI><a href="#[5e]">&gt;&gt;</a>&nbsp;&nbsp;&nbsp;backup_image_valid
<LI><a href="#[5c]">&gt;&gt;</a>&nbsp;&nbsp;&nbsp;active_image_valid
</UL>
<BR>[Called By]<UL><LI><a href="#[40]">&gt;&gt;</a>&nbsp;&nbsp;&nbsp;main
</UL>

<P><STRONG><a name="[4b]"></a>_soft_delay_</STRONG> (Thumb, 28 bytes, Stack size 8 bytes, system_gd32f1x0.o(i._soft_delay_))
<BR><BR>[Stack]<UL><LI>Max Depth = 8<LI>Call Chain = _soft_delay_
</UL>
<BR>[Called By]<UL><LI><a href="#[34]">&gt;&gt;</a>&nbsp;&nbsp;&nbsp;SystemInit
</UL>

<P><STRONG><a name="[97]"></a>system_clock_48m_hxtal</STRONG> (Thumb, 162 bytes, Stack size 8 bytes, system_gd32f1x0.o(i.system_clock_48m_hxtal))
<BR><BR>[Stack]<UL><LI>Max Depth = 8<LI>Call Chain = system_clock_48m_hxtal
</UL>
<BR>[Called By]<UL><LI><a href="#[4c]">&gt;&gt;</a>&nbsp;&nbsp;&nbsp;system_clock_config
</UL>

<P><STRONG><a name="[4c]"></a>system_clock_config</STRONG> (Thumb, 8 bytes, Stack size 8 bytes, system_gd32f1x0.o(i.system_clock_config))
<BR><BR>[Stack]<UL><LI>Max Depth = 16<LI>Call Chain = system_clock_config &rArr; system_clock_48m_hxtal
</UL>
<BR>[Calls]<UL><LI><a href="#[97]">&gt;&gt;</a>&nbsp;&nbsp;&nbsp;system_clock_48m_hxtal
</UL>
<BR>[Called By]<UL><LI><a href="#[34]">&gt;&gt;</a>&nbsp;&nbsp;&nbsp;SystemInit
</UL>

<P><STRONG><a name="[73]"></a>crc32_bytes</STRONG> (Thumb, 58 bytes, Stack size 12 bytes, boot_flag.o(i.crc32_bytes))
<BR><BR>[Stack]<UL><LI>Max Depth = 12<LI>Call Chain = crc32_bytes
</UL>
<BR>[Called By]<UL><LI><a href="#[6e]">&gt;&gt;</a>&nbsp;&nbsp;&nbsp;metadata_record_valid
<LI><a href="#[89]">&gt;&gt;</a>&nbsp;&nbsp;&nbsp;legacy_record_valid
<LI><a href="#[71]">&gt;&gt;</a>&nbsp;&nbsp;&nbsp;boot_metadata_write
</UL>

<P><STRONG><a name="[89]"></a>legacy_record_valid</STRONG> (Thumb, 52 bytes, Stack size 8 bytes, boot_flag.o(i.legacy_record_valid))
<BR><BR>[Stack]<UL><LI>Max Depth = 20<LI>Call Chain = legacy_record_valid &rArr; crc32_bytes
</UL>
<BR>[Calls]<UL><LI><a href="#[73]">&gt;&gt;</a>&nbsp;&nbsp;&nbsp;crc32_bytes
</UL>
<BR>[Called By]<UL><LI><a href="#[6f]">&gt;&gt;</a>&nbsp;&nbsp;&nbsp;legacy_to_metadata
</UL>

<P><STRONG><a name="[6f]"></a>legacy_to_metadata</STRONG> (Thumb, 80 bytes, Stack size 24 bytes, boot_flag.o(i.legacy_to_metadata))
<BR><BR>[Stack]<UL><LI>Max Depth = 72<LI>Call Chain = legacy_to_metadata &rArr; boot_image_is_valid &rArr; boot_image_crc32
</UL>
<BR>[Calls]<UL><LI><a href="#[89]">&gt;&gt;</a>&nbsp;&nbsp;&nbsp;legacy_record_valid
<LI><a href="#[5d]">&gt;&gt;</a>&nbsp;&nbsp;&nbsp;boot_image_is_valid
<LI><a href="#[8a]">&gt;&gt;</a>&nbsp;&nbsp;&nbsp;__aeabi_memclr4
</UL>
<BR>[Called By]<UL><LI><a href="#[63]">&gt;&gt;</a>&nbsp;&nbsp;&nbsp;boot_metadata_read
</UL>

<P><STRONG><a name="[6e]"></a>metadata_record_valid</STRONG> (Thumb, 86 bytes, Stack size 16 bytes, boot_flag.o(i.metadata_record_valid))
<BR><BR>[Stack]<UL><LI>Max Depth = 28<LI>Call Chain = metadata_record_valid &rArr; crc32_bytes
</UL>
<BR>[Calls]<UL><LI><a href="#[72]">&gt;&gt;</a>&nbsp;&nbsp;&nbsp;metadata_state_valid
<LI><a href="#[73]">&gt;&gt;</a>&nbsp;&nbsp;&nbsp;crc32_bytes
<LI><a href="#[94]">&gt;&gt;</a>&nbsp;&nbsp;&nbsp;__aeabi_memcpy
</UL>
<BR>[Called By]<UL><LI><a href="#[71]">&gt;&gt;</a>&nbsp;&nbsp;&nbsp;boot_metadata_write
<LI><a href="#[63]">&gt;&gt;</a>&nbsp;&nbsp;&nbsp;boot_metadata_read
</UL>

<P><STRONG><a name="[72]"></a>metadata_state_valid</STRONG> (Thumb, 40 bytes, Stack size 0 bytes, boot_flag.o(i.metadata_state_valid))
<BR><BR>[Called By]<UL><LI><a href="#[6e]">&gt;&gt;</a>&nbsp;&nbsp;&nbsp;metadata_record_valid
<LI><a href="#[71]">&gt;&gt;</a>&nbsp;&nbsp;&nbsp;boot_metadata_write
</UL>

<P><STRONG><a name="[70]"></a>sequence_is_newer</STRONG> (Thumb, 16 bytes, Stack size 0 bytes, boot_flag.o(i.sequence_is_newer))
<BR><BR>[Called By]<UL><LI><a href="#[71]">&gt;&gt;</a>&nbsp;&nbsp;&nbsp;boot_metadata_write
<LI><a href="#[63]">&gt;&gt;</a>&nbsp;&nbsp;&nbsp;boot_metadata_read
</UL>

<P><STRONG><a name="[79]"></a>cleanup_bootloader_environment</STRONG> (Thumb, 80 bytes, Stack size 8 bytes, bootloader.o(i.cleanup_bootloader_environment))
<BR><BR>[Stack]<UL><LI>Max Depth = 16<LI>Call Chain = cleanup_bootloader_environment &rArr; usart_interrupt_disable
</UL>
<BR>[Calls]<UL><LI><a href="#[7b]">&gt;&gt;</a>&nbsp;&nbsp;&nbsp;usart_interrupt_disable
<LI><a href="#[7c]">&gt;&gt;</a>&nbsp;&nbsp;&nbsp;usart_disable
<LI><a href="#[7a]">&gt;&gt;</a>&nbsp;&nbsp;&nbsp;timer_interrupt_disable
<LI><a href="#[50]">&gt;&gt;</a>&nbsp;&nbsp;&nbsp;timer_disable
</UL>
<BR>[Called By]<UL><LI><a href="#[88]">&gt;&gt;</a>&nbsp;&nbsp;&nbsp;jump_app
</UL>

<P><STRONG><a name="[95]"></a>flash_region_valid</STRONG> (Thumb, 68 bytes, Stack size 8 bytes, bootloader.o(i.flash_region_valid))
<BR><BR>[Stack]<UL><LI>Max Depth = 8<LI>Call Chain = flash_region_valid
</UL>
<BR>[Called By]<UL><LI><a href="#[6c]">&gt;&gt;</a>&nbsp;&nbsp;&nbsp;mcu_flash_write
</UL>

<P><STRONG><a name="[68]"></a>reset_vector_valid</STRONG> (Thumb, 36 bytes, Stack size 8 bytes, crc_check.o(i.reset_vector_valid))
<BR><BR>[Stack]<UL><LI>Max Depth = 8<LI>Call Chain = reset_vector_valid
</UL>
<BR>[Called By]<UL><LI><a href="#[5d]">&gt;&gt;</a>&nbsp;&nbsp;&nbsp;boot_image_is_valid
<LI><a href="#[5f]">&gt;&gt;</a>&nbsp;&nbsp;&nbsp;boot_backup_is_valid
</UL>

<P><STRONG><a name="[67]"></a>stack_pointer_valid</STRONG> (Thumb, 28 bytes, Stack size 0 bytes, crc_check.o(i.stack_pointer_valid))
<BR><BR>[Called By]<UL><LI><a href="#[5d]">&gt;&gt;</a>&nbsp;&nbsp;&nbsp;boot_image_is_valid
<LI><a href="#[5f]">&gt;&gt;</a>&nbsp;&nbsp;&nbsp;boot_backup_is_valid
</UL>

<P><STRONG><a name="[60]"></a>begin_transfer</STRONG> (Thumb, 118 bytes, Stack size 48 bytes, ymodem.o(i.begin_transfer))
<BR><BR>[Stack]<UL><LI>Max Depth = 216<LI>Call Chain = begin_transfer &rArr; boot_metadata_read &rArr; legacy_to_metadata &rArr; boot_image_is_valid &rArr; boot_image_crc32
</UL>
<BR>[Calls]<UL><LI><a href="#[62]">&gt;&gt;</a>&nbsp;&nbsp;&nbsp;parse_image_size
<LI><a href="#[61]">&gt;&gt;</a>&nbsp;&nbsp;&nbsp;header_packet_valid
<LI><a href="#[64]">&gt;&gt;</a>&nbsp;&nbsp;&nbsp;mcu_flash_erase
<LI><a href="#[66]">&gt;&gt;</a>&nbsp;&nbsp;&nbsp;ymodem_c
<LI><a href="#[63]">&gt;&gt;</a>&nbsp;&nbsp;&nbsp;boot_metadata_read
<LI><a href="#[5f]">&gt;&gt;</a>&nbsp;&nbsp;&nbsp;boot_backup_is_valid
<LI><a href="#[52]">&gt;&gt;</a>&nbsp;&nbsp;&nbsp;ymodem_nack
<LI><a href="#[65]">&gt;&gt;</a>&nbsp;&nbsp;&nbsp;ymodem_ack
</UL>
<BR>[Called By]<UL><LI><a href="#[53]">&gt;&gt;</a>&nbsp;&nbsp;&nbsp;ymodem_recv
</UL>

<P><STRONG><a name="[51]"></a>expected_frame_length</STRONG> (Thumb, 126 bytes, Stack size 0 bytes, ymodem.o(i.expected_frame_length))
<BR><BR>[Called By]<UL><LI><a href="#[1e]">&gt;&gt;</a>&nbsp;&nbsp;&nbsp;TIMER2_IRQHandler
</UL>

<P><STRONG><a name="[61]"></a>header_packet_valid</STRONG> (Thumb, 52 bytes, Stack size 8 bytes, ymodem.o(i.header_packet_valid))
<BR><BR>[Stack]<UL><LI>Max Depth = 36<LI>Call Chain = header_packet_valid &rArr; verify_ymodem_packet &rArr; crc16_ccitt
</UL>
<BR>[Calls]<UL><LI><a href="#[87]">&gt;&gt;</a>&nbsp;&nbsp;&nbsp;verify_ymodem_packet
</UL>
<BR>[Called By]<UL><LI><a href="#[60]">&gt;&gt;</a>&nbsp;&nbsp;&nbsp;begin_transfer
<LI><a href="#[53]">&gt;&gt;</a>&nbsp;&nbsp;&nbsp;ymodem_recv
</UL>

<P><STRONG><a name="[b1]"></a>is_empty_end_header</STRONG> (Thumb, 26 bytes, Stack size 0 bytes, ymodem.o(i.is_empty_end_header))
<BR><BR>[Called By]<UL><LI><a href="#[53]">&gt;&gt;</a>&nbsp;&nbsp;&nbsp;ymodem_recv
</UL>

<P><STRONG><a name="[62]"></a>parse_image_size</STRONG> (Thumb, 138 bytes, Stack size 16 bytes, ymodem.o(i.parse_image_size))
<BR><BR>[Stack]<UL><LI>Max Depth = 16<LI>Call Chain = parse_image_size
</UL>
<BR>[Called By]<UL><LI><a href="#[60]">&gt;&gt;</a>&nbsp;&nbsp;&nbsp;begin_transfer
</UL>

<P><STRONG><a name="[85]"></a>fmc_ready_wait</STRONG> (Thumb, 34 bytes, Stack size 16 bytes, gd32f1x0_fmc.o(i.fmc_ready_wait))
<BR><BR>[Stack]<UL><LI>Max Depth = 16<LI>Call Chain = fmc_ready_wait
</UL>
<BR>[Calls]<UL><LI><a href="#[86]">&gt;&gt;</a>&nbsp;&nbsp;&nbsp;fmc_state_get
</UL>
<BR>[Called By]<UL><LI><a href="#[84]">&gt;&gt;</a>&nbsp;&nbsp;&nbsp;fmc_halfword_program
<LI><a href="#[77]">&gt;&gt;</a>&nbsp;&nbsp;&nbsp;fmc_word_program
<LI><a href="#[75]">&gt;&gt;</a>&nbsp;&nbsp;&nbsp;fmc_page_erase
</UL>

<P><STRONG><a name="[86]"></a>fmc_state_get</STRONG> (Thumb, 44 bytes, Stack size 0 bytes, gd32f1x0_fmc.o(i.fmc_state_get))
<BR><BR>[Called By]<UL><LI><a href="#[85]">&gt;&gt;</a>&nbsp;&nbsp;&nbsp;fmc_ready_wait
</UL>
<P>
<H3>
Undefined Global Symbols
</H3><HR></body></html>
