<!doctype html public "-//w3c//dtd html 4.0 transitional//en">
<html><head>
<title>Static Call Graph - [.\Objects\test.axf]</title></head>
<body><HR>
<H1>Static Call Graph for image .\Objects\test.axf</H1><HR>
<BR><P>#&#060CALLGRAPH&#062# ARM Linker, 5060750: Last Updated: Wed Sep 23 11:09:39 2026
<BR><P>
<H3>Maximum Stack Usage =        272 bytes + Unknown(Cycles, Untraceable Function Pointers)</H3><H3>
Call chain for Maximum Stack Depth:</H3>
__rt_entry_main &rArr; main &rArr; Modbus_Event &rArr; Modbus_Func6 &rArr; trigger_iap_update &rArr; write_update_pending &rArr; write_metadata &rArr; fmc_word_program &rArr; fmc_ready_wait
<P>
<H3>
Mutually Recursive functions
</H3> <LI><a href="#[19]">ADC_CMP_IRQHandler</a>&nbsp;&nbsp;&nbsp;&rArr;&nbsp;&nbsp;&nbsp;<a href="#[19]">ADC_CMP_IRQHandler</a><BR>
</UL>
<P>
<H3>
Function Pointers
</H3><UL>
 <LI><a href="#[19]">ADC_CMP_IRQHandler</a> from startup_gd32f1x0.o(.text) referenced from startup_gd32f1x0.o(RESET)
 <LI><a href="#[7]">BusFault_Handler</a> from gd32f1x0_it.o(i.BusFault_Handler) referenced from startup_gd32f1x0.o(RESET)
 <LI><a href="#[29]">CEC_IRQHandler</a> from startup_gd32f1x0.o(.text) referenced from startup_gd32f1x0.o(RESET)
 <LI><a href="#[16]">DMA_Channel0_IRQHandler</a> from startup_gd32f1x0.o(.text) referenced from startup_gd32f1x0.o(RESET)
 <LI><a href="#[17]">DMA_Channel1_2_IRQHandler</a> from startup_gd32f1x0.o(.text) referenced from startup_gd32f1x0.o(RESET)
 <LI><a href="#[18]">DMA_Channel3_4_IRQHandler</a> from startup_gd32f1x0.o(.text) referenced from startup_gd32f1x0.o(RESET)
 <LI><a href="#[31]">DMA_Channel5_6_IRQHandler</a> from startup_gd32f1x0.o(.text) referenced from startup_gd32f1x0.o(RESET)
 <LI><a href="#[a]">DebugMon_Handler</a> from gd32f1x0_it.o(i.DebugMon_Handler) referenced from startup_gd32f1x0.o(RESET)
 <LI><a href="#[12]">EXTI0_1_IRQHandler</a> from startup_gd32f1x0.o(.text) referenced from startup_gd32f1x0.o(RESET)
 <LI><a href="#[13]">EXTI2_3_IRQHandler</a> from startup_gd32f1x0.o(.text) referenced from startup_gd32f1x0.o(RESET)
 <LI><a href="#[14]">EXTI4_15_IRQHandler</a> from startup_gd32f1x0.o(.text) referenced from startup_gd32f1x0.o(RESET)
 <LI><a href="#[10]">FMC_IRQHandler</a> from startup_gd32f1x0.o(.text) referenced from startup_gd32f1x0.o(RESET)
 <LI><a href="#[5]">HardFault_Handler</a> from gd32f1x0_it.o(i.HardFault_Handler) referenced from startup_gd32f1x0.o(RESET)
 <LI><a href="#[2a]">I2C0_ER_IRQHandler</a> from startup_gd32f1x0.o(.text) referenced from startup_gd32f1x0.o(RESET)
 <LI><a href="#[23]">I2C0_EV_IRQHandler</a> from startup_gd32f1x0.o(.text) referenced from startup_gd32f1x0.o(RESET)
 <LI><a href="#[2b]">I2C1_ER_IRQHandler</a> from startup_gd32f1x0.o(.text) referenced from startup_gd32f1x0.o(RESET)
 <LI><a href="#[24]">I2C1_EV_IRQHandler</a> from startup_gd32f1x0.o(.text) referenced from startup_gd32f1x0.o(RESET)
 <LI><a href="#[2d]">I2C2_ER_IRQHandler</a> from startup_gd32f1x0.o(.text) referenced from startup_gd32f1x0.o(RESET)
 <LI><a href="#[2c]">I2C2_EV_IRQHandler</a> from startup_gd32f1x0.o(.text) referenced from startup_gd32f1x0.o(RESET)
 <LI><a href="#[e]">LVD_IRQHandler</a> from startup_gd32f1x0.o(.text) referenced from startup_gd32f1x0.o(RESET)
 <LI><a href="#[6]">MemManage_Handler</a> from gd32f1x0_it.o(i.MemManage_Handler) referenced from startup_gd32f1x0.o(RESET)
 <LI><a href="#[4]">NMI_Handler</a> from gd32f1x0_it.o(i.NMI_Handler) referenced from startup_gd32f1x0.o(RESET)
 <LI><a href="#[b]">PendSV_Handler</a> from gd32f1x0_it.o(i.PendSV_Handler) referenced from startup_gd32f1x0.o(RESET)
 <LI><a href="#[11]">RCU_IRQHandler</a> from startup_gd32f1x0.o(.text) referenced from startup_gd32f1x0.o(RESET)
 <LI><a href="#[f]">RTC_IRQHandler</a> from startup_gd32f1x0.o(.text) referenced from startup_gd32f1x0.o(RESET)
 <LI><a href="#[3]">Reset_Handler</a> from startup_gd32f1x0.o(.text) referenced from startup_gd32f1x0.o(RESET)
 <LI><a href="#[25]">SPI0_IRQHandler</a> from startup_gd32f1x0.o(.text) referenced from startup_gd32f1x0.o(RESET)
 <LI><a href="#[26]">SPI1_IRQHandler</a> from startup_gd32f1x0.o(.text) referenced from startup_gd32f1x0.o(RESET)
 <LI><a href="#[32]">SPI2_IRQHandler</a> from startup_gd32f1x0.o(.text) referenced from startup_gd32f1x0.o(RESET)
 <LI><a href="#[9]">SVC_Handler</a> from gd32f1x0_it.o(i.SVC_Handler) referenced from startup_gd32f1x0.o(RESET)
 <LI><a href="#[c]">SysTick_Handler</a> from gd32f1x0_it.o(i.SysTick_Handler) referenced from startup_gd32f1x0.o(RESET)
 <LI><a href="#[33]">SystemInit</a> from system_gd32f1x0.o(i.SystemInit) referenced from startup_gd32f1x0.o(.text)
 <LI><a href="#[1a]">TIMER0_BRK_UP_TRG_COM_IRQHandler</a> from startup_gd32f1x0.o(.text) referenced from startup_gd32f1x0.o(RESET)
 <LI><a href="#[1b]">TIMER0_Channel_IRQHandler</a> from startup_gd32f1x0.o(.text) referenced from startup_gd32f1x0.o(RESET)
 <LI><a href="#[1f]">TIMER13_IRQHandler</a> from startup_gd32f1x0.o(.text) referenced from startup_gd32f1x0.o(RESET)
 <LI><a href="#[20]">TIMER14_IRQHandler</a> from startup_gd32f1x0.o(.text) referenced from startup_gd32f1x0.o(RESET)
 <LI><a href="#[21]">TIMER15_IRQHandler</a> from startup_gd32f1x0.o(.text) referenced from startup_gd32f1x0.o(RESET)
 <LI><a href="#[22]">TIMER16_IRQHandler</a> from startup_gd32f1x0.o(.text) referenced from startup_gd32f1x0.o(RESET)
 <LI><a href="#[1c]">TIMER1_IRQHandler</a> from startup_gd32f1x0.o(.text) referenced from startup_gd32f1x0.o(RESET)
 <LI><a href="#[1d]">TIMER2_IRQHandler</a> from timer.o(i.TIMER2_IRQHandler) referenced from startup_gd32f1x0.o(RESET)
 <LI><a href="#[1e]">TIMER5_DAC_IRQHandler</a> from startup_gd32f1x0.o(.text) referenced from startup_gd32f1x0.o(RESET)
 <LI><a href="#[15]">TSI_IRQHandler</a> from startup_gd32f1x0.o(.text) referenced from startup_gd32f1x0.o(RESET)
 <LI><a href="#[27]">USART0_IRQHandler</a> from rs485.o(i.USART0_IRQHandler) referenced from startup_gd32f1x0.o(RESET)
 <LI><a href="#[28]">USART1_IRQHandler</a> from startup_gd32f1x0.o(.text) referenced from startup_gd32f1x0.o(RESET)
 <LI><a href="#[30]">USBDWakeUp_IRQHandler</a> from startup_gd32f1x0.o(.text) referenced from startup_gd32f1x0.o(RESET)
 <LI><a href="#[2f]">USBD_HP_IRQHandler</a> from startup_gd32f1x0.o(.text) referenced from startup_gd32f1x0.o(RESET)
 <LI><a href="#[2e]">USBD_LP_IRQHandler</a> from startup_gd32f1x0.o(.text) referenced from startup_gd32f1x0.o(RESET)
 <LI><a href="#[8]">UsageFault_Handler</a> from gd32f1x0_it.o(i.UsageFault_Handler) referenced from startup_gd32f1x0.o(RESET)
 <LI><a href="#[d]">WWDGT_IRQHandler</a> from startup_gd32f1x0.o(.text) referenced from startup_gd32f1x0.o(RESET)
 <LI><a href="#[37]">__main</a> from __main.o(!!!main) referenced from startup_gd32f1x0.o(.text)
 <LI><a href="#[36]">_printf_input_char</a> from _printf_char_common.o(.text) referenced from _printf_char_common.o(.text)
 <LI><a href="#[35]">_snputc</a> from _snputc.o(.text) referenced from noretval__2snprintf.o(.text)
</UL>
<P>
<H3>
Global Symbols
</H3>
<P><STRONG><a name="[37]"></a>__main</STRONG> (Thumb, 8 bytes, Stack size 0 bytes, __main.o(!!!main))
<BR><BR>[Calls]<UL><LI><a href="#[38]">&gt;&gt;</a>&nbsp;&nbsp;&nbsp;__scatterload
<LI><a href="#[39]">&gt;&gt;</a>&nbsp;&nbsp;&nbsp;__rt_entry
</UL>

<P><STRONG><a name="[38]"></a>__scatterload</STRONG> (Thumb, 0 bytes, Stack size unknown bytes, __scatter.o(!!!scatter))
<BR><BR>[Called By]<UL><LI><a href="#[37]">&gt;&gt;</a>&nbsp;&nbsp;&nbsp;__main
</UL>

<P><STRONG><a name="[3a]"></a>__scatterload_rt2</STRONG> (Thumb, 44 bytes, Stack size unknown bytes, __scatter.o(!!!scatter), UNUSED)
<BR><BR>[Calls]<UL><LI><a href="#[39]">&gt;&gt;</a>&nbsp;&nbsp;&nbsp;__rt_entry
</UL>

<P><STRONG><a name="[d3]"></a>__scatterload_rt2_thumb_only</STRONG> (Thumb, 0 bytes, Stack size unknown bytes, __scatter.o(!!!scatter), UNUSED)

<P><STRONG><a name="[d4]"></a>__scatterload_null</STRONG> (Thumb, 0 bytes, Stack size unknown bytes, __scatter.o(!!!scatter), UNUSED)

<P><STRONG><a name="[3b]"></a>__scatterload_copy</STRONG> (Thumb, 26 bytes, Stack size unknown bytes, __scatter_copy.o(!!handler_copy), UNUSED)
<BR><BR>[Calls]<UL><LI><a href="#[3b]">&gt;&gt;</a>&nbsp;&nbsp;&nbsp;__scatterload_copy
</UL>
<BR>[Called By]<UL><LI><a href="#[3b]">&gt;&gt;</a>&nbsp;&nbsp;&nbsp;__scatterload_copy
</UL>

<P><STRONG><a name="[d5]"></a>__scatterload_zeroinit</STRONG> (Thumb, 28 bytes, Stack size unknown bytes, __scatter_zi.o(!!handler_zi), UNUSED)

<P><STRONG><a name="[3c]"></a>_printf_d</STRONG> (Thumb, 0 bytes, Stack size unknown bytes, _printf_d.o(.ARM.Collect$$_printf_percent$$00000009))
<BR><BR>[Stack]<UL><LI>Max Depth = 56 + Unknown Stack Size
<LI>Call Chain = _printf_d &rArr; _printf_int_dec &rArr; _printf_int_common
</UL>
<BR>[Calls]<UL><LI><a href="#[3d]">&gt;&gt;</a>&nbsp;&nbsp;&nbsp;_printf_int_dec
</UL>

<P><STRONG><a name="[4d]"></a>_printf_percent</STRONG> (Thumb, 0 bytes, Stack size unknown bytes, _printf_percent.o(.ARM.Collect$$_printf_percent$$00000000))
<BR><BR>[Called By]<UL><LI><a href="#[4c]">&gt;&gt;</a>&nbsp;&nbsp;&nbsp;__printf
</UL>

<P><STRONG><a name="[d6]"></a>_printf_percent_end</STRONG> (Thumb, 0 bytes, Stack size unknown bytes, _printf_percent_end.o(.ARM.Collect$$_printf_percent$$00000017))

<P><STRONG><a name="[41]"></a>__rt_lib_init</STRONG> (Thumb, 0 bytes, Stack size unknown bytes, libinit.o(.ARM.Collect$$libinit$$00000000))
<BR><BR>[Called By]<UL><LI><a href="#[40]">&gt;&gt;</a>&nbsp;&nbsp;&nbsp;__rt_entry_li
</UL>

<P><STRONG><a name="[d7]"></a>__rt_lib_init_alloca_1</STRONG> (Thumb, 0 bytes, Stack size unknown bytes, libinit2.o(.ARM.Collect$$libinit$$0000002E))

<P><STRONG><a name="[d8]"></a>__rt_lib_init_argv_1</STRONG> (Thumb, 0 bytes, Stack size unknown bytes, libinit2.o(.ARM.Collect$$libinit$$0000002C))

<P><STRONG><a name="[d9]"></a>__rt_lib_init_atexit_1</STRONG> (Thumb, 0 bytes, Stack size unknown bytes, libinit2.o(.ARM.Collect$$libinit$$0000001B))

<P><STRONG><a name="[da]"></a>__rt_lib_init_clock_1</STRONG> (Thumb, 0 bytes, Stack size unknown bytes, libinit2.o(.ARM.Collect$$libinit$$00000021))

<P><STRONG><a name="[db]"></a>__rt_lib_init_cpp_1</STRONG> (Thumb, 0 bytes, Stack size unknown bytes, libinit2.o(.ARM.Collect$$libinit$$00000032))

<P><STRONG><a name="[dc]"></a>__rt_lib_init_exceptions_1</STRONG> (Thumb, 0 bytes, Stack size unknown bytes, libinit2.o(.ARM.Collect$$libinit$$00000030))

<P><STRONG><a name="[dd]"></a>__rt_lib_init_fp_1</STRONG> (Thumb, 0 bytes, Stack size unknown bytes, libinit2.o(.ARM.Collect$$libinit$$00000002))

<P><STRONG><a name="[de]"></a>__rt_lib_init_fp_trap_1</STRONG> (Thumb, 0 bytes, Stack size unknown bytes, libinit2.o(.ARM.Collect$$libinit$$0000001F))

<P><STRONG><a name="[df]"></a>__rt_lib_init_getenv_1</STRONG> (Thumb, 0 bytes, Stack size unknown bytes, libinit2.o(.ARM.Collect$$libinit$$00000023))

<P><STRONG><a name="[e0]"></a>__rt_lib_init_heap_1</STRONG> (Thumb, 0 bytes, Stack size unknown bytes, libinit2.o(.ARM.Collect$$libinit$$0000000A))

<P><STRONG><a name="[e1]"></a>__rt_lib_init_lc_collate_1</STRONG> (Thumb, 0 bytes, Stack size unknown bytes, libinit2.o(.ARM.Collect$$libinit$$00000011))

<P><STRONG><a name="[e2]"></a>__rt_lib_init_lc_ctype_1</STRONG> (Thumb, 0 bytes, Stack size unknown bytes, libinit2.o(.ARM.Collect$$libinit$$00000013))

<P><STRONG><a name="[e3]"></a>__rt_lib_init_lc_monetary_1</STRONG> (Thumb, 0 bytes, Stack size unknown bytes, libinit2.o(.ARM.Collect$$libinit$$00000015))

<P><STRONG><a name="[e4]"></a>__rt_lib_init_lc_numeric_1</STRONG> (Thumb, 0 bytes, Stack size unknown bytes, libinit2.o(.ARM.Collect$$libinit$$00000017))

<P><STRONG><a name="[e5]"></a>__rt_lib_init_lc_time_1</STRONG> (Thumb, 0 bytes, Stack size unknown bytes, libinit2.o(.ARM.Collect$$libinit$$00000019))

<P><STRONG><a name="[e6]"></a>__rt_lib_init_preinit_1</STRONG> (Thumb, 0 bytes, Stack size unknown bytes, libinit2.o(.ARM.Collect$$libinit$$00000004))

<P><STRONG><a name="[e7]"></a>__rt_lib_init_rand_1</STRONG> (Thumb, 0 bytes, Stack size unknown bytes, libinit2.o(.ARM.Collect$$libinit$$0000000E))

<P><STRONG><a name="[e8]"></a>__rt_lib_init_return</STRONG> (Thumb, 0 bytes, Stack size unknown bytes, libinit2.o(.ARM.Collect$$libinit$$00000033))

<P><STRONG><a name="[e9]"></a>__rt_lib_init_signal_1</STRONG> (Thumb, 0 bytes, Stack size unknown bytes, libinit2.o(.ARM.Collect$$libinit$$0000001D))

<P><STRONG><a name="[ea]"></a>__rt_lib_init_stdio_1</STRONG> (Thumb, 0 bytes, Stack size unknown bytes, libinit2.o(.ARM.Collect$$libinit$$00000025))

<P><STRONG><a name="[eb]"></a>__rt_lib_init_user_alloc_1</STRONG> (Thumb, 0 bytes, Stack size unknown bytes, libinit2.o(.ARM.Collect$$libinit$$0000000C))

<P><STRONG><a name="[46]"></a>__rt_lib_shutdown</STRONG> (Thumb, 0 bytes, Stack size unknown bytes, libshutdown.o(.ARM.Collect$$libshutdown$$00000000))
<BR><BR>[Called By]<UL><LI><a href="#[45]">&gt;&gt;</a>&nbsp;&nbsp;&nbsp;__rt_exit_ls
</UL>

<P><STRONG><a name="[ec]"></a>__rt_lib_shutdown_cpp_1</STRONG> (Thumb, 0 bytes, Stack size unknown bytes, libshutdown2.o(.ARM.Collect$$libshutdown$$00000002))

<P><STRONG><a name="[ed]"></a>__rt_lib_shutdown_fp_trap_1</STRONG> (Thumb, 0 bytes, Stack size unknown bytes, libshutdown2.o(.ARM.Collect$$libshutdown$$00000007))

<P><STRONG><a name="[ee]"></a>__rt_lib_shutdown_heap_1</STRONG> (Thumb, 0 bytes, Stack size unknown bytes, libshutdown2.o(.ARM.Collect$$libshutdown$$0000000F))

<P><STRONG><a name="[ef]"></a>__rt_lib_shutdown_return</STRONG> (Thumb, 0 bytes, Stack size unknown bytes, libshutdown2.o(.ARM.Collect$$libshutdown$$00000010))

<P><STRONG><a name="[f0]"></a>__rt_lib_shutdown_signal_1</STRONG> (Thumb, 0 bytes, Stack size unknown bytes, libshutdown2.o(.ARM.Collect$$libshutdown$$0000000A))

<P><STRONG><a name="[f1]"></a>__rt_lib_shutdown_stdio_1</STRONG> (Thumb, 0 bytes, Stack size unknown bytes, libshutdown2.o(.ARM.Collect$$libshutdown$$00000004))

<P><STRONG><a name="[f2]"></a>__rt_lib_shutdown_user_alloc_1</STRONG> (Thumb, 0 bytes, Stack size unknown bytes, libshutdown2.o(.ARM.Collect$$libshutdown$$0000000C))

<P><STRONG><a name="[39]"></a>__rt_entry</STRONG> (Thumb, 0 bytes, Stack size unknown bytes, __rtentry.o(.ARM.Collect$$rtentry$$00000000))
<BR><BR>[Called By]<UL><LI><a href="#[3a]">&gt;&gt;</a>&nbsp;&nbsp;&nbsp;__scatterload_rt2
<LI><a href="#[37]">&gt;&gt;</a>&nbsp;&nbsp;&nbsp;__main
</UL>

<P><STRONG><a name="[f3]"></a>__rt_entry_presh_1</STRONG> (Thumb, 0 bytes, Stack size unknown bytes, __rtentry2.o(.ARM.Collect$$rtentry$$00000002))

<P><STRONG><a name="[3e]"></a>__rt_entry_sh</STRONG> (Thumb, 0 bytes, Stack size unknown bytes, __rtentry4.o(.ARM.Collect$$rtentry$$00000004))
<BR><BR>[Stack]<UL><LI>Max Depth = 8 + Unknown Stack Size
<LI>Call Chain = __rt_entry_sh &rArr; __user_setup_stackheap
</UL>
<BR>[Calls]<UL><LI><a href="#[3f]">&gt;&gt;</a>&nbsp;&nbsp;&nbsp;__user_setup_stackheap
</UL>

<P><STRONG><a name="[40]"></a>__rt_entry_li</STRONG> (Thumb, 0 bytes, Stack size unknown bytes, __rtentry2.o(.ARM.Collect$$rtentry$$0000000A))
<BR><BR>[Calls]<UL><LI><a href="#[41]">&gt;&gt;</a>&nbsp;&nbsp;&nbsp;__rt_lib_init
</UL>

<P><STRONG><a name="[f4]"></a>__rt_entry_postsh_1</STRONG> (Thumb, 0 bytes, Stack size unknown bytes, __rtentry2.o(.ARM.Collect$$rtentry$$00000009))

<P><STRONG><a name="[42]"></a>__rt_entry_main</STRONG> (Thumb, 0 bytes, Stack size unknown bytes, __rtentry2.o(.ARM.Collect$$rtentry$$0000000D))
<BR><BR>[Stack]<UL><LI>Max Depth = 272 + Unknown Stack Size
<LI>Call Chain = __rt_entry_main &rArr; main &rArr; Modbus_Event &rArr; Modbus_Func6 &rArr; trigger_iap_update &rArr; write_update_pending &rArr; write_metadata &rArr; fmc_word_program &rArr; fmc_ready_wait
</UL>
<BR>[Calls]<UL><LI><a href="#[43]">&gt;&gt;</a>&nbsp;&nbsp;&nbsp;main
<LI><a href="#[44]">&gt;&gt;</a>&nbsp;&nbsp;&nbsp;exit
</UL>

<P><STRONG><a name="[f5]"></a>__rt_entry_postli_1</STRONG> (Thumb, 0 bytes, Stack size unknown bytes, __rtentry2.o(.ARM.Collect$$rtentry$$0000000C))

<P><STRONG><a name="[53]"></a>__rt_exit</STRONG> (Thumb, 0 bytes, Stack size unknown bytes, rtexit.o(.ARM.Collect$$rtexit$$00000000))
<BR><BR>[Called By]<UL><LI><a href="#[44]">&gt;&gt;</a>&nbsp;&nbsp;&nbsp;exit
</UL>

<P><STRONG><a name="[45]"></a>__rt_exit_ls</STRONG> (Thumb, 0 bytes, Stack size unknown bytes, rtexit2.o(.ARM.Collect$$rtexit$$00000003))
<BR><BR>[Calls]<UL><LI><a href="#[46]">&gt;&gt;</a>&nbsp;&nbsp;&nbsp;__rt_lib_shutdown
</UL>

<P><STRONG><a name="[f6]"></a>__rt_exit_prels_1</STRONG> (Thumb, 0 bytes, Stack size unknown bytes, rtexit2.o(.ARM.Collect$$rtexit$$00000002))

<P><STRONG><a name="[47]"></a>__rt_exit_exit</STRONG> (Thumb, 0 bytes, Stack size unknown bytes, rtexit2.o(.ARM.Collect$$rtexit$$00000004))
<BR><BR>[Calls]<UL><LI><a href="#[48]">&gt;&gt;</a>&nbsp;&nbsp;&nbsp;_sys_exit
</UL>

<P><STRONG><a name="[3]"></a>Reset_Handler</STRONG> (Thumb, 8 bytes, Stack size 0 bytes, startup_gd32f1x0.o(.text))
<BR>[Address Reference Count : 1]<UL><LI> startup_gd32f1x0.o(RESET)
</UL>
<P><STRONG><a name="[19]"></a>ADC_CMP_IRQHandler</STRONG> (Thumb, 0 bytes, Stack size 0 bytes, startup_gd32f1x0.o(.text))
<BR><BR>[Calls]<UL><LI><a href="#[19]">&gt;&gt;</a>&nbsp;&nbsp;&nbsp;ADC_CMP_IRQHandler
</UL>
<BR>[Called By]<UL><LI><a href="#[19]">&gt;&gt;</a>&nbsp;&nbsp;&nbsp;ADC_CMP_IRQHandler
</UL>
<BR>[Address Reference Count : 1]<UL><LI> startup_gd32f1x0.o(RESET)
</UL>
<P><STRONG><a name="[29]"></a>CEC_IRQHandler</STRONG> (Thumb, 0 bytes, Stack size 0 bytes, startup_gd32f1x0.o(.text))
<BR>[Address Reference Count : 1]<UL><LI> startup_gd32f1x0.o(RESET)
</UL>
<P><STRONG><a name="[16]"></a>DMA_Channel0_IRQHandler</STRONG> (Thumb, 0 bytes, Stack size 0 bytes, startup_gd32f1x0.o(.text))
<BR>[Address Reference Count : 1]<UL><LI> startup_gd32f1x0.o(RESET)
</UL>
<P><STRONG><a name="[17]"></a>DMA_Channel1_2_IRQHandler</STRONG> (Thumb, 0 bytes, Stack size 0 bytes, startup_gd32f1x0.o(.text))
<BR>[Address Reference Count : 1]<UL><LI> startup_gd32f1x0.o(RESET)
</UL>
<P><STRONG><a name="[18]"></a>DMA_Channel3_4_IRQHandler</STRONG> (Thumb, 0 bytes, Stack size 0 bytes, startup_gd32f1x0.o(.text))
<BR>[Address Reference Count : 1]<UL><LI> startup_gd32f1x0.o(RESET)
</UL>
<P><STRONG><a name="[31]"></a>DMA_Channel5_6_IRQHandler</STRONG> (Thumb, 0 bytes, Stack size 0 bytes, startup_gd32f1x0.o(.text))
<BR>[Address Reference Count : 1]<UL><LI> startup_gd32f1x0.o(RESET)
</UL>
<P><STRONG><a name="[12]"></a>EXTI0_1_IRQHandler</STRONG> (Thumb, 0 bytes, Stack size 0 bytes, startup_gd32f1x0.o(.text))
<BR>[Address Reference Count : 1]<UL><LI> startup_gd32f1x0.o(RESET)
</UL>
<P><STRONG><a name="[13]"></a>EXTI2_3_IRQHandler</STRONG> (Thumb, 0 bytes, Stack size 0 bytes, startup_gd32f1x0.o(.text))
<BR>[Address Reference Count : 1]<UL><LI> startup_gd32f1x0.o(RESET)
</UL>
<P><STRONG><a name="[14]"></a>EXTI4_15_IRQHandler</STRONG> (Thumb, 0 bytes, Stack size 0 bytes, startup_gd32f1x0.o(.text))
<BR>[Address Reference Count : 1]<UL><LI> startup_gd32f1x0.o(RESET)
</UL>
<P><STRONG><a name="[10]"></a>FMC_IRQHandler</STRONG> (Thumb, 0 bytes, Stack size 0 bytes, startup_gd32f1x0.o(.text))
<BR>[Address Reference Count : 1]<UL><LI> startup_gd32f1x0.o(RESET)
</UL>
<P><STRONG><a name="[2a]"></a>I2C0_ER_IRQHandler</STRONG> (Thumb, 0 bytes, Stack size 0 bytes, startup_gd32f1x0.o(.text))
<BR>[Address Reference Count : 1]<UL><LI> startup_gd32f1x0.o(RESET)
</UL>
<P><STRONG><a name="[23]"></a>I2C0_EV_IRQHandler</STRONG> (Thumb, 0 bytes, Stack size 0 bytes, startup_gd32f1x0.o(.text))
<BR>[Address Reference Count : 1]<UL><LI> startup_gd32f1x0.o(RESET)
</UL>
<P><STRONG><a name="[2b]"></a>I2C1_ER_IRQHandler</STRONG> (Thumb, 0 bytes, Stack size 0 bytes, startup_gd32f1x0.o(.text))
<BR>[Address Reference Count : 1]<UL><LI> startup_gd32f1x0.o(RESET)
</UL>
<P><STRONG><a name="[24]"></a>I2C1_EV_IRQHandler</STRONG> (Thumb, 0 bytes, Stack size 0 bytes, startup_gd32f1x0.o(.text))
<BR>[Address Reference Count : 1]<UL><LI> startup_gd32f1x0.o(RESET)
</UL>
<P><STRONG><a name="[2d]"></a>I2C2_ER_IRQHandler</STRONG> (Thumb, 0 bytes, Stack size 0 bytes, startup_gd32f1x0.o(.text))
<BR>[Address Reference Count : 1]<UL><LI> startup_gd32f1x0.o(RESET)
</UL>
<P><STRONG><a name="[2c]"></a>I2C2_EV_IRQHandler</STRONG> (Thumb, 0 bytes, Stack size 0 bytes, startup_gd32f1x0.o(.text))
<BR>[Address Reference Count : 1]<UL><LI> startup_gd32f1x0.o(RESET)
</UL>
<P><STRONG><a name="[e]"></a>LVD_IRQHandler</STRONG> (Thumb, 0 bytes, Stack size 0 bytes, startup_gd32f1x0.o(.text))
<BR>[Address Reference Count : 1]<UL><LI> startup_gd32f1x0.o(RESET)
</UL>
<P><STRONG><a name="[11]"></a>RCU_IRQHandler</STRONG> (Thumb, 0 bytes, Stack size 0 bytes, startup_gd32f1x0.o(.text))
<BR>[Address Reference Count : 1]<UL><LI> startup_gd32f1x0.o(RESET)
</UL>
<P><STRONG><a name="[f]"></a>RTC_IRQHandler</STRONG> (Thumb, 0 bytes, Stack size 0 bytes, startup_gd32f1x0.o(.text))
<BR>[Address Reference Count : 1]<UL><LI> startup_gd32f1x0.o(RESET)
</UL>
<P><STRONG><a name="[25]"></a>SPI0_IRQHandler</STRONG> (Thumb, 0 bytes, Stack size 0 bytes, startup_gd32f1x0.o(.text))
<BR>[Address Reference Count : 1]<UL><LI> startup_gd32f1x0.o(RESET)
</UL>
<P><STRONG><a name="[26]"></a>SPI1_IRQHandler</STRONG> (Thumb, 0 bytes, Stack size 0 bytes, startup_gd32f1x0.o(.text))
<BR>[Address Reference Count : 1]<UL><LI> startup_gd32f1x0.o(RESET)
</UL>
<P><STRONG><a name="[32]"></a>SPI2_IRQHandler</STRONG> (Thumb, 0 bytes, Stack size 0 bytes, startup_gd32f1x0.o(.text))
<BR>[Address Reference Count : 1]<UL><LI> startup_gd32f1x0.o(RESET)
</UL>
<P><STRONG><a name="[1a]"></a>TIMER0_BRK_UP_TRG_COM_IRQHandler</STRONG> (Thumb, 0 bytes, Stack size 0 bytes, startup_gd32f1x0.o(.text))
<BR>[Address Reference Count : 1]<UL><LI> startup_gd32f1x0.o(RESET)
</UL>
<P><STRONG><a name="[1b]"></a>TIMER0_Channel_IRQHandler</STRONG> (Thumb, 0 bytes, Stack size 0 bytes, startup_gd32f1x0.o(.text))
<BR>[Address Reference Count : 1]<UL><LI> startup_gd32f1x0.o(RESET)
</UL>
<P><STRONG><a name="[1f]"></a>TIMER13_IRQHandler</STRONG> (Thumb, 0 bytes, Stack size 0 bytes, startup_gd32f1x0.o(.text))
<BR>[Address Reference Count : 1]<UL><LI> startup_gd32f1x0.o(RESET)
</UL>
<P><STRONG><a name="[20]"></a>TIMER14_IRQHandler</STRONG> (Thumb, 0 bytes, Stack size 0 bytes, startup_gd32f1x0.o(.text))
<BR>[Address Reference Count : 1]<UL><LI> startup_gd32f1x0.o(RESET)
</UL>
<P><STRONG><a name="[21]"></a>TIMER15_IRQHandler</STRONG> (Thumb, 0 bytes, Stack size 0 bytes, startup_gd32f1x0.o(.text))
<BR>[Address Reference Count : 1]<UL><LI> startup_gd32f1x0.o(RESET)
</UL>
<P><STRONG><a name="[22]"></a>TIMER16_IRQHandler</STRONG> (Thumb, 0 bytes, Stack size 0 bytes, startup_gd32f1x0.o(.text))
<BR>[Address Reference Count : 1]<UL><LI> startup_gd32f1x0.o(RESET)
</UL>
<P><STRONG><a name="[1c]"></a>TIMER1_IRQHandler</STRONG> (Thumb, 0 bytes, Stack size 0 bytes, startup_gd32f1x0.o(.text))
<BR>[Address Reference Count : 1]<UL><LI> startup_gd32f1x0.o(RESET)
</UL>
<P><STRONG><a name="[1e]"></a>TIMER5_DAC_IRQHandler</STRONG> (Thumb, 0 bytes, Stack size 0 bytes, startup_gd32f1x0.o(.text))
<BR>[Address Reference Count : 1]<UL><LI> startup_gd32f1x0.o(RESET)
</UL>
<P><STRONG><a name="[15]"></a>TSI_IRQHandler</STRONG> (Thumb, 0 bytes, Stack size 0 bytes, startup_gd32f1x0.o(.text))
<BR>[Address Reference Count : 1]<UL><LI> startup_gd32f1x0.o(RESET)
</UL>
<P><STRONG><a name="[28]"></a>USART1_IRQHandler</STRONG> (Thumb, 0 bytes, Stack size 0 bytes, startup_gd32f1x0.o(.text))
<BR>[Address Reference Count : 1]<UL><LI> startup_gd32f1x0.o(RESET)
</UL>
<P><STRONG><a name="[30]"></a>USBDWakeUp_IRQHandler</STRONG> (Thumb, 0 bytes, Stack size 0 bytes, startup_gd32f1x0.o(.text))
<BR>[Address Reference Count : 1]<UL><LI> startup_gd32f1x0.o(RESET)
</UL>
<P><STRONG><a name="[2f]"></a>USBD_HP_IRQHandler</STRONG> (Thumb, 0 bytes, Stack size 0 bytes, startup_gd32f1x0.o(.text))
<BR>[Address Reference Count : 1]<UL><LI> startup_gd32f1x0.o(RESET)
</UL>
<P><STRONG><a name="[2e]"></a>USBD_LP_IRQHandler</STRONG> (Thumb, 0 bytes, Stack size 0 bytes, startup_gd32f1x0.o(.text))
<BR>[Address Reference Count : 1]<UL><LI> startup_gd32f1x0.o(RESET)
</UL>
<P><STRONG><a name="[d]"></a>WWDGT_IRQHandler</STRONG> (Thumb, 0 bytes, Stack size 0 bytes, startup_gd32f1x0.o(.text))
<BR>[Address Reference Count : 1]<UL><LI> startup_gd32f1x0.o(RESET)
</UL>
<P><STRONG><a name="[52]"></a>__user_initial_stackheap</STRONG> (Thumb, 10 bytes, Stack size 0 bytes, startup_gd32f1x0.o(.text))
<BR><BR>[Called By]<UL><LI><a href="#[3f]">&gt;&gt;</a>&nbsp;&nbsp;&nbsp;__user_setup_stackheap
</UL>

<P><STRONG><a name="[49]"></a>__2snprintf</STRONG> (Thumb, 48 bytes, Stack size 32 bytes, noretval__2snprintf.o(.text))
<BR><BR>[Stack]<UL><LI>Max Depth = 120 + Unknown Stack Size
<LI>Call Chain = __2snprintf &rArr; _printf_char_common &rArr; __printf
</UL>
<BR>[Calls]<UL><LI><a href="#[4b]">&gt;&gt;</a>&nbsp;&nbsp;&nbsp;_sputc
<LI><a href="#[4a]">&gt;&gt;</a>&nbsp;&nbsp;&nbsp;_printf_char_common
</UL>
<BR>[Called By]<UL><LI><a href="#[a5]">&gt;&gt;</a>&nbsp;&nbsp;&nbsp;Update_Modbus_Regs
</UL>

<P><STRONG><a name="[4c]"></a>__printf</STRONG> (Thumb, 104 bytes, Stack size 24 bytes, __printf.o(.text))
<BR><BR>[Stack]<UL><LI>Max Depth = 24 + Unknown Stack Size
<LI>Call Chain = __printf
</UL>
<BR>[Calls]<UL><LI><a href="#[4d]">&gt;&gt;</a>&nbsp;&nbsp;&nbsp;_printf_percent
</UL>
<BR>[Called By]<UL><LI><a href="#[4a]">&gt;&gt;</a>&nbsp;&nbsp;&nbsp;_printf_char_common
</UL>

<P><STRONG><a name="[3d]"></a>_printf_int_dec</STRONG> (Thumb, 104 bytes, Stack size 24 bytes, _printf_dec.o(.text))
<BR><BR>[Stack]<UL><LI>Max Depth = 56<LI>Call Chain = _printf_int_dec &rArr; _printf_int_common
</UL>
<BR>[Calls]<UL><LI><a href="#[4e]">&gt;&gt;</a>&nbsp;&nbsp;&nbsp;_printf_int_common
</UL>
<BR>[Called By]<UL><LI><a href="#[3c]">&gt;&gt;</a>&nbsp;&nbsp;&nbsp;_printf_d
</UL>

<P><STRONG><a name="[c5]"></a>memcmp</STRONG> (Thumb, 88 bytes, Stack size 8 bytes, memcmp.o(.text))
<BR><BR>[Stack]<UL><LI>Max Depth = 8<LI>Call Chain = memcmp
</UL>
<BR>[Called By]<UL><LI><a href="#[b5]">&gt;&gt;</a>&nbsp;&nbsp;&nbsp;write_metadata
</UL>

<P><STRONG><a name="[ad]"></a>strlen</STRONG> (Thumb, 62 bytes, Stack size 8 bytes, strlen.o(.text))
<BR><BR>[Stack]<UL><LI>Max Depth = 8<LI>Call Chain = strlen
</UL>
<BR>[Called By]<UL><LI><a href="#[a6]">&gt;&gt;</a>&nbsp;&nbsp;&nbsp;Usart2_SendString
</UL>

<P><STRONG><a name="[ba]"></a>__aeabi_memcpy</STRONG> (Thumb, 0 bytes, Stack size 0 bytes, rt_memcpy_v6.o(.text))
<BR><BR>[Called By]<UL><LI><a href="#[b9]">&gt;&gt;</a>&nbsp;&nbsp;&nbsp;metadata_record_valid
</UL>

<P><STRONG><a name="[4f]"></a>__rt_memcpy</STRONG> (Thumb, 138 bytes, Stack size 0 bytes, rt_memcpy_v6.o(.text), UNUSED)
<BR><BR>[Calls]<UL><LI><a href="#[50]">&gt;&gt;</a>&nbsp;&nbsp;&nbsp;__aeabi_memcpy4
</UL>

<P><STRONG><a name="[f7]"></a>_memcpy_lastbytes</STRONG> (Thumb, 0 bytes, Stack size unknown bytes, rt_memcpy_v6.o(.text), UNUSED)

<P><STRONG><a name="[50]"></a>__aeabi_memcpy4</STRONG> (Thumb, 0 bytes, Stack size 8 bytes, rt_memcpy_w.o(.text))
<BR><BR>[Stack]<UL><LI>Max Depth = 8<LI>Call Chain = __aeabi_memcpy4
</UL>
<BR>[Called By]<UL><LI><a href="#[b4]">&gt;&gt;</a>&nbsp;&nbsp;&nbsp;read_metadata
<LI><a href="#[4f]">&gt;&gt;</a>&nbsp;&nbsp;&nbsp;__rt_memcpy
</UL>

<P><STRONG><a name="[f8]"></a>__aeabi_memcpy8</STRONG> (Thumb, 0 bytes, Stack size 8 bytes, rt_memcpy_w.o(.text), UNUSED)

<P><STRONG><a name="[f9]"></a>__rt_memcpy_w</STRONG> (Thumb, 100 bytes, Stack size 8 bytes, rt_memcpy_w.o(.text), UNUSED)

<P><STRONG><a name="[fa]"></a>_memcpy_lastbytes_aligned</STRONG> (Thumb, 0 bytes, Stack size unknown bytes, rt_memcpy_w.o(.text), UNUSED)

<P><STRONG><a name="[fb]"></a>__use_two_region_memory</STRONG> (Thumb, 2 bytes, Stack size 0 bytes, heapauxi.o(.text), UNUSED)

<P><STRONG><a name="[fc]"></a>__rt_heap_escrow$2region</STRONG> (Thumb, 2 bytes, Stack size 0 bytes, heapauxi.o(.text), UNUSED)

<P><STRONG><a name="[fd]"></a>__rt_heap_expand$2region</STRONG> (Thumb, 2 bytes, Stack size 0 bytes, heapauxi.o(.text), UNUSED)

<P><STRONG><a name="[4e]"></a>_printf_int_common</STRONG> (Thumb, 178 bytes, Stack size 32 bytes, _printf_intcommon.o(.text))
<BR><BR>[Stack]<UL><LI>Max Depth = 32<LI>Call Chain = _printf_int_common
</UL>
<BR>[Called By]<UL><LI><a href="#[3d]">&gt;&gt;</a>&nbsp;&nbsp;&nbsp;_printf_int_dec
</UL>

<P><STRONG><a name="[4a]"></a>_printf_char_common</STRONG> (Thumb, 32 bytes, Stack size 64 bytes, _printf_char_common.o(.text))
<BR><BR>[Stack]<UL><LI>Max Depth = 88 + Unknown Stack Size
<LI>Call Chain = _printf_char_common &rArr; __printf
</UL>
<BR>[Calls]<UL><LI><a href="#[4c]">&gt;&gt;</a>&nbsp;&nbsp;&nbsp;__printf
</UL>
<BR>[Called By]<UL><LI><a href="#[49]">&gt;&gt;</a>&nbsp;&nbsp;&nbsp;__2snprintf
</UL>

<P><STRONG><a name="[4b]"></a>_sputc</STRONG> (Thumb, 10 bytes, Stack size 0 bytes, _sputc.o(.text))
<BR><BR>[Called By]<UL><LI><a href="#[49]">&gt;&gt;</a>&nbsp;&nbsp;&nbsp;__2snprintf
</UL>

<P><STRONG><a name="[35]"></a>_snputc</STRONG> (Thumb, 16 bytes, Stack size 0 bytes, _snputc.o(.text))
<BR>[Address Reference Count : 1]<UL><LI> noretval__2snprintf.o(.text)
</UL>
<P><STRONG><a name="[3f]"></a>__user_setup_stackheap</STRONG> (Thumb, 74 bytes, Stack size 8 bytes, sys_stackheap_outer.o(.text))
<BR><BR>[Stack]<UL><LI>Max Depth = 8<LI>Call Chain = __user_setup_stackheap
</UL>
<BR>[Calls]<UL><LI><a href="#[51]">&gt;&gt;</a>&nbsp;&nbsp;&nbsp;__user_perproc_libspace
<LI><a href="#[52]">&gt;&gt;</a>&nbsp;&nbsp;&nbsp;__user_initial_stackheap
</UL>
<BR>[Called By]<UL><LI><a href="#[3e]">&gt;&gt;</a>&nbsp;&nbsp;&nbsp;__rt_entry_sh
</UL>

<P><STRONG><a name="[44]"></a>exit</STRONG> (Thumb, 18 bytes, Stack size 8 bytes, exit.o(.text))
<BR><BR>[Stack]<UL><LI>Max Depth = 8 + Unknown Stack Size
<LI>Call Chain = exit
</UL>
<BR>[Calls]<UL><LI><a href="#[53]">&gt;&gt;</a>&nbsp;&nbsp;&nbsp;__rt_exit
</UL>
<BR>[Called By]<UL><LI><a href="#[42]">&gt;&gt;</a>&nbsp;&nbsp;&nbsp;__rt_entry_main
</UL>

<P><STRONG><a name="[fe]"></a>__user_libspace</STRONG> (Thumb, 8 bytes, Stack size 0 bytes, libspace.o(.text), UNUSED)

<P><STRONG><a name="[51]"></a>__user_perproc_libspace</STRONG> (Thumb, 0 bytes, Stack size 0 bytes, libspace.o(.text))
<BR><BR>[Called By]<UL><LI><a href="#[3f]">&gt;&gt;</a>&nbsp;&nbsp;&nbsp;__user_setup_stackheap
</UL>

<P><STRONG><a name="[ff]"></a>__user_perthread_libspace</STRONG> (Thumb, 0 bytes, Stack size 0 bytes, libspace.o(.text), UNUSED)

<P><STRONG><a name="[48]"></a>_sys_exit</STRONG> (Thumb, 8 bytes, Stack size 0 bytes, sys_exit.o(.text))
<BR><BR>[Called By]<UL><LI><a href="#[47]">&gt;&gt;</a>&nbsp;&nbsp;&nbsp;__rt_exit_exit
</UL>

<P><STRONG><a name="[100]"></a>__I$use$semihosting</STRONG> (Thumb, 0 bytes, Stack size 0 bytes, use_no_semi.o(.text), UNUSED)

<P><STRONG><a name="[101]"></a>__use_no_semihosting_swi</STRONG> (Thumb, 2 bytes, Stack size 0 bytes, use_no_semi.o(.text), UNUSED)

<P><STRONG><a name="[54]"></a>AT24CXX_Check</STRONG> (Thumb, 46 bytes, Stack size 8 bytes, eeprom.o(i.AT24CXX_Check))
<BR><BR>[Stack]<UL><LI>Max Depth = 76<LI>Call Chain = AT24CXX_Check &rArr; AT24CXX_ReadOneByte &rArr; IIC_Read_Byte &rArr; IIC_NAck &rArr; sda_output &rArr; gpio_output_options_set
</UL>
<BR>[Calls]<UL><LI><a href="#[56]">&gt;&gt;</a>&nbsp;&nbsp;&nbsp;AT24CXX_WriteOneByte
<LI><a href="#[55]">&gt;&gt;</a>&nbsp;&nbsp;&nbsp;AT24CXX_ReadOneByte
</UL>
<BR>[Called By]<UL><LI><a href="#[a5]">&gt;&gt;</a>&nbsp;&nbsp;&nbsp;Update_Modbus_Regs
</UL>

<P><STRONG><a name="[102]"></a>__semihosting_library_function</STRONG> (Thumb, 0 bytes, Stack size 8 bytes, indicate_semi.o(.text), UNUSED)

<P><STRONG><a name="[57]"></a>AT24CXX_Init</STRONG> (Thumb, 8 bytes, Stack size 8 bytes, eeprom.o(i.AT24CXX_Init))
<BR><BR>[Stack]<UL><LI>Max Depth = 36<LI>Call Chain = AT24CXX_Init &rArr; IIC_Init &rArr; gpio_output_options_set
</UL>
<BR>[Calls]<UL><LI><a href="#[58]">&gt;&gt;</a>&nbsp;&nbsp;&nbsp;IIC_Init
</UL>
<BR>[Called By]<UL><LI><a href="#[43]">&gt;&gt;</a>&nbsp;&nbsp;&nbsp;main
</UL>

<P><STRONG><a name="[59]"></a>AT24CXX_ReadLenByte</STRONG> (Thumb, 44 bytes, Stack size 24 bytes, eeprom.o(i.AT24CXX_ReadLenByte))
<BR><BR>[Stack]<UL><LI>Max Depth = 92<LI>Call Chain = AT24CXX_ReadLenByte &rArr; AT24CXX_ReadOneByte &rArr; IIC_Read_Byte &rArr; IIC_NAck &rArr; sda_output &rArr; gpio_output_options_set
</UL>
<BR>[Calls]<UL><LI><a href="#[55]">&gt;&gt;</a>&nbsp;&nbsp;&nbsp;AT24CXX_ReadOneByte
</UL>
<BR>[Called By]<UL><LI><a href="#[66]">&gt;&gt;</a>&nbsp;&nbsp;&nbsp;Hx711_Load_Calibration
</UL>

<P><STRONG><a name="[55]"></a>AT24CXX_ReadOneByte</STRONG> (Thumb, 88 bytes, Stack size 16 bytes, eeprom.o(i.AT24CXX_ReadOneByte))
<BR><BR>[Stack]<UL><LI>Max Depth = 68<LI>Call Chain = AT24CXX_ReadOneByte &rArr; IIC_Read_Byte &rArr; IIC_NAck &rArr; sda_output &rArr; gpio_output_options_set
</UL>
<BR>[Calls]<UL><LI><a href="#[5c]">&gt;&gt;</a>&nbsp;&nbsp;&nbsp;IIC_Wait_Ack
<LI><a href="#[5e]">&gt;&gt;</a>&nbsp;&nbsp;&nbsp;IIC_Stop
<LI><a href="#[5a]">&gt;&gt;</a>&nbsp;&nbsp;&nbsp;IIC_Start
<LI><a href="#[5b]">&gt;&gt;</a>&nbsp;&nbsp;&nbsp;IIC_Send_Byte
<LI><a href="#[5d]">&gt;&gt;</a>&nbsp;&nbsp;&nbsp;IIC_Read_Byte
</UL>
<BR>[Called By]<UL><LI><a href="#[a8]">&gt;&gt;</a>&nbsp;&nbsp;&nbsp;slave_add_read
<LI><a href="#[a7]">&gt;&gt;</a>&nbsp;&nbsp;&nbsp;bound_add_read
<LI><a href="#[59]">&gt;&gt;</a>&nbsp;&nbsp;&nbsp;AT24CXX_ReadLenByte
<LI><a href="#[54]">&gt;&gt;</a>&nbsp;&nbsp;&nbsp;AT24CXX_Check
</UL>

<P><STRONG><a name="[5f]"></a>AT24CXX_WriteLenByte</STRONG> (Thumb, 42 bytes, Stack size 24 bytes, eeprom.o(i.AT24CXX_WriteLenByte))
<BR><BR>[Stack]<UL><LI>Max Depth = 84<LI>Call Chain = AT24CXX_WriteLenByte &rArr; AT24CXX_WriteOneByte &rArr; IIC_Wait_Ack &rArr; IIC_Stop &rArr; sda_output &rArr; gpio_output_options_set
</UL>
<BR>[Calls]<UL><LI><a href="#[56]">&gt;&gt;</a>&nbsp;&nbsp;&nbsp;AT24CXX_WriteOneByte
</UL>
<BR>[Called By]<UL><LI><a href="#[67]">&gt;&gt;</a>&nbsp;&nbsp;&nbsp;Hx711_Save_Calibration
</UL>

<P><STRONG><a name="[56]"></a>AT24CXX_WriteOneByte</STRONG> (Thumb, 80 bytes, Stack size 16 bytes, eeprom.o(i.AT24CXX_WriteOneByte))
<BR><BR>[Stack]<UL><LI>Max Depth = 60<LI>Call Chain = AT24CXX_WriteOneByte &rArr; IIC_Wait_Ack &rArr; IIC_Stop &rArr; sda_output &rArr; gpio_output_options_set
</UL>
<BR>[Calls]<UL><LI><a href="#[5c]">&gt;&gt;</a>&nbsp;&nbsp;&nbsp;IIC_Wait_Ack
<LI><a href="#[5e]">&gt;&gt;</a>&nbsp;&nbsp;&nbsp;IIC_Stop
<LI><a href="#[5a]">&gt;&gt;</a>&nbsp;&nbsp;&nbsp;IIC_Start
<LI><a href="#[5b]">&gt;&gt;</a>&nbsp;&nbsp;&nbsp;IIC_Send_Byte
<LI><a href="#[60]">&gt;&gt;</a>&nbsp;&nbsp;&nbsp;delay_ms
</UL>
<BR>[Called By]<UL><LI><a href="#[82]">&gt;&gt;</a>&nbsp;&nbsp;&nbsp;slave_add_write
<LI><a href="#[80]">&gt;&gt;</a>&nbsp;&nbsp;&nbsp;bound_add_write
<LI><a href="#[5f]">&gt;&gt;</a>&nbsp;&nbsp;&nbsp;AT24CXX_WriteLenByte
<LI><a href="#[54]">&gt;&gt;</a>&nbsp;&nbsp;&nbsp;AT24CXX_Check
</UL>

<P><STRONG><a name="[7]"></a>BusFault_Handler</STRONG> (Thumb, 4 bytes, Stack size 0 bytes, gd32f1x0_it.o(i.BusFault_Handler))
<BR>[Address Reference Count : 1]<UL><LI> startup_gd32f1x0.o(RESET)
</UL>
<P><STRONG><a name="[a]"></a>DebugMon_Handler</STRONG> (Thumb, 4 bytes, Stack size 0 bytes, gd32f1x0_it.o(i.DebugMon_Handler))
<BR>[Address Reference Count : 1]<UL><LI> startup_gd32f1x0.o(RESET)
</UL>
<P><STRONG><a name="[63]"></a>Delay_NOP</STRONG> (Thumb, 12 bytes, Stack size 0 bytes, delay.o(i.Delay_NOP))
<BR><BR>[Called By]<UL><LI><a href="#[61]">&gt;&gt;</a>&nbsp;&nbsp;&nbsp;Hx711_Data
</UL>

<P><STRONG><a name="[5]"></a>HardFault_Handler</STRONG> (Thumb, 4 bytes, Stack size 0 bytes, gd32f1x0_it.o(i.HardFault_Handler))
<BR>[Address Reference Count : 1]<UL><LI> startup_gd32f1x0.o(RESET)
</UL>
<P><STRONG><a name="[61]"></a>Hx711_Data</STRONG> (Thumb, 170 bytes, Stack size 16 bytes, hx711.o(i.Hx711_Data))
<BR><BR>[Stack]<UL><LI>Max Depth = 16<LI>Call Chain = Hx711_Data
</UL>
<BR>[Calls]<UL><LI><a href="#[63]">&gt;&gt;</a>&nbsp;&nbsp;&nbsp;Delay_NOP
<LI><a href="#[65]">&gt;&gt;</a>&nbsp;&nbsp;&nbsp;gpio_input_bit_get
<LI><a href="#[62]">&gt;&gt;</a>&nbsp;&nbsp;&nbsp;gpio_bit_set
<LI><a href="#[64]">&gt;&gt;</a>&nbsp;&nbsp;&nbsp;gpio_bit_reset
</UL>
<BR>[Called By]<UL><LI><a href="#[94]">&gt;&gt;</a>&nbsp;&nbsp;&nbsp;Read_Hx711
<LI><a href="#[68]">&gt;&gt;</a>&nbsp;&nbsp;&nbsp;Hx711_init
</UL>

<P><STRONG><a name="[66]"></a>Hx711_Load_Calibration</STRONG> (Thumb, 144 bytes, Stack size 8 bytes, hx711.o(i.Hx711_Load_Calibration))
<BR><BR>[Stack]<UL><LI>Max Depth = 100<LI>Call Chain = Hx711_Load_Calibration &rArr; AT24CXX_ReadLenByte &rArr; AT24CXX_ReadOneByte &rArr; IIC_Read_Byte &rArr; IIC_NAck &rArr; sda_output &rArr; gpio_output_options_set
</UL>
<BR>[Calls]<UL><LI><a href="#[59]">&gt;&gt;</a>&nbsp;&nbsp;&nbsp;AT24CXX_ReadLenByte
</UL>
<BR>[Called By]<UL><LI><a href="#[43]">&gt;&gt;</a>&nbsp;&nbsp;&nbsp;main
</UL>

<P><STRONG><a name="[67]"></a>Hx711_Save_Calibration</STRONG> (Thumb, 28 bytes, Stack size 8 bytes, hx711.o(i.Hx711_Save_Calibration))
<BR><BR>[Stack]<UL><LI>Max Depth = 92<LI>Call Chain = Hx711_Save_Calibration &rArr; AT24CXX_WriteLenByte &rArr; AT24CXX_WriteOneByte &rArr; IIC_Wait_Ack &rArr; IIC_Stop &rArr; sda_output &rArr; gpio_output_options_set
</UL>
<BR>[Calls]<UL><LI><a href="#[5f]">&gt;&gt;</a>&nbsp;&nbsp;&nbsp;AT24CXX_WriteLenByte
</UL>
<BR>[Called By]<UL><LI><a href="#[7c]">&gt;&gt;</a>&nbsp;&nbsp;&nbsp;Modbus_Func6
</UL>

<P><STRONG><a name="[68]"></a>Hx711_init</STRONG> (Thumb, 94 bytes, Stack size 8 bytes, hx711.o(i.Hx711_init))
<BR><BR>[Stack]<UL><LI>Max Depth = 28<LI>Call Chain = Hx711_init &rArr; delay_1ms &rArr; delay_ms
</UL>
<BR>[Calls]<UL><LI><a href="#[6c]">&gt;&gt;</a>&nbsp;&nbsp;&nbsp;delay_1ms
<LI><a href="#[61]">&gt;&gt;</a>&nbsp;&nbsp;&nbsp;Hx711_Data
<LI><a href="#[69]">&gt;&gt;</a>&nbsp;&nbsp;&nbsp;rcu_periph_clock_enable
<LI><a href="#[6b]">&gt;&gt;</a>&nbsp;&nbsp;&nbsp;gpio_output_options_set
<LI><a href="#[6a]">&gt;&gt;</a>&nbsp;&nbsp;&nbsp;gpio_mode_set
<LI><a href="#[62]">&gt;&gt;</a>&nbsp;&nbsp;&nbsp;gpio_bit_set
<LI><a href="#[64]">&gt;&gt;</a>&nbsp;&nbsp;&nbsp;gpio_bit_reset
</UL>
<BR>[Called By]<UL><LI><a href="#[43]">&gt;&gt;</a>&nbsp;&nbsp;&nbsp;main
</UL>

<P><STRONG><a name="[6d]"></a>IIC_Ack</STRONG> (Thumb, 60 bytes, Stack size 8 bytes, eeprom.o(i.IIC_Ack))
<BR><BR>[Stack]<UL><LI>Max Depth = 36<LI>Call Chain = IIC_Ack &rArr; sda_output &rArr; gpio_output_options_set
</UL>
<BR>[Calls]<UL><LI><a href="#[62]">&gt;&gt;</a>&nbsp;&nbsp;&nbsp;gpio_bit_set
<LI><a href="#[64]">&gt;&gt;</a>&nbsp;&nbsp;&nbsp;gpio_bit_reset
<LI><a href="#[6f]">&gt;&gt;</a>&nbsp;&nbsp;&nbsp;delay_us
<LI><a href="#[6e]">&gt;&gt;</a>&nbsp;&nbsp;&nbsp;sda_output
</UL>
<BR>[Called By]<UL><LI><a href="#[5d]">&gt;&gt;</a>&nbsp;&nbsp;&nbsp;IIC_Read_Byte
</UL>

<P><STRONG><a name="[58]"></a>IIC_Init</STRONG> (Thumb, 88 bytes, Stack size 8 bytes, eeprom.o(i.IIC_Init))
<BR><BR>[Stack]<UL><LI>Max Depth = 28<LI>Call Chain = IIC_Init &rArr; gpio_output_options_set
</UL>
<BR>[Calls]<UL><LI><a href="#[69]">&gt;&gt;</a>&nbsp;&nbsp;&nbsp;rcu_periph_clock_enable
<LI><a href="#[6b]">&gt;&gt;</a>&nbsp;&nbsp;&nbsp;gpio_output_options_set
<LI><a href="#[6a]">&gt;&gt;</a>&nbsp;&nbsp;&nbsp;gpio_mode_set
<LI><a href="#[62]">&gt;&gt;</a>&nbsp;&nbsp;&nbsp;gpio_bit_set
<LI><a href="#[64]">&gt;&gt;</a>&nbsp;&nbsp;&nbsp;gpio_bit_reset
</UL>
<BR>[Called By]<UL><LI><a href="#[57]">&gt;&gt;</a>&nbsp;&nbsp;&nbsp;AT24CXX_Init
</UL>

<P><STRONG><a name="[70]"></a>IIC_NAck</STRONG> (Thumb, 60 bytes, Stack size 8 bytes, eeprom.o(i.IIC_NAck))
<BR><BR>[Stack]<UL><LI>Max Depth = 36<LI>Call Chain = IIC_NAck &rArr; sda_output &rArr; gpio_output_options_set
</UL>
<BR>[Calls]<UL><LI><a href="#[62]">&gt;&gt;</a>&nbsp;&nbsp;&nbsp;gpio_bit_set
<LI><a href="#[64]">&gt;&gt;</a>&nbsp;&nbsp;&nbsp;gpio_bit_reset
<LI><a href="#[6f]">&gt;&gt;</a>&nbsp;&nbsp;&nbsp;delay_us
<LI><a href="#[6e]">&gt;&gt;</a>&nbsp;&nbsp;&nbsp;sda_output
</UL>
<BR>[Called By]<UL><LI><a href="#[5d]">&gt;&gt;</a>&nbsp;&nbsp;&nbsp;IIC_Read_Byte
</UL>

<P><STRONG><a name="[5d]"></a>IIC_Read_Byte</STRONG> (Thumb, 90 bytes, Stack size 16 bytes, eeprom.o(i.IIC_Read_Byte))
<BR><BR>[Stack]<UL><LI>Max Depth = 52<LI>Call Chain = IIC_Read_Byte &rArr; IIC_NAck &rArr; sda_output &rArr; gpio_output_options_set
</UL>
<BR>[Calls]<UL><LI><a href="#[65]">&gt;&gt;</a>&nbsp;&nbsp;&nbsp;gpio_input_bit_get
<LI><a href="#[62]">&gt;&gt;</a>&nbsp;&nbsp;&nbsp;gpio_bit_set
<LI><a href="#[64]">&gt;&gt;</a>&nbsp;&nbsp;&nbsp;gpio_bit_reset
<LI><a href="#[6f]">&gt;&gt;</a>&nbsp;&nbsp;&nbsp;delay_us
<LI><a href="#[70]">&gt;&gt;</a>&nbsp;&nbsp;&nbsp;IIC_NAck
<LI><a href="#[6d]">&gt;&gt;</a>&nbsp;&nbsp;&nbsp;IIC_Ack
<LI><a href="#[71]">&gt;&gt;</a>&nbsp;&nbsp;&nbsp;sda_input
</UL>
<BR>[Called By]<UL><LI><a href="#[55]">&gt;&gt;</a>&nbsp;&nbsp;&nbsp;AT24CXX_ReadOneByte
</UL>

<P><STRONG><a name="[5b]"></a>IIC_Send_Byte</STRONG> (Thumb, 102 bytes, Stack size 16 bytes, eeprom.o(i.IIC_Send_Byte))
<BR><BR>[Stack]<UL><LI>Max Depth = 44<LI>Call Chain = IIC_Send_Byte &rArr; sda_output &rArr; gpio_output_options_set
</UL>
<BR>[Calls]<UL><LI><a href="#[62]">&gt;&gt;</a>&nbsp;&nbsp;&nbsp;gpio_bit_set
<LI><a href="#[64]">&gt;&gt;</a>&nbsp;&nbsp;&nbsp;gpio_bit_reset
<LI><a href="#[6f]">&gt;&gt;</a>&nbsp;&nbsp;&nbsp;delay_us
<LI><a href="#[6e]">&gt;&gt;</a>&nbsp;&nbsp;&nbsp;sda_output
</UL>
<BR>[Called By]<UL><LI><a href="#[56]">&gt;&gt;</a>&nbsp;&nbsp;&nbsp;AT24CXX_WriteOneByte
<LI><a href="#[55]">&gt;&gt;</a>&nbsp;&nbsp;&nbsp;AT24CXX_ReadOneByte
</UL>

<P><STRONG><a name="[5a]"></a>IIC_Start</STRONG> (Thumb, 60 bytes, Stack size 8 bytes, eeprom.o(i.IIC_Start))
<BR><BR>[Stack]<UL><LI>Max Depth = 36<LI>Call Chain = IIC_Start &rArr; sda_output &rArr; gpio_output_options_set
</UL>
<BR>[Calls]<UL><LI><a href="#[62]">&gt;&gt;</a>&nbsp;&nbsp;&nbsp;gpio_bit_set
<LI><a href="#[64]">&gt;&gt;</a>&nbsp;&nbsp;&nbsp;gpio_bit_reset
<LI><a href="#[6f]">&gt;&gt;</a>&nbsp;&nbsp;&nbsp;delay_us
<LI><a href="#[6e]">&gt;&gt;</a>&nbsp;&nbsp;&nbsp;sda_output
</UL>
<BR>[Called By]<UL><LI><a href="#[56]">&gt;&gt;</a>&nbsp;&nbsp;&nbsp;AT24CXX_WriteOneByte
<LI><a href="#[55]">&gt;&gt;</a>&nbsp;&nbsp;&nbsp;AT24CXX_ReadOneByte
</UL>

<P><STRONG><a name="[5e]"></a>IIC_Stop</STRONG> (Thumb, 60 bytes, Stack size 8 bytes, eeprom.o(i.IIC_Stop))
<BR><BR>[Stack]<UL><LI>Max Depth = 36<LI>Call Chain = IIC_Stop &rArr; sda_output &rArr; gpio_output_options_set
</UL>
<BR>[Calls]<UL><LI><a href="#[62]">&gt;&gt;</a>&nbsp;&nbsp;&nbsp;gpio_bit_set
<LI><a href="#[64]">&gt;&gt;</a>&nbsp;&nbsp;&nbsp;gpio_bit_reset
<LI><a href="#[6f]">&gt;&gt;</a>&nbsp;&nbsp;&nbsp;delay_us
<LI><a href="#[6e]">&gt;&gt;</a>&nbsp;&nbsp;&nbsp;sda_output
</UL>
<BR>[Called By]<UL><LI><a href="#[5c]">&gt;&gt;</a>&nbsp;&nbsp;&nbsp;IIC_Wait_Ack
<LI><a href="#[56]">&gt;&gt;</a>&nbsp;&nbsp;&nbsp;AT24CXX_WriteOneByte
<LI><a href="#[55]">&gt;&gt;</a>&nbsp;&nbsp;&nbsp;AT24CXX_ReadOneByte
</UL>

<P><STRONG><a name="[5c]"></a>IIC_Wait_Ack</STRONG> (Thumb, 86 bytes, Stack size 8 bytes, eeprom.o(i.IIC_Wait_Ack))
<BR><BR>[Stack]<UL><LI>Max Depth = 44<LI>Call Chain = IIC_Wait_Ack &rArr; IIC_Stop &rArr; sda_output &rArr; gpio_output_options_set
</UL>
<BR>[Calls]<UL><LI><a href="#[65]">&gt;&gt;</a>&nbsp;&nbsp;&nbsp;gpio_input_bit_get
<LI><a href="#[62]">&gt;&gt;</a>&nbsp;&nbsp;&nbsp;gpio_bit_set
<LI><a href="#[64]">&gt;&gt;</a>&nbsp;&nbsp;&nbsp;gpio_bit_reset
<LI><a href="#[6f]">&gt;&gt;</a>&nbsp;&nbsp;&nbsp;delay_us
<LI><a href="#[5e]">&gt;&gt;</a>&nbsp;&nbsp;&nbsp;IIC_Stop
<LI><a href="#[71]">&gt;&gt;</a>&nbsp;&nbsp;&nbsp;sda_input
</UL>
<BR>[Called By]<UL><LI><a href="#[56]">&gt;&gt;</a>&nbsp;&nbsp;&nbsp;AT24CXX_WriteOneByte
<LI><a href="#[55]">&gt;&gt;</a>&nbsp;&nbsp;&nbsp;AT24CXX_ReadOneByte
</UL>

<P><STRONG><a name="[72]"></a>IWDG_Feed</STRONG> (Thumb, 8 bytes, Stack size 8 bytes, wdg.o(i.IWDG_Feed))
<BR><BR>[Stack]<UL><LI>Max Depth = 8<LI>Call Chain = IWDG_Feed
</UL>
<BR>[Calls]<UL><LI><a href="#[73]">&gt;&gt;</a>&nbsp;&nbsp;&nbsp;fwdgt_counter_reload
</UL>
<BR>[Called By]<UL><LI><a href="#[7c]">&gt;&gt;</a>&nbsp;&nbsp;&nbsp;Modbus_Func6
<LI><a href="#[83]">&gt;&gt;</a>&nbsp;&nbsp;&nbsp;trigger_iap_update
<LI><a href="#[b5]">&gt;&gt;</a>&nbsp;&nbsp;&nbsp;write_metadata
<LI><a href="#[c1]">&gt;&gt;</a>&nbsp;&nbsp;&nbsp;write_legacy_update_flag
<LI><a href="#[a5]">&gt;&gt;</a>&nbsp;&nbsp;&nbsp;Update_Modbus_Regs
<LI><a href="#[43]">&gt;&gt;</a>&nbsp;&nbsp;&nbsp;main
</UL>

<P><STRONG><a name="[74]"></a>IWDG_Init</STRONG> (Thumb, 36 bytes, Stack size 16 bytes, wdg.o(i.IWDG_Init))
<BR><BR>[Stack]<UL><LI>Max Depth = 28<LI>Call Chain = IWDG_Init &rArr; fwdgt_config
</UL>
<BR>[Calls]<UL><LI><a href="#[75]">&gt;&gt;</a>&nbsp;&nbsp;&nbsp;fwdgt_write_enable
<LI><a href="#[78]">&gt;&gt;</a>&nbsp;&nbsp;&nbsp;fwdgt_enable
<LI><a href="#[73]">&gt;&gt;</a>&nbsp;&nbsp;&nbsp;fwdgt_counter_reload
<LI><a href="#[77]">&gt;&gt;</a>&nbsp;&nbsp;&nbsp;fwdgt_config
<LI><a href="#[76]">&gt;&gt;</a>&nbsp;&nbsp;&nbsp;wdg_prescaler_sel
</UL>
<BR>[Called By]<UL><LI><a href="#[43]">&gt;&gt;</a>&nbsp;&nbsp;&nbsp;main
</UL>

<P><STRONG><a name="[6]"></a>MemManage_Handler</STRONG> (Thumb, 4 bytes, Stack size 0 bytes, gd32f1x0_it.o(i.MemManage_Handler))
<BR>[Address Reference Count : 1]<UL><LI> startup_gd32f1x0.o(RESET)
</UL>
<P><STRONG><a name="[7a]"></a>Modbus_CRC16</STRONG> (Thumb, 48 bytes, Stack size 16 bytes, modbus_crc.o(i.Modbus_CRC16))
<BR><BR>[Stack]<UL><LI>Max Depth = 16<LI>Call Chain = Modbus_CRC16
</UL>
<BR>[Called By]<UL><LI><a href="#[7c]">&gt;&gt;</a>&nbsp;&nbsp;&nbsp;Modbus_Func6
<LI><a href="#[7b]">&gt;&gt;</a>&nbsp;&nbsp;&nbsp;Modbus_Func3
<LI><a href="#[7d]">&gt;&gt;</a>&nbsp;&nbsp;&nbsp;Modbus_Exception
<LI><a href="#[79]">&gt;&gt;</a>&nbsp;&nbsp;&nbsp;Modbus_Event
</UL>

<P><STRONG><a name="[79]"></a>Modbus_Event</STRONG> (Thumb, 140 bytes, Stack size 16 bytes, modbus.o(i.Modbus_Event))
<BR><BR>[Stack]<UL><LI>Max Depth = 272<LI>Call Chain = Modbus_Event &rArr; Modbus_Func6 &rArr; trigger_iap_update &rArr; write_update_pending &rArr; write_metadata &rArr; fmc_word_program &rArr; fmc_ready_wait
</UL>
<BR>[Calls]<UL><LI><a href="#[7a]">&gt;&gt;</a>&nbsp;&nbsp;&nbsp;Modbus_CRC16
<LI><a href="#[7c]">&gt;&gt;</a>&nbsp;&nbsp;&nbsp;Modbus_Func6
<LI><a href="#[7b]">&gt;&gt;</a>&nbsp;&nbsp;&nbsp;Modbus_Func3
</UL>
<BR>[Called By]<UL><LI><a href="#[43]">&gt;&gt;</a>&nbsp;&nbsp;&nbsp;main
</UL>

<P><STRONG><a name="[7b]"></a>Modbus_Func3</STRONG> (Thumb, 304 bytes, Stack size 24 bytes, modbus.o(i.Modbus_Func3))
<BR><BR>[Stack]<UL><LI>Max Depth = 64<LI>Call Chain = Modbus_Func3 &rArr; Modbus_Exception &rArr; Modbus_Send_Byte &rArr; usart_flag_get
</UL>
<BR>[Calls]<UL><LI><a href="#[7e]">&gt;&gt;</a>&nbsp;&nbsp;&nbsp;Modbus_Send_Byte
<LI><a href="#[7a]">&gt;&gt;</a>&nbsp;&nbsp;&nbsp;Modbus_CRC16
<LI><a href="#[7f]">&gt;&gt;</a>&nbsp;&nbsp;&nbsp;Update_Reg
<LI><a href="#[7d]">&gt;&gt;</a>&nbsp;&nbsp;&nbsp;Modbus_Exception
</UL>
<BR>[Called By]<UL><LI><a href="#[79]">&gt;&gt;</a>&nbsp;&nbsp;&nbsp;Modbus_Event
</UL>

<P><STRONG><a name="[7c]"></a>Modbus_Func6</STRONG> (Thumb, 456 bytes, Stack size 32 bytes, modbus.o(i.Modbus_Func6))
<BR><BR>[Stack]<UL><LI>Max Depth = 256<LI>Call Chain = Modbus_Func6 &rArr; trigger_iap_update &rArr; write_update_pending &rArr; write_metadata &rArr; fmc_word_program &rArr; fmc_ready_wait
</UL>
<BR>[Calls]<UL><LI><a href="#[7e]">&gt;&gt;</a>&nbsp;&nbsp;&nbsp;Modbus_Send_Byte
<LI><a href="#[7a]">&gt;&gt;</a>&nbsp;&nbsp;&nbsp;Modbus_CRC16
<LI><a href="#[83]">&gt;&gt;</a>&nbsp;&nbsp;&nbsp;trigger_iap_update
<LI><a href="#[67]">&gt;&gt;</a>&nbsp;&nbsp;&nbsp;Hx711_Save_Calibration
<LI><a href="#[82]">&gt;&gt;</a>&nbsp;&nbsp;&nbsp;slave_add_write
<LI><a href="#[80]">&gt;&gt;</a>&nbsp;&nbsp;&nbsp;bound_add_write
<LI><a href="#[60]">&gt;&gt;</a>&nbsp;&nbsp;&nbsp;delay_ms
<LI><a href="#[81]">&gt;&gt;</a>&nbsp;&nbsp;&nbsp;Modbus_uart2_init
<LI><a href="#[72]">&gt;&gt;</a>&nbsp;&nbsp;&nbsp;IWDG_Feed
</UL>
<BR>[Called By]<UL><LI><a href="#[79]">&gt;&gt;</a>&nbsp;&nbsp;&nbsp;Modbus_Event
</UL>

<P><STRONG><a name="[b8]"></a>Modbus_Init</STRONG> (Thumb, 32 bytes, Stack size 0 bytes, modbus.o(i.Modbus_Init))
<BR><BR>[Called By]<UL><LI><a href="#[43]">&gt;&gt;</a>&nbsp;&nbsp;&nbsp;main
</UL>

<P><STRONG><a name="[7e]"></a>Modbus_Send_Byte</STRONG> (Thumb, 56 bytes, Stack size 8 bytes, rs485.o(i.Modbus_Send_Byte))
<BR><BR>[Stack]<UL><LI>Max Depth = 16<LI>Call Chain = Modbus_Send_Byte &rArr; usart_flag_get
</UL>
<BR>[Calls]<UL><LI><a href="#[85]">&gt;&gt;</a>&nbsp;&nbsp;&nbsp;usart_flag_get
<LI><a href="#[86]">&gt;&gt;</a>&nbsp;&nbsp;&nbsp;usart_flag_clear
<LI><a href="#[84]">&gt;&gt;</a>&nbsp;&nbsp;&nbsp;usart_data_transmit
</UL>
<BR>[Called By]<UL><LI><a href="#[7c]">&gt;&gt;</a>&nbsp;&nbsp;&nbsp;Modbus_Func6
<LI><a href="#[7b]">&gt;&gt;</a>&nbsp;&nbsp;&nbsp;Modbus_Func3
<LI><a href="#[7d]">&gt;&gt;</a>&nbsp;&nbsp;&nbsp;Modbus_Exception
</UL>

<P><STRONG><a name="[81]"></a>Modbus_uart2_init</STRONG> (Thumb, 176 bytes, Stack size 8 bytes, rs485.o(i.Modbus_uart2_init))
<BR><BR>[Stack]<UL><LI>Max Depth = 136<LI>Call Chain = Modbus_uart2_init &rArr; usart_baudrate_set &rArr; rcu_clock_freq_get
</UL>
<BR>[Calls]<UL><LI><a href="#[8c]">&gt;&gt;</a>&nbsp;&nbsp;&nbsp;usart_word_length_set
<LI><a href="#[90]">&gt;&gt;</a>&nbsp;&nbsp;&nbsp;usart_transmit_config
<LI><a href="#[8d]">&gt;&gt;</a>&nbsp;&nbsp;&nbsp;usart_stop_bit_set
<LI><a href="#[8f]">&gt;&gt;</a>&nbsp;&nbsp;&nbsp;usart_receive_config
<LI><a href="#[8e]">&gt;&gt;</a>&nbsp;&nbsp;&nbsp;usart_parity_config
<LI><a href="#[93]">&gt;&gt;</a>&nbsp;&nbsp;&nbsp;usart_interrupt_enable
<LI><a href="#[91]">&gt;&gt;</a>&nbsp;&nbsp;&nbsp;usart_enable
<LI><a href="#[8a]">&gt;&gt;</a>&nbsp;&nbsp;&nbsp;usart_deinit
<LI><a href="#[8b]">&gt;&gt;</a>&nbsp;&nbsp;&nbsp;usart_baudrate_set
<LI><a href="#[88]">&gt;&gt;</a>&nbsp;&nbsp;&nbsp;rcu_periph_reset_enable
<LI><a href="#[89]">&gt;&gt;</a>&nbsp;&nbsp;&nbsp;rcu_periph_reset_disable
<LI><a href="#[92]">&gt;&gt;</a>&nbsp;&nbsp;&nbsp;nvic_irq_enable
<LI><a href="#[87]">&gt;&gt;</a>&nbsp;&nbsp;&nbsp;gpio_af_set
<LI><a href="#[69]">&gt;&gt;</a>&nbsp;&nbsp;&nbsp;rcu_periph_clock_enable
<LI><a href="#[6b]">&gt;&gt;</a>&nbsp;&nbsp;&nbsp;gpio_output_options_set
<LI><a href="#[6a]">&gt;&gt;</a>&nbsp;&nbsp;&nbsp;gpio_mode_set
</UL>
<BR>[Called By]<UL><LI><a href="#[7c]">&gt;&gt;</a>&nbsp;&nbsp;&nbsp;Modbus_Func6
<LI><a href="#[43]">&gt;&gt;</a>&nbsp;&nbsp;&nbsp;main
</UL>

<P><STRONG><a name="[4]"></a>NMI_Handler</STRONG> (Thumb, 4 bytes, Stack size 0 bytes, gd32f1x0_it.o(i.NMI_Handler))
<BR>[Address Reference Count : 1]<UL><LI> startup_gd32f1x0.o(RESET)
</UL>
<P><STRONG><a name="[b]"></a>PendSV_Handler</STRONG> (Thumb, 4 bytes, Stack size 0 bytes, gd32f1x0_it.o(i.PendSV_Handler))
<BR>[Address Reference Count : 1]<UL><LI> startup_gd32f1x0.o(RESET)
</UL>
<P><STRONG><a name="[94]"></a>Read_Hx711</STRONG> (Thumb, 252 bytes, Stack size 24 bytes, hx711.o(i.Read_Hx711))
<BR><BR>[Stack]<UL><LI>Max Depth = 40<LI>Call Chain = Read_Hx711 &rArr; Hx711_Data
</UL>
<BR>[Calls]<UL><LI><a href="#[61]">&gt;&gt;</a>&nbsp;&nbsp;&nbsp;Hx711_Data
<LI><a href="#[65]">&gt;&gt;</a>&nbsp;&nbsp;&nbsp;gpio_input_bit_get
<LI><a href="#[96]">&gt;&gt;</a>&nbsp;&nbsp;&nbsp;__aeabi_cfrcmple
<LI><a href="#[98]">&gt;&gt;</a>&nbsp;&nbsp;&nbsp;__aeabi_fmul
<LI><a href="#[95]">&gt;&gt;</a>&nbsp;&nbsp;&nbsp;__aeabi_ui2f
<LI><a href="#[99]">&gt;&gt;</a>&nbsp;&nbsp;&nbsp;__aeabi_fdiv
<LI><a href="#[97]">&gt;&gt;</a>&nbsp;&nbsp;&nbsp;__aeabi_fsub
</UL>
<BR>[Called By]<UL><LI><a href="#[43]">&gt;&gt;</a>&nbsp;&nbsp;&nbsp;main
</UL>

<P><STRONG><a name="[9]"></a>SVC_Handler</STRONG> (Thumb, 4 bytes, Stack size 0 bytes, gd32f1x0_it.o(i.SVC_Handler))
<BR>[Address Reference Count : 1]<UL><LI> startup_gd32f1x0.o(RESET)
</UL>
<P><STRONG><a name="[c]"></a>SysTick_Handler</STRONG> (Thumb, 2 bytes, Stack size 0 bytes, gd32f1x0_it.o(i.SysTick_Handler))
<BR>[Address Reference Count : 1]<UL><LI> startup_gd32f1x0.o(RESET)
</UL>
<P><STRONG><a name="[33]"></a>SystemInit</STRONG> (Thumb, 274 bytes, Stack size 16 bytes, system_gd32f1x0.o(i.SystemInit))
<BR><BR>[Stack]<UL><LI>Max Depth = 32<LI>Call Chain = SystemInit &rArr; system_clock_config &rArr; system_clock_48m_hxtal
</UL>
<BR>[Calls]<UL><LI><a href="#[9c]">&gt;&gt;</a>&nbsp;&nbsp;&nbsp;nvic_vector_table_set
<LI><a href="#[9b]">&gt;&gt;</a>&nbsp;&nbsp;&nbsp;system_clock_config
<LI><a href="#[9a]">&gt;&gt;</a>&nbsp;&nbsp;&nbsp;_soft_delay_
</UL>
<BR>[Address Reference Count : 1]<UL><LI> startup_gd32f1x0.o(.text)
</UL>
<P><STRONG><a name="[9d]"></a>TIM2_Int_Init</STRONG> (Thumb, 86 bytes, Stack size 32 bytes, timer.o(i.TIM2_Int_Init))
<BR><BR>[Stack]<UL><LI>Max Depth = 56<LI>Call Chain = TIM2_Int_Init &rArr; nvic_irq_enable
</UL>
<BR>[Calls]<UL><LI><a href="#[92]">&gt;&gt;</a>&nbsp;&nbsp;&nbsp;nvic_irq_enable
<LI><a href="#[69]">&gt;&gt;</a>&nbsp;&nbsp;&nbsp;rcu_periph_clock_enable
<LI><a href="#[a0]">&gt;&gt;</a>&nbsp;&nbsp;&nbsp;timer_interrupt_flag_clear
<LI><a href="#[a1]">&gt;&gt;</a>&nbsp;&nbsp;&nbsp;timer_interrupt_enable
<LI><a href="#[9f]">&gt;&gt;</a>&nbsp;&nbsp;&nbsp;timer_init
<LI><a href="#[a2]">&gt;&gt;</a>&nbsp;&nbsp;&nbsp;timer_enable
<LI><a href="#[9e]">&gt;&gt;</a>&nbsp;&nbsp;&nbsp;timer_deinit
</UL>
<BR>[Called By]<UL><LI><a href="#[43]">&gt;&gt;</a>&nbsp;&nbsp;&nbsp;main
</UL>

<P><STRONG><a name="[1d]"></a>TIMER2_IRQHandler</STRONG> (Thumb, 98 bytes, Stack size 8 bytes, timer.o(i.TIMER2_IRQHandler))
<BR><BR>[Stack]<UL><LI>Max Depth = 8<LI>Call Chain = TIMER2_IRQHandler
</UL>
<BR>[Calls]<UL><LI><a href="#[a3]">&gt;&gt;</a>&nbsp;&nbsp;&nbsp;timer_interrupt_flag_get
<LI><a href="#[a0]">&gt;&gt;</a>&nbsp;&nbsp;&nbsp;timer_interrupt_flag_clear
</UL>
<BR>[Address Reference Count : 1]<UL><LI> startup_gd32f1x0.o(RESET)
</UL>
<P><STRONG><a name="[27]"></a>USART0_IRQHandler</STRONG> (Thumb, 126 bytes, Stack size 8 bytes, rs485.o(i.USART0_IRQHandler))
<BR><BR>[Stack]<UL><LI>Max Depth = 16<LI>Call Chain = USART0_IRQHandler &rArr; usart_flag_get
</UL>
<BR>[Calls]<UL><LI><a href="#[85]">&gt;&gt;</a>&nbsp;&nbsp;&nbsp;usart_flag_get
<LI><a href="#[a4]">&gt;&gt;</a>&nbsp;&nbsp;&nbsp;usart_data_receive
</UL>
<BR>[Address Reference Count : 1]<UL><LI> startup_gd32f1x0.o(RESET)
</UL>
<P><STRONG><a name="[a5]"></a>Update_Modbus_Regs</STRONG> (Thumb, 182 bytes, Stack size 16 bytes, modbus.o(i.Update_Modbus_Regs))
<BR><BR>[Stack]<UL><LI>Max Depth = 136 + Unknown Stack Size
<LI>Call Chain = Update_Modbus_Regs &rArr; __2snprintf &rArr; _printf_char_common &rArr; __printf
</UL>
<BR>[Calls]<UL><LI><a href="#[a6]">&gt;&gt;</a>&nbsp;&nbsp;&nbsp;Usart2_SendString
<LI><a href="#[a8]">&gt;&gt;</a>&nbsp;&nbsp;&nbsp;slave_add_read
<LI><a href="#[a7]">&gt;&gt;</a>&nbsp;&nbsp;&nbsp;bound_add_read
<LI><a href="#[54]">&gt;&gt;</a>&nbsp;&nbsp;&nbsp;AT24CXX_Check
<LI><a href="#[60]">&gt;&gt;</a>&nbsp;&nbsp;&nbsp;delay_ms
<LI><a href="#[72]">&gt;&gt;</a>&nbsp;&nbsp;&nbsp;IWDG_Feed
<LI><a href="#[49]">&gt;&gt;</a>&nbsp;&nbsp;&nbsp;__2snprintf
</UL>
<BR>[Called By]<UL><LI><a href="#[43]">&gt;&gt;</a>&nbsp;&nbsp;&nbsp;main
</UL>

<P><STRONG><a name="[a9]"></a>Update_Radiation_Regs</STRONG> (Thumb, 92 bytes, Stack size 24 bytes, modbus.o(i.Update_Radiation_Regs))
<BR><BR>[Stack]<UL><LI>Max Depth = 40<LI>Call Chain = Update_Radiation_Regs &rArr; __aeabi_f2uiz
</UL>
<BR>[Calls]<UL><LI><a href="#[ac]">&gt;&gt;</a>&nbsp;&nbsp;&nbsp;float_to_regs
<LI><a href="#[ab]">&gt;&gt;</a>&nbsp;&nbsp;&nbsp;__aeabi_f2uiz
<LI><a href="#[aa]">&gt;&gt;</a>&nbsp;&nbsp;&nbsp;__aeabi_fadd
</UL>
<BR>[Called By]<UL><LI><a href="#[43]">&gt;&gt;</a>&nbsp;&nbsp;&nbsp;main
</UL>

<P><STRONG><a name="[8]"></a>UsageFault_Handler</STRONG> (Thumb, 4 bytes, Stack size 0 bytes, gd32f1x0_it.o(i.UsageFault_Handler))
<BR>[Address Reference Count : 1]<UL><LI> startup_gd32f1x0.o(RESET)
</UL>
<P><STRONG><a name="[a6]"></a>Usart2_SendString</STRONG> (Thumb, 24 bytes, Stack size 16 bytes, rs485.o(i.Usart2_SendString))
<BR><BR>[Stack]<UL><LI>Max Depth = 48<LI>Call Chain = Usart2_SendString &rArr; usart_send_data &rArr; usart_flag_get
</UL>
<BR>[Calls]<UL><LI><a href="#[ae]">&gt;&gt;</a>&nbsp;&nbsp;&nbsp;usart_send_data
<LI><a href="#[ad]">&gt;&gt;</a>&nbsp;&nbsp;&nbsp;strlen
</UL>
<BR>[Called By]<UL><LI><a href="#[a5]">&gt;&gt;</a>&nbsp;&nbsp;&nbsp;Update_Modbus_Regs
</UL>

<P><STRONG><a name="[a7]"></a>bound_add_read</STRONG> (Thumb, 22 bytes, Stack size 8 bytes, eeprom.o(i.bound_add_read))
<BR><BR>[Stack]<UL><LI>Max Depth = 76<LI>Call Chain = bound_add_read &rArr; AT24CXX_ReadOneByte &rArr; IIC_Read_Byte &rArr; IIC_NAck &rArr; sda_output &rArr; gpio_output_options_set
</UL>
<BR>[Calls]<UL><LI><a href="#[55]">&gt;&gt;</a>&nbsp;&nbsp;&nbsp;AT24CXX_ReadOneByte
</UL>
<BR>[Called By]<UL><LI><a href="#[a5]">&gt;&gt;</a>&nbsp;&nbsp;&nbsp;Update_Modbus_Regs
</UL>

<P><STRONG><a name="[80]"></a>bound_add_write</STRONG> (Thumb, 20 bytes, Stack size 8 bytes, eeprom.o(i.bound_add_write))
<BR><BR>[Stack]<UL><LI>Max Depth = 68<LI>Call Chain = bound_add_write &rArr; AT24CXX_WriteOneByte &rArr; IIC_Wait_Ack &rArr; IIC_Stop &rArr; sda_output &rArr; gpio_output_options_set
</UL>
<BR>[Calls]<UL><LI><a href="#[56]">&gt;&gt;</a>&nbsp;&nbsp;&nbsp;AT24CXX_WriteOneByte
</UL>
<BR>[Called By]<UL><LI><a href="#[7c]">&gt;&gt;</a>&nbsp;&nbsp;&nbsp;Modbus_Func6
</UL>

<P><STRONG><a name="[6c]"></a>delay_1ms</STRONG> (Thumb, 12 bytes, Stack size 8 bytes, delay.o(i.delay_1ms))
<BR><BR>[Stack]<UL><LI>Max Depth = 20<LI>Call Chain = delay_1ms &rArr; delay_ms
</UL>
<BR>[Calls]<UL><LI><a href="#[60]">&gt;&gt;</a>&nbsp;&nbsp;&nbsp;delay_ms
</UL>
<BR>[Called By]<UL><LI><a href="#[68]">&gt;&gt;</a>&nbsp;&nbsp;&nbsp;Hx711_init
</UL>

<P><STRONG><a name="[b6]"></a>delay_init</STRONG> (Thumb, 56 bytes, Stack size 0 bytes, delay.o(i.delay_init))
<BR><BR>[Called By]<UL><LI><a href="#[43]">&gt;&gt;</a>&nbsp;&nbsp;&nbsp;main
</UL>

<P><STRONG><a name="[60]"></a>delay_ms</STRONG> (Thumb, 54 bytes, Stack size 12 bytes, delay.o(i.delay_ms))
<BR><BR>[Stack]<UL><LI>Max Depth = 12<LI>Call Chain = delay_ms
</UL>
<BR>[Calls]<UL><LI><a href="#[6f]">&gt;&gt;</a>&nbsp;&nbsp;&nbsp;delay_us
</UL>
<BR>[Called By]<UL><LI><a href="#[7c]">&gt;&gt;</a>&nbsp;&nbsp;&nbsp;Modbus_Func6
<LI><a href="#[83]">&gt;&gt;</a>&nbsp;&nbsp;&nbsp;trigger_iap_update
<LI><a href="#[6c]">&gt;&gt;</a>&nbsp;&nbsp;&nbsp;delay_1ms
<LI><a href="#[56]">&gt;&gt;</a>&nbsp;&nbsp;&nbsp;AT24CXX_WriteOneByte
<LI><a href="#[a5]">&gt;&gt;</a>&nbsp;&nbsp;&nbsp;Update_Modbus_Regs
<LI><a href="#[43]">&gt;&gt;</a>&nbsp;&nbsp;&nbsp;main
</UL>

<P><STRONG><a name="[6f]"></a>delay_us</STRONG> (Thumb, 72 bytes, Stack size 0 bytes, delay.o(i.delay_us))
<BR><BR>[Called By]<UL><LI><a href="#[5c]">&gt;&gt;</a>&nbsp;&nbsp;&nbsp;IIC_Wait_Ack
<LI><a href="#[5e]">&gt;&gt;</a>&nbsp;&nbsp;&nbsp;IIC_Stop
<LI><a href="#[5a]">&gt;&gt;</a>&nbsp;&nbsp;&nbsp;IIC_Start
<LI><a href="#[5b]">&gt;&gt;</a>&nbsp;&nbsp;&nbsp;IIC_Send_Byte
<LI><a href="#[5d]">&gt;&gt;</a>&nbsp;&nbsp;&nbsp;IIC_Read_Byte
<LI><a href="#[70]">&gt;&gt;</a>&nbsp;&nbsp;&nbsp;IIC_NAck
<LI><a href="#[6d]">&gt;&gt;</a>&nbsp;&nbsp;&nbsp;IIC_Ack
<LI><a href="#[60]">&gt;&gt;</a>&nbsp;&nbsp;&nbsp;delay_ms
</UL>

<P><STRONG><a name="[c3]"></a>fmc_lock</STRONG> (Thumb, 14 bytes, Stack size 0 bytes, gd32f1x0_fmc.o(i.fmc_lock))
<BR><BR>[Called By]<UL><LI><a href="#[b5]">&gt;&gt;</a>&nbsp;&nbsp;&nbsp;write_metadata
<LI><a href="#[c1]">&gt;&gt;</a>&nbsp;&nbsp;&nbsp;write_legacy_update_flag
</UL>

<P><STRONG><a name="[af]"></a>fmc_page_erase</STRONG> (Thumb, 70 bytes, Stack size 16 bytes, gd32f1x0_fmc.o(i.fmc_page_erase))
<BR><BR>[Stack]<UL><LI>Max Depth = 32<LI>Call Chain = fmc_page_erase &rArr; fmc_ready_wait
</UL>
<BR>[Calls]<UL><LI><a href="#[b0]">&gt;&gt;</a>&nbsp;&nbsp;&nbsp;fmc_ready_wait
</UL>
<BR>[Called By]<UL><LI><a href="#[b5]">&gt;&gt;</a>&nbsp;&nbsp;&nbsp;write_metadata
<LI><a href="#[c1]">&gt;&gt;</a>&nbsp;&nbsp;&nbsp;write_legacy_update_flag
</UL>

<P><STRONG><a name="[c2]"></a>fmc_unlock</STRONG> (Thumb, 22 bytes, Stack size 0 bytes, gd32f1x0_fmc.o(i.fmc_unlock))
<BR><BR>[Called By]<UL><LI><a href="#[b5]">&gt;&gt;</a>&nbsp;&nbsp;&nbsp;write_metadata
<LI><a href="#[c1]">&gt;&gt;</a>&nbsp;&nbsp;&nbsp;write_legacy_update_flag
</UL>

<P><STRONG><a name="[b2]"></a>fmc_word_program</STRONG> (Thumb, 58 bytes, Stack size 16 bytes, gd32f1x0_fmc.o(i.fmc_word_program))
<BR><BR>[Stack]<UL><LI>Max Depth = 32<LI>Call Chain = fmc_word_program &rArr; fmc_ready_wait
</UL>
<BR>[Calls]<UL><LI><a href="#[b0]">&gt;&gt;</a>&nbsp;&nbsp;&nbsp;fmc_ready_wait
</UL>
<BR>[Called By]<UL><LI><a href="#[b5]">&gt;&gt;</a>&nbsp;&nbsp;&nbsp;write_metadata
<LI><a href="#[c1]">&gt;&gt;</a>&nbsp;&nbsp;&nbsp;write_legacy_update_flag
</UL>

<P><STRONG><a name="[77]"></a>fwdgt_config</STRONG> (Thumb, 94 bytes, Stack size 12 bytes, gd32f1x0_fwdgt.o(i.fwdgt_config))
<BR><BR>[Stack]<UL><LI>Max Depth = 12<LI>Call Chain = fwdgt_config
</UL>
<BR>[Called By]<UL><LI><a href="#[74]">&gt;&gt;</a>&nbsp;&nbsp;&nbsp;IWDG_Init
</UL>

<P><STRONG><a name="[73]"></a>fwdgt_counter_reload</STRONG> (Thumb, 10 bytes, Stack size 0 bytes, gd32f1x0_fwdgt.o(i.fwdgt_counter_reload))
<BR><BR>[Called By]<UL><LI><a href="#[74]">&gt;&gt;</a>&nbsp;&nbsp;&nbsp;IWDG_Init
<LI><a href="#[72]">&gt;&gt;</a>&nbsp;&nbsp;&nbsp;IWDG_Feed
</UL>

<P><STRONG><a name="[78]"></a>fwdgt_enable</STRONG> (Thumb, 10 bytes, Stack size 0 bytes, gd32f1x0_fwdgt.o(i.fwdgt_enable))
<BR><BR>[Called By]<UL><LI><a href="#[74]">&gt;&gt;</a>&nbsp;&nbsp;&nbsp;IWDG_Init
</UL>

<P><STRONG><a name="[75]"></a>fwdgt_write_enable</STRONG> (Thumb, 10 bytes, Stack size 0 bytes, gd32f1x0_fwdgt.o(i.fwdgt_write_enable))
<BR><BR>[Called By]<UL><LI><a href="#[74]">&gt;&gt;</a>&nbsp;&nbsp;&nbsp;IWDG_Init
</UL>

<P><STRONG><a name="[87]"></a>gpio_af_set</STRONG> (Thumb, 94 bytes, Stack size 20 bytes, gd32f1x0_gpio.o(i.gpio_af_set))
<BR><BR>[Stack]<UL><LI>Max Depth = 20<LI>Call Chain = gpio_af_set
</UL>
<BR>[Called By]<UL><LI><a href="#[81]">&gt;&gt;</a>&nbsp;&nbsp;&nbsp;Modbus_uart2_init
</UL>

<P><STRONG><a name="[64]"></a>gpio_bit_reset</STRONG> (Thumb, 4 bytes, Stack size 0 bytes, gd32f1x0_gpio.o(i.gpio_bit_reset))
<BR><BR>[Called By]<UL><LI><a href="#[61]">&gt;&gt;</a>&nbsp;&nbsp;&nbsp;Hx711_Data
<LI><a href="#[5c]">&gt;&gt;</a>&nbsp;&nbsp;&nbsp;IIC_Wait_Ack
<LI><a href="#[5e]">&gt;&gt;</a>&nbsp;&nbsp;&nbsp;IIC_Stop
<LI><a href="#[5a]">&gt;&gt;</a>&nbsp;&nbsp;&nbsp;IIC_Start
<LI><a href="#[5b]">&gt;&gt;</a>&nbsp;&nbsp;&nbsp;IIC_Send_Byte
<LI><a href="#[5d]">&gt;&gt;</a>&nbsp;&nbsp;&nbsp;IIC_Read_Byte
<LI><a href="#[70]">&gt;&gt;</a>&nbsp;&nbsp;&nbsp;IIC_NAck
<LI><a href="#[58]">&gt;&gt;</a>&nbsp;&nbsp;&nbsp;IIC_Init
<LI><a href="#[6d]">&gt;&gt;</a>&nbsp;&nbsp;&nbsp;IIC_Ack
<LI><a href="#[68]">&gt;&gt;</a>&nbsp;&nbsp;&nbsp;Hx711_init
</UL>

<P><STRONG><a name="[62]"></a>gpio_bit_set</STRONG> (Thumb, 4 bytes, Stack size 0 bytes, gd32f1x0_gpio.o(i.gpio_bit_set))
<BR><BR>[Called By]<UL><LI><a href="#[61]">&gt;&gt;</a>&nbsp;&nbsp;&nbsp;Hx711_Data
<LI><a href="#[5c]">&gt;&gt;</a>&nbsp;&nbsp;&nbsp;IIC_Wait_Ack
<LI><a href="#[5e]">&gt;&gt;</a>&nbsp;&nbsp;&nbsp;IIC_Stop
<LI><a href="#[5a]">&gt;&gt;</a>&nbsp;&nbsp;&nbsp;IIC_Start
<LI><a href="#[5b]">&gt;&gt;</a>&nbsp;&nbsp;&nbsp;IIC_Send_Byte
<LI><a href="#[5d]">&gt;&gt;</a>&nbsp;&nbsp;&nbsp;IIC_Read_Byte
<LI><a href="#[70]">&gt;&gt;</a>&nbsp;&nbsp;&nbsp;IIC_NAck
<LI><a href="#[58]">&gt;&gt;</a>&nbsp;&nbsp;&nbsp;IIC_Init
<LI><a href="#[6d]">&gt;&gt;</a>&nbsp;&nbsp;&nbsp;IIC_Ack
<LI><a href="#[68]">&gt;&gt;</a>&nbsp;&nbsp;&nbsp;Hx711_init
</UL>

<P><STRONG><a name="[65]"></a>gpio_input_bit_get</STRONG> (Thumb, 16 bytes, Stack size 0 bytes, gd32f1x0_gpio.o(i.gpio_input_bit_get))
<BR><BR>[Called By]<UL><LI><a href="#[61]">&gt;&gt;</a>&nbsp;&nbsp;&nbsp;Hx711_Data
<LI><a href="#[5c]">&gt;&gt;</a>&nbsp;&nbsp;&nbsp;IIC_Wait_Ack
<LI><a href="#[5d]">&gt;&gt;</a>&nbsp;&nbsp;&nbsp;IIC_Read_Byte
<LI><a href="#[94]">&gt;&gt;</a>&nbsp;&nbsp;&nbsp;Read_Hx711
</UL>

<P><STRONG><a name="[6a]"></a>gpio_mode_set</STRONG> (Thumb, 78 bytes, Stack size 20 bytes, gd32f1x0_gpio.o(i.gpio_mode_set))
<BR><BR>[Stack]<UL><LI>Max Depth = 20<LI>Call Chain = gpio_mode_set
</UL>
<BR>[Called By]<UL><LI><a href="#[58]">&gt;&gt;</a>&nbsp;&nbsp;&nbsp;IIC_Init
<LI><a href="#[6e]">&gt;&gt;</a>&nbsp;&nbsp;&nbsp;sda_output
<LI><a href="#[71]">&gt;&gt;</a>&nbsp;&nbsp;&nbsp;sda_input
<LI><a href="#[81]">&gt;&gt;</a>&nbsp;&nbsp;&nbsp;Modbus_uart2_init
<LI><a href="#[68]">&gt;&gt;</a>&nbsp;&nbsp;&nbsp;Hx711_init
</UL>

<P><STRONG><a name="[6b]"></a>gpio_output_options_set</STRONG> (Thumb, 66 bytes, Stack size 20 bytes, gd32f1x0_gpio.o(i.gpio_output_options_set))
<BR><BR>[Stack]<UL><LI>Max Depth = 20<LI>Call Chain = gpio_output_options_set
</UL>
<BR>[Called By]<UL><LI><a href="#[58]">&gt;&gt;</a>&nbsp;&nbsp;&nbsp;IIC_Init
<LI><a href="#[6e]">&gt;&gt;</a>&nbsp;&nbsp;&nbsp;sda_output
<LI><a href="#[81]">&gt;&gt;</a>&nbsp;&nbsp;&nbsp;Modbus_uart2_init
<LI><a href="#[68]">&gt;&gt;</a>&nbsp;&nbsp;&nbsp;Hx711_init
</UL>

<P><STRONG><a name="[b3]"></a>iap_confirm_app_boot</STRONG> (Thumb, 44 bytes, Stack size 40 bytes, iap_trigger.o(i.iap_confirm_app_boot))
<BR><BR>[Stack]<UL><LI>Max Depth = 216<LI>Call Chain = iap_confirm_app_boot &rArr; write_metadata &rArr; fmc_word_program &rArr; fmc_ready_wait
</UL>
<BR>[Calls]<UL><LI><a href="#[b5]">&gt;&gt;</a>&nbsp;&nbsp;&nbsp;write_metadata
<LI><a href="#[b4]">&gt;&gt;</a>&nbsp;&nbsp;&nbsp;read_metadata
</UL>
<BR>[Called By]<UL><LI><a href="#[43]">&gt;&gt;</a>&nbsp;&nbsp;&nbsp;main
</UL>

<P><STRONG><a name="[43]"></a>main</STRONG> (Thumb, 116 bytes, Stack size 0 bytes, main.o(i.main))
<BR><BR>[Stack]<UL><LI>Max Depth = 272 + Unknown Stack Size
<LI>Call Chain = main &rArr; Modbus_Event &rArr; Modbus_Func6 &rArr; trigger_iap_update &rArr; write_update_pending &rArr; write_metadata &rArr; fmc_word_program &rArr; fmc_ready_wait
</UL>
<BR>[Calls]<UL><LI><a href="#[b7]">&gt;&gt;</a>&nbsp;&nbsp;&nbsp;nvic_priority_group_set
<LI><a href="#[b3]">&gt;&gt;</a>&nbsp;&nbsp;&nbsp;iap_confirm_app_boot
<LI><a href="#[60]">&gt;&gt;</a>&nbsp;&nbsp;&nbsp;delay_ms
<LI><a href="#[b6]">&gt;&gt;</a>&nbsp;&nbsp;&nbsp;delay_init
<LI><a href="#[a9]">&gt;&gt;</a>&nbsp;&nbsp;&nbsp;Update_Radiation_Regs
<LI><a href="#[a5]">&gt;&gt;</a>&nbsp;&nbsp;&nbsp;Update_Modbus_Regs
<LI><a href="#[9d]">&gt;&gt;</a>&nbsp;&nbsp;&nbsp;TIM2_Int_Init
<LI><a href="#[94]">&gt;&gt;</a>&nbsp;&nbsp;&nbsp;Read_Hx711
<LI><a href="#[81]">&gt;&gt;</a>&nbsp;&nbsp;&nbsp;Modbus_uart2_init
<LI><a href="#[b8]">&gt;&gt;</a>&nbsp;&nbsp;&nbsp;Modbus_Init
<LI><a href="#[79]">&gt;&gt;</a>&nbsp;&nbsp;&nbsp;Modbus_Event
<LI><a href="#[74]">&gt;&gt;</a>&nbsp;&nbsp;&nbsp;IWDG_Init
<LI><a href="#[72]">&gt;&gt;</a>&nbsp;&nbsp;&nbsp;IWDG_Feed
<LI><a href="#[68]">&gt;&gt;</a>&nbsp;&nbsp;&nbsp;Hx711_init
<LI><a href="#[66]">&gt;&gt;</a>&nbsp;&nbsp;&nbsp;Hx711_Load_Calibration
<LI><a href="#[57]">&gt;&gt;</a>&nbsp;&nbsp;&nbsp;AT24CXX_Init
</UL>
<BR>[Called By]<UL><LI><a href="#[42]">&gt;&gt;</a>&nbsp;&nbsp;&nbsp;__rt_entry_main
</UL>

<P><STRONG><a name="[92]"></a>nvic_irq_enable</STRONG> (Thumb, 162 bytes, Stack size 24 bytes, gd32f1x0_misc.o(i.nvic_irq_enable))
<BR><BR>[Stack]<UL><LI>Max Depth = 24<LI>Call Chain = nvic_irq_enable
</UL>
<BR>[Calls]<UL><LI><a href="#[b7]">&gt;&gt;</a>&nbsp;&nbsp;&nbsp;nvic_priority_group_set
</UL>
<BR>[Called By]<UL><LI><a href="#[9d]">&gt;&gt;</a>&nbsp;&nbsp;&nbsp;TIM2_Int_Init
<LI><a href="#[81]">&gt;&gt;</a>&nbsp;&nbsp;&nbsp;Modbus_uart2_init
</UL>

<P><STRONG><a name="[b7]"></a>nvic_priority_group_set</STRONG> (Thumb, 10 bytes, Stack size 0 bytes, gd32f1x0_misc.o(i.nvic_priority_group_set))
<BR><BR>[Called By]<UL><LI><a href="#[92]">&gt;&gt;</a>&nbsp;&nbsp;&nbsp;nvic_irq_enable
<LI><a href="#[43]">&gt;&gt;</a>&nbsp;&nbsp;&nbsp;main
</UL>

<P><STRONG><a name="[9c]"></a>nvic_vector_table_set</STRONG> (Thumb, 16 bytes, Stack size 0 bytes, gd32f1x0_misc.o(i.nvic_vector_table_set))
<BR><BR>[Called By]<UL><LI><a href="#[33]">&gt;&gt;</a>&nbsp;&nbsp;&nbsp;SystemInit
</UL>

<P><STRONG><a name="[c0]"></a>rcu_clock_freq_get</STRONG> (Thumb, 646 bytes, Stack size 96 bytes, gd32f1x0_rcu.o(i.rcu_clock_freq_get))
<BR><BR>[Stack]<UL><LI>Max Depth = 96<LI>Call Chain = rcu_clock_freq_get
</UL>
<BR>[Called By]<UL><LI><a href="#[8b]">&gt;&gt;</a>&nbsp;&nbsp;&nbsp;usart_baudrate_set
</UL>

<P><STRONG><a name="[69]"></a>rcu_periph_clock_enable</STRONG> (Thumb, 28 bytes, Stack size 0 bytes, gd32f1x0_rcu.o(i.rcu_periph_clock_enable))
<BR><BR>[Called By]<UL><LI><a href="#[58]">&gt;&gt;</a>&nbsp;&nbsp;&nbsp;IIC_Init
<LI><a href="#[9d]">&gt;&gt;</a>&nbsp;&nbsp;&nbsp;TIM2_Int_Init
<LI><a href="#[81]">&gt;&gt;</a>&nbsp;&nbsp;&nbsp;Modbus_uart2_init
<LI><a href="#[68]">&gt;&gt;</a>&nbsp;&nbsp;&nbsp;Hx711_init
</UL>

<P><STRONG><a name="[89]"></a>rcu_periph_reset_disable</STRONG> (Thumb, 28 bytes, Stack size 0 bytes, gd32f1x0_rcu.o(i.rcu_periph_reset_disable))
<BR><BR>[Called By]<UL><LI><a href="#[8a]">&gt;&gt;</a>&nbsp;&nbsp;&nbsp;usart_deinit
<LI><a href="#[81]">&gt;&gt;</a>&nbsp;&nbsp;&nbsp;Modbus_uart2_init
<LI><a href="#[9e]">&gt;&gt;</a>&nbsp;&nbsp;&nbsp;timer_deinit
</UL>

<P><STRONG><a name="[88]"></a>rcu_periph_reset_enable</STRONG> (Thumb, 28 bytes, Stack size 0 bytes, gd32f1x0_rcu.o(i.rcu_periph_reset_enable))
<BR><BR>[Called By]<UL><LI><a href="#[8a]">&gt;&gt;</a>&nbsp;&nbsp;&nbsp;usart_deinit
<LI><a href="#[81]">&gt;&gt;</a>&nbsp;&nbsp;&nbsp;Modbus_uart2_init
<LI><a href="#[9e]">&gt;&gt;</a>&nbsp;&nbsp;&nbsp;timer_deinit
</UL>

<P><STRONG><a name="[a8]"></a>slave_add_read</STRONG> (Thumb, 24 bytes, Stack size 8 bytes, eeprom.o(i.slave_add_read))
<BR><BR>[Stack]<UL><LI>Max Depth = 76<LI>Call Chain = slave_add_read &rArr; AT24CXX_ReadOneByte &rArr; IIC_Read_Byte &rArr; IIC_NAck &rArr; sda_output &rArr; gpio_output_options_set
</UL>
<BR>[Calls]<UL><LI><a href="#[55]">&gt;&gt;</a>&nbsp;&nbsp;&nbsp;AT24CXX_ReadOneByte
</UL>
<BR>[Called By]<UL><LI><a href="#[a5]">&gt;&gt;</a>&nbsp;&nbsp;&nbsp;Update_Modbus_Regs
</UL>

<P><STRONG><a name="[82]"></a>slave_add_write</STRONG> (Thumb, 14 bytes, Stack size 8 bytes, eeprom.o(i.slave_add_write))
<BR><BR>[Stack]<UL><LI>Max Depth = 68<LI>Call Chain = slave_add_write &rArr; AT24CXX_WriteOneByte &rArr; IIC_Wait_Ack &rArr; IIC_Stop &rArr; sda_output &rArr; gpio_output_options_set
</UL>
<BR>[Calls]<UL><LI><a href="#[56]">&gt;&gt;</a>&nbsp;&nbsp;&nbsp;AT24CXX_WriteOneByte
</UL>
<BR>[Called By]<UL><LI><a href="#[7c]">&gt;&gt;</a>&nbsp;&nbsp;&nbsp;Modbus_Func6
</UL>

<P><STRONG><a name="[9e]"></a>timer_deinit</STRONG> (Thumb, 210 bytes, Stack size 8 bytes, gd32f1x0_timer.o(i.timer_deinit))
<BR><BR>[Stack]<UL><LI>Max Depth = 8<LI>Call Chain = timer_deinit
</UL>
<BR>[Calls]<UL><LI><a href="#[88]">&gt;&gt;</a>&nbsp;&nbsp;&nbsp;rcu_periph_reset_enable
<LI><a href="#[89]">&gt;&gt;</a>&nbsp;&nbsp;&nbsp;rcu_periph_reset_disable
</UL>
<BR>[Called By]<UL><LI><a href="#[9d]">&gt;&gt;</a>&nbsp;&nbsp;&nbsp;TIM2_Int_Init
</UL>

<P><STRONG><a name="[a2]"></a>timer_enable</STRONG> (Thumb, 10 bytes, Stack size 0 bytes, gd32f1x0_timer.o(i.timer_enable))
<BR><BR>[Called By]<UL><LI><a href="#[9d]">&gt;&gt;</a>&nbsp;&nbsp;&nbsp;TIM2_Int_Init
</UL>

<P><STRONG><a name="[9f]"></a>timer_init</STRONG> (Thumb, 146 bytes, Stack size 0 bytes, gd32f1x0_timer.o(i.timer_init))
<BR><BR>[Called By]<UL><LI><a href="#[9d]">&gt;&gt;</a>&nbsp;&nbsp;&nbsp;TIM2_Int_Init
</UL>

<P><STRONG><a name="[a1]"></a>timer_interrupt_enable</STRONG> (Thumb, 8 bytes, Stack size 0 bytes, gd32f1x0_timer.o(i.timer_interrupt_enable))
<BR><BR>[Called By]<UL><LI><a href="#[9d]">&gt;&gt;</a>&nbsp;&nbsp;&nbsp;TIM2_Int_Init
</UL>

<P><STRONG><a name="[a0]"></a>timer_interrupt_flag_clear</STRONG> (Thumb, 6 bytes, Stack size 0 bytes, gd32f1x0_timer.o(i.timer_interrupt_flag_clear))
<BR><BR>[Called By]<UL><LI><a href="#[9d]">&gt;&gt;</a>&nbsp;&nbsp;&nbsp;TIM2_Int_Init
<LI><a href="#[1d]">&gt;&gt;</a>&nbsp;&nbsp;&nbsp;TIMER2_IRQHandler
</UL>

<P><STRONG><a name="[a3]"></a>timer_interrupt_flag_get</STRONG> (Thumb, 24 bytes, Stack size 0 bytes, gd32f1x0_timer.o(i.timer_interrupt_flag_get))
<BR><BR>[Called By]<UL><LI><a href="#[1d]">&gt;&gt;</a>&nbsp;&nbsp;&nbsp;TIMER2_IRQHandler
</UL>

<P><STRONG><a name="[83]"></a>trigger_iap_update</STRONG> (Thumb, 60 bytes, Stack size 8 bytes, iap_trigger.o(i.trigger_iap_update))
<BR><BR>[Stack]<UL><LI>Max Depth = 224<LI>Call Chain = trigger_iap_update &rArr; write_update_pending &rArr; write_metadata &rArr; fmc_word_program &rArr; fmc_ready_wait
</UL>
<BR>[Calls]<UL><LI><a href="#[bf]">&gt;&gt;</a>&nbsp;&nbsp;&nbsp;write_update_pending
<LI><a href="#[60]">&gt;&gt;</a>&nbsp;&nbsp;&nbsp;delay_ms
<LI><a href="#[72]">&gt;&gt;</a>&nbsp;&nbsp;&nbsp;IWDG_Feed
</UL>
<BR>[Called By]<UL><LI><a href="#[7c]">&gt;&gt;</a>&nbsp;&nbsp;&nbsp;Modbus_Func6
</UL>

<P><STRONG><a name="[8b]"></a>usart_baudrate_set</STRONG> (Thumb, 120 bytes, Stack size 32 bytes, gd32f1x0_usart.o(i.usart_baudrate_set))
<BR><BR>[Stack]<UL><LI>Max Depth = 128<LI>Call Chain = usart_baudrate_set &rArr; rcu_clock_freq_get
</UL>
<BR>[Calls]<UL><LI><a href="#[c0]">&gt;&gt;</a>&nbsp;&nbsp;&nbsp;rcu_clock_freq_get
</UL>
<BR>[Called By]<UL><LI><a href="#[81]">&gt;&gt;</a>&nbsp;&nbsp;&nbsp;Modbus_uart2_init
</UL>

<P><STRONG><a name="[a4]"></a>usart_data_receive</STRONG> (Thumb, 10 bytes, Stack size 0 bytes, gd32f1x0_usart.o(i.usart_data_receive))
<BR><BR>[Called By]<UL><LI><a href="#[27]">&gt;&gt;</a>&nbsp;&nbsp;&nbsp;USART0_IRQHandler
</UL>

<P><STRONG><a name="[84]"></a>usart_data_transmit</STRONG> (Thumb, 8 bytes, Stack size 0 bytes, gd32f1x0_usart.o(i.usart_data_transmit))
<BR><BR>[Called By]<UL><LI><a href="#[ae]">&gt;&gt;</a>&nbsp;&nbsp;&nbsp;usart_send_data
<LI><a href="#[7e]">&gt;&gt;</a>&nbsp;&nbsp;&nbsp;Modbus_Send_Byte
</UL>

<P><STRONG><a name="[8a]"></a>usart_deinit</STRONG> (Thumb, 58 bytes, Stack size 8 bytes, gd32f1x0_usart.o(i.usart_deinit))
<BR><BR>[Stack]<UL><LI>Max Depth = 8<LI>Call Chain = usart_deinit
</UL>
<BR>[Calls]<UL><LI><a href="#[88]">&gt;&gt;</a>&nbsp;&nbsp;&nbsp;rcu_periph_reset_enable
<LI><a href="#[89]">&gt;&gt;</a>&nbsp;&nbsp;&nbsp;rcu_periph_reset_disable
</UL>
<BR>[Called By]<UL><LI><a href="#[81]">&gt;&gt;</a>&nbsp;&nbsp;&nbsp;Modbus_uart2_init
</UL>

<P><STRONG><a name="[91]"></a>usart_enable</STRONG> (Thumb, 10 bytes, Stack size 0 bytes, gd32f1x0_usart.o(i.usart_enable))
<BR><BR>[Called By]<UL><LI><a href="#[81]">&gt;&gt;</a>&nbsp;&nbsp;&nbsp;Modbus_uart2_init
</UL>

<P><STRONG><a name="[86]"></a>usart_flag_clear</STRONG> (Thumb, 36 bytes, Stack size 8 bytes, gd32f1x0_usart.o(i.usart_flag_clear))
<BR><BR>[Stack]<UL><LI>Max Depth = 8<LI>Call Chain = usart_flag_clear
</UL>
<BR>[Called By]<UL><LI><a href="#[7e]">&gt;&gt;</a>&nbsp;&nbsp;&nbsp;Modbus_Send_Byte
</UL>

<P><STRONG><a name="[85]"></a>usart_flag_get</STRONG> (Thumb, 30 bytes, Stack size 8 bytes, gd32f1x0_usart.o(i.usart_flag_get))
<BR><BR>[Stack]<UL><LI>Max Depth = 8<LI>Call Chain = usart_flag_get
</UL>
<BR>[Called By]<UL><LI><a href="#[27]">&gt;&gt;</a>&nbsp;&nbsp;&nbsp;USART0_IRQHandler
<LI><a href="#[ae]">&gt;&gt;</a>&nbsp;&nbsp;&nbsp;usart_send_data
<LI><a href="#[7e]">&gt;&gt;</a>&nbsp;&nbsp;&nbsp;Modbus_Send_Byte
</UL>

<P><STRONG><a name="[93]"></a>usart_interrupt_enable</STRONG> (Thumb, 26 bytes, Stack size 8 bytes, gd32f1x0_usart.o(i.usart_interrupt_enable))
<BR><BR>[Stack]<UL><LI>Max Depth = 8<LI>Call Chain = usart_interrupt_enable
</UL>
<BR>[Called By]<UL><LI><a href="#[81]">&gt;&gt;</a>&nbsp;&nbsp;&nbsp;Modbus_uart2_init
</UL>

<P><STRONG><a name="[8e]"></a>usart_parity_config</STRONG> (Thumb, 24 bytes, Stack size 0 bytes, gd32f1x0_usart.o(i.usart_parity_config))
<BR><BR>[Called By]<UL><LI><a href="#[81]">&gt;&gt;</a>&nbsp;&nbsp;&nbsp;Modbus_uart2_init
</UL>

<P><STRONG><a name="[8f]"></a>usart_receive_config</STRONG> (Thumb, 16 bytes, Stack size 0 bytes, gd32f1x0_usart.o(i.usart_receive_config))
<BR><BR>[Called By]<UL><LI><a href="#[81]">&gt;&gt;</a>&nbsp;&nbsp;&nbsp;Modbus_uart2_init
</UL>

<P><STRONG><a name="[8d]"></a>usart_stop_bit_set</STRONG> (Thumb, 24 bytes, Stack size 0 bytes, gd32f1x0_usart.o(i.usart_stop_bit_set))
<BR><BR>[Called By]<UL><LI><a href="#[81]">&gt;&gt;</a>&nbsp;&nbsp;&nbsp;Modbus_uart2_init
</UL>

<P><STRONG><a name="[90]"></a>usart_transmit_config</STRONG> (Thumb, 16 bytes, Stack size 0 bytes, gd32f1x0_usart.o(i.usart_transmit_config))
<BR><BR>[Called By]<UL><LI><a href="#[81]">&gt;&gt;</a>&nbsp;&nbsp;&nbsp;Modbus_uart2_init
</UL>

<P><STRONG><a name="[8c]"></a>usart_word_length_set</STRONG> (Thumb, 24 bytes, Stack size 0 bytes, gd32f1x0_usart.o(i.usart_word_length_set))
<BR><BR>[Called By]<UL><LI><a href="#[81]">&gt;&gt;</a>&nbsp;&nbsp;&nbsp;Modbus_uart2_init
</UL>

<P><STRONG><a name="[aa]"></a>__aeabi_fadd</STRONG> (Thumb, 0 bytes, Stack size 16 bytes, faddsub_clz.o(x$fpl$fadd))
<BR><BR>[Stack]<UL><LI>Max Depth = 16<LI>Call Chain = __aeabi_fadd
</UL>
<BR>[Called By]<UL><LI><a href="#[a9]">&gt;&gt;</a>&nbsp;&nbsp;&nbsp;Update_Radiation_Regs
</UL>

<P><STRONG><a name="[c6]"></a>_fadd</STRONG> (Thumb, 196 bytes, Stack size 16 bytes, faddsub_clz.o(x$fpl$fadd), UNUSED)
<BR><BR>[Calls]<UL><LI><a href="#[c8]">&gt;&gt;</a>&nbsp;&nbsp;&nbsp;__fpl_fretinf
<LI><a href="#[c9]">&gt;&gt;</a>&nbsp;&nbsp;&nbsp;__fpl_fnaninf
<LI><a href="#[c7]">&gt;&gt;</a>&nbsp;&nbsp;&nbsp;_fsub1
</UL>

<P><STRONG><a name="[cd]"></a>__fpl_fcmp_Inf</STRONG> (Thumb, 24 bytes, Stack size 0 bytes, fcmpi.o(x$fpl$fcmpinf), UNUSED)
<BR><BR>[Called By]<UL><LI><a href="#[cc]">&gt;&gt;</a>&nbsp;&nbsp;&nbsp;_fcmple
</UL>

<P><STRONG><a name="[99]"></a>__aeabi_fdiv</STRONG> (Thumb, 0 bytes, Stack size 16 bytes, fdiv.o(x$fpl$fdiv))
<BR><BR>[Stack]<UL><LI>Max Depth = 16<LI>Call Chain = __aeabi_fdiv
</UL>
<BR>[Called By]<UL><LI><a href="#[94]">&gt;&gt;</a>&nbsp;&nbsp;&nbsp;Read_Hx711
</UL>

<P><STRONG><a name="[ca]"></a>_fdiv</STRONG> (Thumb, 384 bytes, Stack size 16 bytes, fdiv.o(x$fpl$fdiv), UNUSED)
<BR><BR>[Calls]<UL><LI><a href="#[c8]">&gt;&gt;</a>&nbsp;&nbsp;&nbsp;__fpl_fretinf
<LI><a href="#[c9]">&gt;&gt;</a>&nbsp;&nbsp;&nbsp;__fpl_fnaninf
</UL>

<P><STRONG><a name="[ab]"></a>__aeabi_f2uiz</STRONG> (Thumb, 0 bytes, Stack size 16 bytes, ffixu.o(x$fpl$ffixu))
<BR><BR>[Stack]<UL><LI>Max Depth = 16<LI>Call Chain = __aeabi_f2uiz
</UL>
<BR>[Called By]<UL><LI><a href="#[a9]">&gt;&gt;</a>&nbsp;&nbsp;&nbsp;Update_Radiation_Regs
</UL>

<P><STRONG><a name="[cb]"></a>_ffixu</STRONG> (Thumb, 62 bytes, Stack size 16 bytes, ffixu.o(x$fpl$ffixu), UNUSED)
<BR><BR>[Calls]<UL><LI><a href="#[c9]">&gt;&gt;</a>&nbsp;&nbsp;&nbsp;__fpl_fnaninf
</UL>

<P><STRONG><a name="[95]"></a>__aeabi_ui2f</STRONG> (Thumb, 0 bytes, Stack size 0 bytes, fflt_clz.o(x$fpl$ffltu))
<BR><BR>[Called By]<UL><LI><a href="#[94]">&gt;&gt;</a>&nbsp;&nbsp;&nbsp;Read_Hx711
</UL>

<P><STRONG><a name="[103]"></a>_ffltu</STRONG> (Thumb, 38 bytes, Stack size 0 bytes, fflt_clz.o(x$fpl$ffltu), UNUSED)

<P><STRONG><a name="[104]"></a>__aeabi_cfcmple</STRONG> (Thumb, 0 bytes, Stack size 16 bytes, fleqf.o(x$fpl$fleqf), UNUSED)

<P><STRONG><a name="[cc]"></a>_fcmple</STRONG> (Thumb, 104 bytes, Stack size 16 bytes, fleqf.o(x$fpl$fleqf), UNUSED)
<BR><BR>[Calls]<UL><LI><a href="#[cd]">&gt;&gt;</a>&nbsp;&nbsp;&nbsp;__fpl_fcmp_Inf
<LI><a href="#[c9]">&gt;&gt;</a>&nbsp;&nbsp;&nbsp;__fpl_fnaninf
</UL>

<P><STRONG><a name="[d0]"></a>__fpl_fcmple_InfNaN</STRONG> (Thumb, 0 bytes, Stack size unknown bytes, fleqf.o(x$fpl$fleqf), UNUSED)
<BR><BR>[Called By]<UL><LI><a href="#[cf]">&gt;&gt;</a>&nbsp;&nbsp;&nbsp;_frcmple
</UL>

<P><STRONG><a name="[98]"></a>__aeabi_fmul</STRONG> (Thumb, 0 bytes, Stack size 16 bytes, fmul.o(x$fpl$fmul))
<BR><BR>[Stack]<UL><LI>Max Depth = 16<LI>Call Chain = __aeabi_fmul
</UL>
<BR>[Called By]<UL><LI><a href="#[94]">&gt;&gt;</a>&nbsp;&nbsp;&nbsp;Read_Hx711
</UL>

<P><STRONG><a name="[ce]"></a>_fmul</STRONG> (Thumb, 258 bytes, Stack size 16 bytes, fmul.o(x$fpl$fmul), UNUSED)
<BR><BR>[Calls]<UL><LI><a href="#[c8]">&gt;&gt;</a>&nbsp;&nbsp;&nbsp;__fpl_fretinf
<LI><a href="#[c9]">&gt;&gt;</a>&nbsp;&nbsp;&nbsp;__fpl_fnaninf
</UL>

<P><STRONG><a name="[c9]"></a>__fpl_fnaninf</STRONG> (Thumb, 140 bytes, Stack size 8 bytes, fnaninf.o(x$fpl$fnaninf), UNUSED)
<BR><BR>[Called By]<UL><LI><a href="#[cc]">&gt;&gt;</a>&nbsp;&nbsp;&nbsp;_fcmple
<LI><a href="#[ce]">&gt;&gt;</a>&nbsp;&nbsp;&nbsp;_fmul
<LI><a href="#[cb]">&gt;&gt;</a>&nbsp;&nbsp;&nbsp;_ffixu
<LI><a href="#[ca]">&gt;&gt;</a>&nbsp;&nbsp;&nbsp;_fdiv
<LI><a href="#[d1]">&gt;&gt;</a>&nbsp;&nbsp;&nbsp;_fsub
<LI><a href="#[c6]">&gt;&gt;</a>&nbsp;&nbsp;&nbsp;_fadd
</UL>

<P><STRONG><a name="[c8]"></a>__fpl_fretinf</STRONG> (Thumb, 10 bytes, Stack size 0 bytes, fretinf.o(x$fpl$fretinf), UNUSED)
<BR><BR>[Called By]<UL><LI><a href="#[ce]">&gt;&gt;</a>&nbsp;&nbsp;&nbsp;_fmul
<LI><a href="#[ca]">&gt;&gt;</a>&nbsp;&nbsp;&nbsp;_fdiv
<LI><a href="#[c6]">&gt;&gt;</a>&nbsp;&nbsp;&nbsp;_fadd
</UL>

<P><STRONG><a name="[96]"></a>__aeabi_cfrcmple</STRONG> (Thumb, 0 bytes, Stack size 0 bytes, frleqf.o(x$fpl$frleqf))
<BR><BR>[Called By]<UL><LI><a href="#[94]">&gt;&gt;</a>&nbsp;&nbsp;&nbsp;Read_Hx711
</UL>

<P><STRONG><a name="[cf]"></a>_frcmple</STRONG> (Thumb, 98 bytes, Stack size 0 bytes, frleqf.o(x$fpl$frleqf), UNUSED)
<BR><BR>[Calls]<UL><LI><a href="#[d0]">&gt;&gt;</a>&nbsp;&nbsp;&nbsp;__fpl_fcmple_InfNaN
</UL>

<P><STRONG><a name="[97]"></a>__aeabi_fsub</STRONG> (Thumb, 0 bytes, Stack size 16 bytes, faddsub_clz.o(x$fpl$fsub))
<BR><BR>[Stack]<UL><LI>Max Depth = 16<LI>Call Chain = __aeabi_fsub
</UL>
<BR>[Called By]<UL><LI><a href="#[94]">&gt;&gt;</a>&nbsp;&nbsp;&nbsp;Read_Hx711
</UL>

<P><STRONG><a name="[d1]"></a>_fsub</STRONG> (Thumb, 234 bytes, Stack size 16 bytes, faddsub_clz.o(x$fpl$fsub), UNUSED)
<BR><BR>[Calls]<UL><LI><a href="#[c9]">&gt;&gt;</a>&nbsp;&nbsp;&nbsp;__fpl_fnaninf
<LI><a href="#[d2]">&gt;&gt;</a>&nbsp;&nbsp;&nbsp;_fadd1
</UL>
<P>
<H3>
Local Symbols
</H3>
<P><STRONG><a name="[9a]"></a>_soft_delay_</STRONG> (Thumb, 28 bytes, Stack size 8 bytes, system_gd32f1x0.o(i._soft_delay_))
<BR><BR>[Stack]<UL><LI>Max Depth = 8<LI>Call Chain = _soft_delay_
</UL>
<BR>[Called By]<UL><LI><a href="#[33]">&gt;&gt;</a>&nbsp;&nbsp;&nbsp;SystemInit
</UL>

<P><STRONG><a name="[be]"></a>system_clock_48m_hxtal</STRONG> (Thumb, 162 bytes, Stack size 8 bytes, system_gd32f1x0.o(i.system_clock_48m_hxtal))
<BR><BR>[Stack]<UL><LI>Max Depth = 8<LI>Call Chain = system_clock_48m_hxtal
</UL>
<BR>[Called By]<UL><LI><a href="#[9b]">&gt;&gt;</a>&nbsp;&nbsp;&nbsp;system_clock_config
</UL>

<P><STRONG><a name="[9b]"></a>system_clock_config</STRONG> (Thumb, 8 bytes, Stack size 8 bytes, system_gd32f1x0.o(i.system_clock_config))
<BR><BR>[Stack]<UL><LI>Max Depth = 16<LI>Call Chain = system_clock_config &rArr; system_clock_48m_hxtal
</UL>
<BR>[Calls]<UL><LI><a href="#[be]">&gt;&gt;</a>&nbsp;&nbsp;&nbsp;system_clock_48m_hxtal
</UL>
<BR>[Called By]<UL><LI><a href="#[33]">&gt;&gt;</a>&nbsp;&nbsp;&nbsp;SystemInit
</UL>

<P><STRONG><a name="[71]"></a>sda_input</STRONG> (Thumb, 18 bytes, Stack size 8 bytes, eeprom.o(i.sda_input))
<BR><BR>[Stack]<UL><LI>Max Depth = 28<LI>Call Chain = sda_input &rArr; gpio_mode_set
</UL>
<BR>[Calls]<UL><LI><a href="#[6a]">&gt;&gt;</a>&nbsp;&nbsp;&nbsp;gpio_mode_set
</UL>
<BR>[Called By]<UL><LI><a href="#[5c]">&gt;&gt;</a>&nbsp;&nbsp;&nbsp;IIC_Wait_Ack
<LI><a href="#[5d]">&gt;&gt;</a>&nbsp;&nbsp;&nbsp;IIC_Read_Byte
</UL>

<P><STRONG><a name="[6e]"></a>sda_output</STRONG> (Thumb, 32 bytes, Stack size 8 bytes, eeprom.o(i.sda_output))
<BR><BR>[Stack]<UL><LI>Max Depth = 28<LI>Call Chain = sda_output &rArr; gpio_output_options_set
</UL>
<BR>[Calls]<UL><LI><a href="#[6b]">&gt;&gt;</a>&nbsp;&nbsp;&nbsp;gpio_output_options_set
<LI><a href="#[6a]">&gt;&gt;</a>&nbsp;&nbsp;&nbsp;gpio_mode_set
</UL>
<BR>[Called By]<UL><LI><a href="#[5e]">&gt;&gt;</a>&nbsp;&nbsp;&nbsp;IIC_Stop
<LI><a href="#[5a]">&gt;&gt;</a>&nbsp;&nbsp;&nbsp;IIC_Start
<LI><a href="#[5b]">&gt;&gt;</a>&nbsp;&nbsp;&nbsp;IIC_Send_Byte
<LI><a href="#[70]">&gt;&gt;</a>&nbsp;&nbsp;&nbsp;IIC_NAck
<LI><a href="#[6d]">&gt;&gt;</a>&nbsp;&nbsp;&nbsp;IIC_Ack
</UL>

<P><STRONG><a name="[bc]"></a>crc32_bytes</STRONG> (Thumb, 58 bytes, Stack size 12 bytes, iap_trigger.o(i.crc32_bytes))
<BR><BR>[Stack]<UL><LI>Max Depth = 12<LI>Call Chain = crc32_bytes
</UL>
<BR>[Called By]<UL><LI><a href="#[b5]">&gt;&gt;</a>&nbsp;&nbsp;&nbsp;write_metadata
<LI><a href="#[c1]">&gt;&gt;</a>&nbsp;&nbsp;&nbsp;write_legacy_update_flag
<LI><a href="#[b9]">&gt;&gt;</a>&nbsp;&nbsp;&nbsp;metadata_record_valid
</UL>

<P><STRONG><a name="[b9]"></a>metadata_record_valid</STRONG> (Thumb, 86 bytes, Stack size 16 bytes, iap_trigger.o(i.metadata_record_valid))
<BR><BR>[Stack]<UL><LI>Max Depth = 28<LI>Call Chain = metadata_record_valid &rArr; crc32_bytes
</UL>
<BR>[Calls]<UL><LI><a href="#[bb]">&gt;&gt;</a>&nbsp;&nbsp;&nbsp;metadata_state_valid
<LI><a href="#[bc]">&gt;&gt;</a>&nbsp;&nbsp;&nbsp;crc32_bytes
<LI><a href="#[ba]">&gt;&gt;</a>&nbsp;&nbsp;&nbsp;__aeabi_memcpy
</UL>
<BR>[Called By]<UL><LI><a href="#[b5]">&gt;&gt;</a>&nbsp;&nbsp;&nbsp;write_metadata
<LI><a href="#[b4]">&gt;&gt;</a>&nbsp;&nbsp;&nbsp;read_metadata
</UL>

<P><STRONG><a name="[bb]"></a>metadata_state_valid</STRONG> (Thumb, 40 bytes, Stack size 0 bytes, iap_trigger.o(i.metadata_state_valid))
<BR><BR>[Called By]<UL><LI><a href="#[b5]">&gt;&gt;</a>&nbsp;&nbsp;&nbsp;write_metadata
<LI><a href="#[b9]">&gt;&gt;</a>&nbsp;&nbsp;&nbsp;metadata_record_valid
</UL>

<P><STRONG><a name="[b4]"></a>read_metadata</STRONG> (Thumb, 98 bytes, Stack size 96 bytes, iap_trigger.o(i.read_metadata))
<BR><BR>[Stack]<UL><LI>Max Depth = 124<LI>Call Chain = read_metadata &rArr; metadata_record_valid &rArr; crc32_bytes
</UL>
<BR>[Calls]<UL><LI><a href="#[bd]">&gt;&gt;</a>&nbsp;&nbsp;&nbsp;sequence_is_newer
<LI><a href="#[b9]">&gt;&gt;</a>&nbsp;&nbsp;&nbsp;metadata_record_valid
<LI><a href="#[50]">&gt;&gt;</a>&nbsp;&nbsp;&nbsp;__aeabi_memcpy4
</UL>
<BR>[Called By]<UL><LI><a href="#[bf]">&gt;&gt;</a>&nbsp;&nbsp;&nbsp;write_update_pending
<LI><a href="#[b3]">&gt;&gt;</a>&nbsp;&nbsp;&nbsp;iap_confirm_app_boot
</UL>

<P><STRONG><a name="[c4]"></a>restore_interrupt_state</STRONG> (Thumb, 10 bytes, Stack size 0 bytes, iap_trigger.o(i.restore_interrupt_state))
<BR><BR>[Called By]<UL><LI><a href="#[b5]">&gt;&gt;</a>&nbsp;&nbsp;&nbsp;write_metadata
<LI><a href="#[c1]">&gt;&gt;</a>&nbsp;&nbsp;&nbsp;write_legacy_update_flag
</UL>

<P><STRONG><a name="[bd]"></a>sequence_is_newer</STRONG> (Thumb, 16 bytes, Stack size 0 bytes, iap_trigger.o(i.sequence_is_newer))
<BR><BR>[Called By]<UL><LI><a href="#[b5]">&gt;&gt;</a>&nbsp;&nbsp;&nbsp;write_metadata
<LI><a href="#[b4]">&gt;&gt;</a>&nbsp;&nbsp;&nbsp;read_metadata
</UL>

<P><STRONG><a name="[c1]"></a>write_legacy_update_flag</STRONG> (Thumb, 114 bytes, Stack size 32 bytes, iap_trigger.o(i.write_legacy_update_flag))
<BR><BR>[Stack]<UL><LI>Max Depth = 64<LI>Call Chain = write_legacy_update_flag &rArr; fmc_word_program &rArr; fmc_ready_wait
</UL>
<BR>[Calls]<UL><LI><a href="#[b2]">&gt;&gt;</a>&nbsp;&nbsp;&nbsp;fmc_word_program
<LI><a href="#[c2]">&gt;&gt;</a>&nbsp;&nbsp;&nbsp;fmc_unlock
<LI><a href="#[af]">&gt;&gt;</a>&nbsp;&nbsp;&nbsp;fmc_page_erase
<LI><a href="#[c3]">&gt;&gt;</a>&nbsp;&nbsp;&nbsp;fmc_lock
<LI><a href="#[c4]">&gt;&gt;</a>&nbsp;&nbsp;&nbsp;restore_interrupt_state
<LI><a href="#[bc]">&gt;&gt;</a>&nbsp;&nbsp;&nbsp;crc32_bytes
<LI><a href="#[72]">&gt;&gt;</a>&nbsp;&nbsp;&nbsp;IWDG_Feed
</UL>
<BR>[Called By]<UL><LI><a href="#[bf]">&gt;&gt;</a>&nbsp;&nbsp;&nbsp;write_update_pending
</UL>

<P><STRONG><a name="[b5]"></a>write_metadata</STRONG> (Thumb, 272 bytes, Stack size 144 bytes, iap_trigger.o(i.write_metadata))
<BR><BR>[Stack]<UL><LI>Max Depth = 176<LI>Call Chain = write_metadata &rArr; fmc_word_program &rArr; fmc_ready_wait
</UL>
<BR>[Calls]<UL><LI><a href="#[b2]">&gt;&gt;</a>&nbsp;&nbsp;&nbsp;fmc_word_program
<LI><a href="#[c2]">&gt;&gt;</a>&nbsp;&nbsp;&nbsp;fmc_unlock
<LI><a href="#[af]">&gt;&gt;</a>&nbsp;&nbsp;&nbsp;fmc_page_erase
<LI><a href="#[c3]">&gt;&gt;</a>&nbsp;&nbsp;&nbsp;fmc_lock
<LI><a href="#[bd]">&gt;&gt;</a>&nbsp;&nbsp;&nbsp;sequence_is_newer
<LI><a href="#[c4]">&gt;&gt;</a>&nbsp;&nbsp;&nbsp;restore_interrupt_state
<LI><a href="#[bb]">&gt;&gt;</a>&nbsp;&nbsp;&nbsp;metadata_state_valid
<LI><a href="#[b9]">&gt;&gt;</a>&nbsp;&nbsp;&nbsp;metadata_record_valid
<LI><a href="#[bc]">&gt;&gt;</a>&nbsp;&nbsp;&nbsp;crc32_bytes
<LI><a href="#[72]">&gt;&gt;</a>&nbsp;&nbsp;&nbsp;IWDG_Feed
<LI><a href="#[c5]">&gt;&gt;</a>&nbsp;&nbsp;&nbsp;memcmp
</UL>
<BR>[Called By]<UL><LI><a href="#[bf]">&gt;&gt;</a>&nbsp;&nbsp;&nbsp;write_update_pending
<LI><a href="#[b3]">&gt;&gt;</a>&nbsp;&nbsp;&nbsp;iap_confirm_app_boot
</UL>

<P><STRONG><a name="[bf]"></a>write_update_pending</STRONG> (Thumb, 36 bytes, Stack size 40 bytes, iap_trigger.o(i.write_update_pending))
<BR><BR>[Stack]<UL><LI>Max Depth = 216<LI>Call Chain = write_update_pending &rArr; write_metadata &rArr; fmc_word_program &rArr; fmc_ready_wait
</UL>
<BR>[Calls]<UL><LI><a href="#[b5]">&gt;&gt;</a>&nbsp;&nbsp;&nbsp;write_metadata
<LI><a href="#[c1]">&gt;&gt;</a>&nbsp;&nbsp;&nbsp;write_legacy_update_flag
<LI><a href="#[b4]">&gt;&gt;</a>&nbsp;&nbsp;&nbsp;read_metadata
</UL>
<BR>[Called By]<UL><LI><a href="#[83]">&gt;&gt;</a>&nbsp;&nbsp;&nbsp;trigger_iap_update
</UL>

<P><STRONG><a name="[7d]"></a>Modbus_Exception</STRONG> (Thumb, 118 bytes, Stack size 24 bytes, modbus.o(i.Modbus_Exception))
<BR><BR>[Stack]<UL><LI>Max Depth = 40<LI>Call Chain = Modbus_Exception &rArr; Modbus_Send_Byte &rArr; usart_flag_get
</UL>
<BR>[Calls]<UL><LI><a href="#[7e]">&gt;&gt;</a>&nbsp;&nbsp;&nbsp;Modbus_Send_Byte
<LI><a href="#[7a]">&gt;&gt;</a>&nbsp;&nbsp;&nbsp;Modbus_CRC16
</UL>
<BR>[Called By]<UL><LI><a href="#[7b]">&gt;&gt;</a>&nbsp;&nbsp;&nbsp;Modbus_Func3
</UL>

<P><STRONG><a name="[7f]"></a>Update_Reg</STRONG> (Thumb, 54 bytes, Stack size 0 bytes, modbus.o(i.Update_Reg))
<BR><BR>[Called By]<UL><LI><a href="#[7b]">&gt;&gt;</a>&nbsp;&nbsp;&nbsp;Modbus_Func3
</UL>

<P><STRONG><a name="[ac]"></a>float_to_regs</STRONG> (Thumb, 16 bytes, Stack size 8 bytes, modbus.o(i.float_to_regs))
<BR><BR>[Stack]<UL><LI>Max Depth = 8<LI>Call Chain = float_to_regs
</UL>
<BR>[Called By]<UL><LI><a href="#[a9]">&gt;&gt;</a>&nbsp;&nbsp;&nbsp;Update_Radiation_Regs
</UL>

<P><STRONG><a name="[ae]"></a>usart_send_data</STRONG> (Thumb, 68 bytes, Stack size 24 bytes, rs485.o(i.usart_send_data))
<BR><BR>[Stack]<UL><LI>Max Depth = 32<LI>Call Chain = usart_send_data &rArr; usart_flag_get
</UL>
<BR>[Calls]<UL><LI><a href="#[85]">&gt;&gt;</a>&nbsp;&nbsp;&nbsp;usart_flag_get
<LI><a href="#[84]">&gt;&gt;</a>&nbsp;&nbsp;&nbsp;usart_data_transmit
</UL>
<BR>[Called By]<UL><LI><a href="#[a6]">&gt;&gt;</a>&nbsp;&nbsp;&nbsp;Usart2_SendString
</UL>

<P><STRONG><a name="[76]"></a>wdg_prescaler_sel</STRONG> (Thumb, 48 bytes, Stack size 0 bytes, wdg.o(i.wdg_prescaler_sel))
<BR><BR>[Called By]<UL><LI><a href="#[74]">&gt;&gt;</a>&nbsp;&nbsp;&nbsp;IWDG_Init
</UL>

<P><STRONG><a name="[b0]"></a>fmc_ready_wait</STRONG> (Thumb, 34 bytes, Stack size 16 bytes, gd32f1x0_fmc.o(i.fmc_ready_wait))
<BR><BR>[Stack]<UL><LI>Max Depth = 16<LI>Call Chain = fmc_ready_wait
</UL>
<BR>[Calls]<UL><LI><a href="#[b1]">&gt;&gt;</a>&nbsp;&nbsp;&nbsp;fmc_state_get
</UL>
<BR>[Called By]<UL><LI><a href="#[b2]">&gt;&gt;</a>&nbsp;&nbsp;&nbsp;fmc_word_program
<LI><a href="#[af]">&gt;&gt;</a>&nbsp;&nbsp;&nbsp;fmc_page_erase
</UL>

<P><STRONG><a name="[b1]"></a>fmc_state_get</STRONG> (Thumb, 44 bytes, Stack size 0 bytes, gd32f1x0_fmc.o(i.fmc_state_get))
<BR><BR>[Called By]<UL><LI><a href="#[b0]">&gt;&gt;</a>&nbsp;&nbsp;&nbsp;fmc_ready_wait
</UL>

<P><STRONG><a name="[d2]"></a>_fadd1</STRONG> (Thumb, 0 bytes, Stack size unknown bytes, faddsub_clz.o(x$fpl$fadd), UNUSED)
<BR><BR>[Called By]<UL><LI><a href="#[d1]">&gt;&gt;</a>&nbsp;&nbsp;&nbsp;_fsub
</UL>

<P><STRONG><a name="[c7]"></a>_fsub1</STRONG> (Thumb, 0 bytes, Stack size unknown bytes, faddsub_clz.o(x$fpl$fsub), UNUSED)
<BR><BR>[Called By]<UL><LI><a href="#[c6]">&gt;&gt;</a>&nbsp;&nbsp;&nbsp;_fadd
</UL>

<P><STRONG><a name="[36]"></a>_printf_input_char</STRONG> (Thumb, 10 bytes, Stack size 0 bytes, _printf_char_common.o(.text))
<BR>[Address Reference Count : 1]<UL><LI> _printf_char_common.o(.text)
</UL><P>
<H3>
Undefined Global Symbols
</H3><HR></body></html>
