<html>
<body>
<pre>
<h1>µVision Build Log</h1>
<h2>Tool Versions:</h2>
IDE-Version: ¦ÌVision V5.41.0.0
Copyright (C) 2024 ARM Ltd and ARM Germany GmbH. All rights reserved.
License Information: 1 1, 1, LIC=76F5U-SCNSY-Y8IFK-ZJNB6-EIBF4-E65SK
 
Tool Versions:
Toolchain:       MDK-ARM Plus  Version: 5.41.0.0
Toolchain Path:  D:\Users\1\AppData\Local\Keil_v5\ARM\ARMCC\Bin
C Compiler:      Armcc.exe V5.06 update 6 (build 750)
Assembler:       Armasm.exe V5.06 update 6 (build 750)
Linker/Locator:  ArmLink.exe V5.06 update 6 (build 750)
Library Manager: ArmAr.exe V5.06 update 6 (build 750)
Hex Converter:   FromElf.exe V5.06 update 6 (build 750)
CPU DLL:         SARMCM3.DLL V5.41.0.0
Dialog DLL:      DCM.DLL V1.17.5.0
Target DLL:      CMSIS_AGDI.dll V1.33.21.0
Dialog DLL:      TCM.DLL V1.56.4.0
 
<h2>Project:</h2>
D:\github\radiation\app_radiation\test.uvprojx
Project File Date:  09/22/2026

<h2>Output:</h2>
*** Using Compiler 'V5.06 update 6 (build 750)', folder: 'D:\Users\1\AppData\Local\Keil_v5\ARM\ARMCC\Bin'
Build target 'Target 1'
compiling Hx711.c...
compiling iap_trigger.c...
compiling modbus_crc.c...
compiling modbus.c...
compiling rs485.c...
compiling main.c...
compiling eeprom.c...
compiling timer.c...
compiling wdg.c...
linking...
Program Size: Code=11378 RO-data=818 RW-data=52 ZI-data=2804  
FromELF: creating hex file...
After Build - User command #1: fromelf --bin --output "D:\github\radiation\app_radiation\Objects\test.bin" "D:\github\radiation\app_radiation\Objects\test.axf"
".\Objects\test.axf" - 0 Error(s), 0 Warning(s).

<h2>Software Packages used:</h2>

Package Vendor: GigaDevice
                https://gd32mcu.com/data/documents/pack/GigaDevice.GD32F1x0_DFP.3.7.0.pack
                GigaDevice::GD32F1x0_DFP@3.7.0
                GigaDevice GD32F1x0 Series Device Support and Examples

<h2>Collection of Component include folders:</h2>
  D:/Users/1/AppData/Local/Arm/Packs/GigaDevice/GD32F1x0_DFP/3.7.0/Device/Include

<h2>Collection of Component Files used:</h2>
Build Time Elapsed:  00:00:02
</pre>
</body>
</html>
