


ARM Macro Assembler    Page 1 


    1 00000000         ;/*!
    2 00000000         ;    \file  startup_gd32f1x0.s
    3 00000000         ;    \brief start up file
    4 00000000         
    5 00000000         ;    version 2023-12-31, V3.5.0, firmware update for GD3
                       2F1x0(x=3,5)
    6 00000000         ;*/
    7 00000000         
    8 00000000         ;/*
    9 00000000         ;    Copyright (c) 2025, GigaDevice Semiconductor Inc.
   10 00000000         ;
   11 00000000         ;    Redistribution and use in source and binary forms, 
                       with or without modification, 
   12 00000000         ;are permitted provided that the following conditions ar
                       e met:
   13 00000000         ;
   14 00000000         ;    1. Redistributions of source code must retain the a
                       bove copyright notice, this 
   15 00000000         ;       list of conditions and the following disclaimer.
                       
   16 00000000         ;    2. Redistributions in binary form must reproduce th
                       e above copyright notice, 
   17 00000000         ;       this list of conditions and the following discla
                       imer in the documentation 
   18 00000000         ;       and/or other materials provided with the distrib
                       ution.
   19 00000000         ;    3. Neither the name of the copyright holder nor the
                        names of its contributors 
   20 00000000         ;       may be used to endorse or promote products deriv
                       ed from this software without 
   21 00000000         ;       specific prior written permission.
   22 00000000         ;
   23 00000000         ;    THIS SOFTWARE IS PROVIDED BY THE COPYRIGHT HOLDERS 
                       AND CONTRIBUTORS "AS IS" 
   24 00000000         ;AND ANY EXPRESS OR IMPLIED WARRANTIES, INCLUDING, BUT N
                       OT LIMITED TO, THE IMPLIED 
   25 00000000         ;WARRANTIES OF MERCHANTABILITY AND FITNESS FOR A PARTICU
                       LAR PURPOSE ARE DISCLAIMED. 
   26 00000000         ;IN NO EVENT SHALL THE COPYRIGHT HOLDER OR CONTRIBUTORS 
                       BE LIABLE FOR ANY DIRECT, 
   27 00000000         ;INDIRECT, INCIDENTAL, SPECIAL, EXEMPLARY, OR CONSEQUENT
                       IAL DAMAGES (INCLUDING, BUT 
   28 00000000         ;NOT LIMITED TO, PROCUREMENT OF SUBSTITUTE GOODS OR SERV
                       ICES; LOSS OF USE, DATA, OR 
   29 00000000         ;PROFITS; OR BUSINESS INTERRUPTION) HOWEVER CAUSED AND O
                       N ANY THEORY OF LIABILITY, 
   30 00000000         ;WHETHER IN CONTRACT, STRICT LIABILITY, OR TORT (INCLUDI
                       NG NEGLIGENCE OR OTHERWISE) 
   31 00000000         ;ARISING IN ANY WAY OUT OF THE USE OF THIS SOFTWARE, EVE
                       N IF ADVISED OF THE POSSIBILITY 
   32 00000000         ;OF SUCH DAMAGE.
   33 00000000         ;*/
   34 00000000         
   35 00000000         ; <h> Stack Configuration
   36 00000000         ;   <o> Stack Size (in Bytes) <0x0-0xFFFFFFFF:8>
   37 00000000         ; </h>
   38 00000000         
   39 00000000 00000400 
                       Stack_Size



ARM Macro Assembler    Page 2 


                               EQU              0x00000400
   40 00000000         
   41 00000000                 AREA             STACK, NOINIT, READWRITE, ALIGN
=3
   42 00000000         Stack_Mem
                               SPACE            Stack_Size
   43 00000400         __initial_sp
   44 00000400         
   45 00000400         
   46 00000400         ; <h> Heap Configuration
   47 00000400         ;   <o>  Heap Size (in Bytes) <0x0-0xFFFFFFFF:8>
   48 00000400         ; </h>
   49 00000400         
   50 00000400 00000400 
                       Heap_Size
                               EQU              0x00000400
   51 00000400         
   52 00000400                 AREA             HEAP, NOINIT, READWRITE, ALIGN=
3
   53 00000000         __heap_base
   54 00000000         Heap_Mem
                               SPACE            Heap_Size
   55 00000400         __heap_limit
   56 00000400         
   57 00000400                 PRESERVE8
   58 00000400                 THUMB
   59 00000400         
   60 00000400         ;               /* reset Vector Mapped to at Address 0 *
                       /
   61 00000400                 AREA             RESET, DATA, READONLY
   62 00000000                 EXPORT           __Vectors
   63 00000000                 EXPORT           __Vectors_End
   64 00000000                 EXPORT           __Vectors_Size
   65 00000000         
   66 00000000 00000000 
                       __Vectors
                               DCD              __initial_sp ; Top of Stack
   67 00000004 00000000        DCD              Reset_Handler ; Reset Handler
   68 00000008 00000000        DCD              NMI_Handler ; NMI Handler
   69 0000000C 00000000        DCD              HardFault_Handler ; Hard Fault 
                                                            Handler
   70 00000010 00000000        DCD              MemManage_Handler 
                                                            ; MPU Fault Handler
                                                            
   71 00000014 00000000        DCD              BusFault_Handler 
                                                            ; Bus Fault Handler
                                                            
   72 00000018 00000000        DCD              UsageFault_Handler ; Usage Faul
                                                            t Handler
   73 0000001C 00000000        DCD              0           ; Reserved
   74 00000020 00000000        DCD              0           ; Reserved
   75 00000024 00000000        DCD              0           ; Reserved
   76 00000028 00000000        DCD              0           ; Reserved
   77 0000002C 00000000        DCD              SVC_Handler ; SVCall Handler
   78 00000030 00000000        DCD              DebugMon_Handler ; Debug Monito
                                                            r Handler
   79 00000034 00000000        DCD              0           ; Reserved
   80 00000038 00000000        DCD              PendSV_Handler ; PendSV Handler
                                                            



ARM Macro Assembler    Page 3 


   81 0000003C 00000000        DCD              SysTick_Handler 
                                                            ; SysTick Handler
   82 00000040         
   83 00000040         ;               /* external interrupts handler */
   84 00000040 00000000        DCD              WWDGT_IRQHandler ; 16:Window Wa
                                                            tchdog Timer
   85 00000044 00000000        DCD              LVD_IRQHandler ; 17:LVD through
                                                             EXTI Line detect
   86 00000048 00000000        DCD              RTC_IRQHandler ; 18:RTC through
                                                             EXTI Line
   87 0000004C 00000000        DCD              FMC_IRQHandler ; 19:FMC
   88 00000050 00000000        DCD              RCU_IRQHandler ; 20:RCU
   89 00000054 00000000        DCD              EXTI0_1_IRQHandler ; 21:EXTI Li
                                                            ne 0 and EXTI Line 
                                                            1
   90 00000058 00000000        DCD              EXTI2_3_IRQHandler ; 22:EXTI Li
                                                            ne 2 and EXTI Line 
                                                            3
   91 0000005C 00000000        DCD              EXTI4_15_IRQHandler ; 23:EXTI L
                                                            ine 4 to EXTI Line 
                                                            15
   92 00000060 00000000        DCD              TSI_IRQHandler ; 24:TSI
   93 00000064 00000000        DCD              DMA_Channel0_IRQHandler 
                                                            ; 25:DMA Channel 0 
                                                            
   94 00000068 00000000        DCD              DMA_Channel1_2_IRQHandler ; 26:
                                                            DMA Channel 1 and D
                                                            MA Channel 2
   95 0000006C 00000000        DCD              DMA_Channel3_4_IRQHandler ; 27:
                                                            DMA Channel 3 and D
                                                            MA Channel 4
   96 00000070 00000000        DCD              ADC_CMP_IRQHandler ; 28:ADC and
                                                             Comparator 0-1
   97 00000074 00000000        DCD              TIMER0_BRK_UP_TRG_COM_IRQHandle
r 
                                                            ; 29:TIMER0 Break,U
                                                            pdate,Trigger and C
                                                            ommutation
   98 00000078 00000000        DCD              TIMER0_Channel_IRQHandler 
                                                            ; 30:TIMER0 Channel
                                                            
   99 0000007C 00000000        DCD              TIMER1_IRQHandler ; 31:TIMER1
  100 00000080 00000000        DCD              TIMER2_IRQHandler ; 32:TIMER2
  101 00000084 00000000        DCD              TIMER5_DAC_IRQHandler 
                                                            ; 33:TIMER5 and DAC
                                                            
  102 00000088 00000000        DCD              0           ; Reserved
  103 0000008C 00000000        DCD              TIMER13_IRQHandler ; 35:TIMER13
                                                            
  104 00000090 00000000        DCD              TIMER14_IRQHandler ; 36:TIMER14
                                                            
  105 00000094 00000000        DCD              TIMER15_IRQHandler ; 37:TIMER15
                                                            
  106 00000098 00000000        DCD              TIMER16_IRQHandler ; 38:TIMER16
                                                            
  107 0000009C 00000000        DCD              I2C0_EV_IRQHandler 
                                                            ; 39:I2C0 Event
  108 000000A0 00000000        DCD              I2C1_EV_IRQHandler 
                                                            ; 40:I2C1 Event



ARM Macro Assembler    Page 4 


  109 000000A4 00000000        DCD              SPI0_IRQHandler ; 41:SPI0
  110 000000A8 00000000        DCD              SPI1_IRQHandler ; 42:SPI1
  111 000000AC 00000000        DCD              USART0_IRQHandler ; 43:USART0
  112 000000B0 00000000        DCD              USART1_IRQHandler ; 44:USART1
  113 000000B4 00000000        DCD              0           ; Reserved
  114 000000B8 00000000        DCD              CEC_IRQHandler ; 46:CEC
  115 000000BC 00000000        DCD              0           ; Reserved
  116 000000C0 00000000        DCD              I2C0_ER_IRQHandler 
                                                            ; 48:I2C0 Error
  117 000000C4 00000000        DCD              0           ; Reserved
  118 000000C8 00000000        DCD              I2C1_ER_IRQHandler 
                                                            ; 50:I2C1 Error
  119 000000CC 00000000        DCD              I2C2_EV_IRQHandler 
                                                            ; 51:I2C2 Event
  120 000000D0 00000000        DCD              I2C2_ER_IRQHandler 
                                                            ; 52:I2C2 Error
  121 000000D4 00000000        DCD              USBD_LP_IRQHandler ; 53:USBD LP
                                                            
  122 000000D8 00000000        DCD              USBD_HP_IRQHandler ; 54:USBD HP
                                                            
  123 000000DC 00000000        DCD              0           ; Reserved
  124 000000E0 00000000        DCD              0           ; Reserved
  125 000000E4 00000000        DCD              0           ; Reserved
  126 000000E8 00000000        DCD              USBDWakeUp_IRQHandler 
                                                            ; 58:USBD Wakeup
  127 000000EC 00000000        DCD              0           ; Reserved
  128 000000F0 00000000        DCD              0           ; Reserved
  129 000000F4 00000000        DCD              0           ; Reserved
  130 000000F8 00000000        DCD              0           ; Reserved
  131 000000FC 00000000        DCD              0           ; Reserved
  132 00000100 00000000        DCD              DMA_Channel5_6_IRQHandler ; 64:
                                                            DMA Channel5 and Ch
                                                            annel6 
  133 00000104 00000000        DCD              0           ; Reserved
  134 00000108 00000000        DCD              0           ; Reserved
  135 0000010C 00000000        DCD              SPI2_IRQHandler ; 67:SPI2
  136 00000110         __Vectors_End
  137 00000110         
  138 00000110 00000110 
                       __Vectors_Size
                               EQU              __Vectors_End - __Vectors
  139 00000110         
  140 00000110                 AREA             |.text|, CODE, READONLY
  141 00000000         
  142 00000000         ;/* reset Handler */
  143 00000000         Reset_Handler
                               PROC
  144 00000000                 EXPORT           Reset_Handler                  
   [WEAK]
  145 00000000                 IMPORT           SystemInit
  146 00000000                 IMPORT           __main
  147 00000000 4809            LDR              R0, =SystemInit
  148 00000002 4780            BLX              R0
  149 00000004 4809            LDR              R0, =__main
  150 00000006 4700            BX               R0
  151 00000008                 ENDP
  152 00000008         
  153 00000008         ;/* dummy Exception Handlers */
  154 00000008         NMI_Handler



ARM Macro Assembler    Page 5 


                               PROC
  155 00000008                 EXPORT           NMI_Handler                    
   [WEAK]
  156 00000008 E7FE            B                .
  157 0000000A                 ENDP
  159 0000000A         HardFault_Handler
                               PROC
  160 0000000A                 EXPORT           HardFault_Handler              
   [WEAK]
  161 0000000A E7FE            B                .
  162 0000000C                 ENDP
  164 0000000C         MemManage_Handler
                               PROC
  165 0000000C                 EXPORT           MemManage_Handler              
   [WEAK]
  166 0000000C E7FE            B                .
  167 0000000E                 ENDP
  169 0000000E         BusFault_Handler
                               PROC
  170 0000000E                 EXPORT           BusFault_Handler               
   [WEAK]
  171 0000000E E7FE            B                .
  172 00000010                 ENDP
  174 00000010         UsageFault_Handler
                               PROC
  175 00000010                 EXPORT           UsageFault_Handler             
   [WEAK]
  176 00000010 E7FE            B                .
  177 00000012                 ENDP
  178 00000012         SVC_Handler
                               PROC
  179 00000012                 EXPORT           SVC_Handler                    
   [WEAK]
  180 00000012 E7FE            B                .
  181 00000014                 ENDP
  183 00000014         DebugMon_Handler
                               PROC
  184 00000014                 EXPORT           DebugMon_Handler               
   [WEAK]
  185 00000014 E7FE            B                .
  186 00000016                 ENDP
  188 00000016         PendSV_Handler
                               PROC
  189 00000016                 EXPORT           PendSV_Handler                 
   [WEAK]
  190 00000016 E7FE            B                .
  191 00000018                 ENDP
  193 00000018         SysTick_Handler
                               PROC
  194 00000018                 EXPORT           SysTick_Handler                
   [WEAK]
  195 00000018 E7FE            B                .
  196 0000001A                 ENDP
  197 0000001A         
  198 0000001A         Default_Handler
                               PROC
  199 0000001A         ;               /* external interrupts handler */
  200 0000001A                 EXPORT           WWDGT_IRQHandler               
   [WEAK]



ARM Macro Assembler    Page 6 


  201 0000001A                 EXPORT           LVD_IRQHandler                 
   [WEAK]
  202 0000001A                 EXPORT           RTC_IRQHandler                 
   [WEAK]
  203 0000001A                 EXPORT           FMC_IRQHandler                 
   [WEAK]
  204 0000001A                 EXPORT           RCU_IRQHandler                 
   [WEAK]
  205 0000001A                 EXPORT           EXTI0_1_IRQHandler             
   [WEAK]
  206 0000001A                 EXPORT           EXTI2_3_IRQHandler             
   [WEAK]
  207 0000001A                 EXPORT           EXTI4_15_IRQHandler            
   [WEAK]
  208 0000001A                 EXPORT           TSI_IRQHandler                 
   [WEAK]
  209 0000001A                 EXPORT           DMA_Channel0_IRQHandler        
   [WEAK]
  210 0000001A                 EXPORT           DMA_Channel1_2_IRQHandler      
   [WEAK]
  211 0000001A                 EXPORT           DMA_Channel3_4_IRQHandler      
   [WEAK]
  212 0000001A                 EXPORT           ADC_CMP_IRQHandler             
   [WEAK]
  213 0000001A                 EXPORT           TIMER0_BRK_UP_TRG_COM_IRQHandle
r  [WEAK]
  214 0000001A                 EXPORT           TIMER0_Channel_IRQHandler      
   [WEAK]
  215 0000001A                 EXPORT           TIMER1_IRQHandler              
   [WEAK]
  216 0000001A                 EXPORT           TIMER2_IRQHandler              
   [WEAK]
  217 0000001A                 EXPORT           TIMER5_DAC_IRQHandler          
   [WEAK]
  218 0000001A                 EXPORT           TIMER13_IRQHandler             
   [WEAK]
  219 0000001A                 EXPORT           TIMER14_IRQHandler             
   [WEAK]
  220 0000001A                 EXPORT           TIMER15_IRQHandler             
   [WEAK]
  221 0000001A                 EXPORT           TIMER16_IRQHandler             
   [WEAK]
  222 0000001A                 EXPORT           I2C0_EV_IRQHandler             
   [WEAK]
  223 0000001A                 EXPORT           I2C1_EV_IRQHandler             
   [WEAK]
  224 0000001A                 EXPORT           SPI0_IRQHandler                
   [WEAK]
  225 0000001A                 EXPORT           SPI1_IRQHandler                
   [WEAK]
  226 0000001A                 EXPORT           USART0_IRQHandler              
   [WEAK]
  227 0000001A                 EXPORT           USART1_IRQHandler              
   [WEAK]
  228 0000001A                 EXPORT           CEC_IRQHandler                 
   [WEAK]
  229 0000001A                 EXPORT           I2C0_ER_IRQHandler             
   [WEAK]
  230 0000001A                 EXPORT           I2C1_ER_IRQHandler             



ARM Macro Assembler    Page 7 


   [WEAK]
  231 0000001A                 EXPORT           I2C2_EV_IRQHandler             
   [WEAK]
  232 0000001A                 EXPORT           I2C2_ER_IRQHandler             
   [WEAK]
  233 0000001A                 EXPORT           USBD_LP_IRQHandler             
   [WEAK]
  234 0000001A                 EXPORT           USBD_HP_IRQHandler             
   [WEAK]
  235 0000001A                 EXPORT           USBDWakeUp_IRQHandler          
   [WEAK]
  236 0000001A                 EXPORT           DMA_Channel5_6_IRQHandler      
   [WEAK]
  237 0000001A                 EXPORT           SPI2_IRQHandler                
   [WEAK]
  238 0000001A         
  239 0000001A         ;/* external interrupts handler */
  240 0000001A         WWDGT_IRQHandler
  241 0000001A         LVD_IRQHandler
  242 0000001A         RTC_IRQHandler
  243 0000001A         FMC_IRQHandler
  244 0000001A         RCU_IRQHandler
  245 0000001A         EXTI0_1_IRQHandler
  246 0000001A         EXTI2_3_IRQHandler
  247 0000001A         EXTI4_15_IRQHandler
  248 0000001A         TSI_IRQHandler
  249 0000001A         DMA_Channel0_IRQHandler
  250 0000001A         DMA_Channel1_2_IRQHandler
  251 0000001A         DMA_Channel3_4_IRQHandler
  252 0000001A         ADC_CMP_IRQHandler
  253 0000001A         TIMER0_BRK_UP_TRG_COM_IRQHandler
  254 0000001A         TIMER0_Channel_IRQHandler
  255 0000001A         TIMER1_IRQHandler
  256 0000001A         TIMER2_IRQHandler
  257 0000001A         TIMER5_DAC_IRQHandler
  258 0000001A         TIMER13_IRQHandler
  259 0000001A         TIMER14_IRQHandler
  260 0000001A         TIMER15_IRQHandler
  261 0000001A         TIMER16_IRQHandler
  262 0000001A         I2C0_EV_IRQHandler
  263 0000001A         I2C1_EV_IRQHandler
  264 0000001A         SPI0_IRQHandler
  265 0000001A         SPI1_IRQHandler
  266 0000001A         USART0_IRQHandler
  267 0000001A         USART1_IRQHandler
  268 0000001A         CEC_IRQHandler
  269 0000001A         I2C0_ER_IRQHandler
  270 0000001A         I2C1_ER_IRQHandler
  271 0000001A         I2C2_EV_IRQHandler
  272 0000001A         I2C2_ER_IRQHandler
  273 0000001A         USBD_LP_IRQHandler
  274 0000001A         USBD_HP_IRQHandler
  275 0000001A         USBDWakeUp_IRQHandler
  276 0000001A         DMA_Channel5_6_IRQHandler
  277 0000001A         SPI2_IRQHandler
  278 0000001A E7FE            B                .
  279 0000001C                 ENDP
  280 0000001C         
  281 0000001C                 ALIGN



ARM Macro Assembler    Page 8 


  282 0000001C         
  283 0000001C         ; user Initial Stack & Heap
  284 0000001C         
  285 0000001C                 IF               :DEF:__MICROLIB
  292 0000001C         
  293 0000001C                 IMPORT           __use_two_region_memory
  294 0000001C                 EXPORT           __user_initial_stackheap
  295 0000001C         
  296 0000001C         __user_initial_stackheap
                               PROC
  297 0000001C 4804            LDR              R0, =  Heap_Mem
  298 0000001E 4905            LDR              R1, =(Stack_Mem + Stack_Size)
  299 00000020 4A05            LDR              R2, = (Heap_Mem +  Heap_Size)
  300 00000022 4B06            LDR              R3, = Stack_Mem
  301 00000024 4770            BX               LR
  302 00000026                 ENDP
  303 00000026         
  304 00000026 00 00           ALIGN
  305 00000028         
  306 00000028                 ENDIF
  307 00000028         
  308 00000028                 END
              00000000 
              00000000 
              00000000 
              00000400 
              00000400 
              00000000 
Command Line: --debug --xref --diag_suppress=9931 --cpu=Cortex-M3 --apcs=interw
ork --depend=.\objects\startup_gd32f1x0.d -o.\objects\startup_gd32f1x0.o -ID:\U
sers\1\AppData\Local\Arm\Packs\GigaDevice\GD32F1x0_DFP\3.7.0\Device\Include --p
redefine="__UVISION_VERSION SETA 541" --predefine="GD32F1x0 SETA 1" --predefine
="GD32F130_150 SETA 1" --predefine="USE_STDPERIPH_DRIVER SETA 1" --list=.\listi
ngs\startup_gd32f1x0.lst Start\startup_gd32f1x0.s



ARM Macro Assembler    Page 1 Alphabetic symbol ordering
Relocatable symbols

STACK 00000000

Symbol: STACK
   Definitions
      At line 41 in file Start\startup_gd32f1x0.s
   Uses
      None
Comment: STACK unused
Stack_Mem 00000000

Symbol: Stack_Mem
   Definitions
      At line 42 in file Start\startup_gd32f1x0.s
   Uses
      At line 298 in file Start\startup_gd32f1x0.s
      At line 300 in file Start\startup_gd32f1x0.s

__initial_sp 00000400

Symbol: __initial_sp
   Definitions
      At line 43 in file Start\startup_gd32f1x0.s
   Uses
      At line 66 in file Start\startup_gd32f1x0.s
Comment: __initial_sp used once
3 symbols



ARM Macro Assembler    Page 1 Alphabetic symbol ordering
Relocatable symbols

HEAP 00000000

Symbol: HEAP
   Definitions
      At line 52 in file Start\startup_gd32f1x0.s
   Uses
      None
Comment: HEAP unused
Heap_Mem 00000000

Symbol: Heap_Mem
   Definitions
      At line 54 in file Start\startup_gd32f1x0.s
   Uses
      At line 297 in file Start\startup_gd32f1x0.s
      At line 299 in file Start\startup_gd32f1x0.s

__heap_base 00000000

Symbol: __heap_base
   Definitions
      At line 53 in file Start\startup_gd32f1x0.s
   Uses
      None
Comment: __heap_base unused
__heap_limit 00000400

Symbol: __heap_limit
   Definitions
      At line 55 in file Start\startup_gd32f1x0.s
   Uses
      None
Comment: __heap_limit unused
4 symbols



ARM Macro Assembler    Page 1 Alphabetic symbol ordering
Relocatable symbols

RESET 00000000

Symbol: RESET
   Definitions
      At line 61 in file Start\startup_gd32f1x0.s
   Uses
      None
Comment: RESET unused
__Vectors 00000000

Symbol: __Vectors
   Definitions
      At line 66 in file Start\startup_gd32f1x0.s
   Uses
      At line 62 in file Start\startup_gd32f1x0.s
      At line 138 in file Start\startup_gd32f1x0.s

__Vectors_End 00000110

Symbol: __Vectors_End
   Definitions
      At line 136 in file Start\startup_gd32f1x0.s
   Uses
      At line 63 in file Start\startup_gd32f1x0.s
      At line 138 in file Start\startup_gd32f1x0.s

3 symbols



ARM Macro Assembler    Page 1 Alphabetic symbol ordering
Relocatable symbols

.text 00000000

Symbol: .text
   Definitions
      At line 140 in file Start\startup_gd32f1x0.s
   Uses
      None
Comment: .text unused
ADC_CMP_IRQHandler 0000001A

Symbol: ADC_CMP_IRQHandler
   Definitions
      At line 252 in file Start\startup_gd32f1x0.s
   Uses
      At line 96 in file Start\startup_gd32f1x0.s
      At line 212 in file Start\startup_gd32f1x0.s

BusFault_Handler 0000000E

Symbol: BusFault_Handler
   Definitions
      At line 169 in file Start\startup_gd32f1x0.s
   Uses
      At line 71 in file Start\startup_gd32f1x0.s
      At line 170 in file Start\startup_gd32f1x0.s

CEC_IRQHandler 0000001A

Symbol: CEC_IRQHandler
   Definitions
      At line 268 in file Start\startup_gd32f1x0.s
   Uses
      At line 114 in file Start\startup_gd32f1x0.s
      At line 228 in file Start\startup_gd32f1x0.s

DMA_Channel0_IRQHandler 0000001A

Symbol: DMA_Channel0_IRQHandler
   Definitions
      At line 249 in file Start\startup_gd32f1x0.s
   Uses
      At line 93 in file Start\startup_gd32f1x0.s
      At line 209 in file Start\startup_gd32f1x0.s

DMA_Channel1_2_IRQHandler 0000001A

Symbol: DMA_Channel1_2_IRQHandler
   Definitions
      At line 250 in file Start\startup_gd32f1x0.s
   Uses
      At line 94 in file Start\startup_gd32f1x0.s
      At line 210 in file Start\startup_gd32f1x0.s

DMA_Channel3_4_IRQHandler 0000001A

Symbol: DMA_Channel3_4_IRQHandler
   Definitions
      At line 251 in file Start\startup_gd32f1x0.s
   Uses



ARM Macro Assembler    Page 2 Alphabetic symbol ordering
Relocatable symbols

      At line 95 in file Start\startup_gd32f1x0.s
      At line 211 in file Start\startup_gd32f1x0.s

DMA_Channel5_6_IRQHandler 0000001A

Symbol: DMA_Channel5_6_IRQHandler
   Definitions
      At line 276 in file Start\startup_gd32f1x0.s
   Uses
      At line 132 in file Start\startup_gd32f1x0.s
      At line 236 in file Start\startup_gd32f1x0.s

DebugMon_Handler 00000014

Symbol: DebugMon_Handler
   Definitions
      At line 183 in file Start\startup_gd32f1x0.s
   Uses
      At line 78 in file Start\startup_gd32f1x0.s
      At line 184 in file Start\startup_gd32f1x0.s

Default_Handler 0000001A

Symbol: Default_Handler
   Definitions
      At line 198 in file Start\startup_gd32f1x0.s
   Uses
      None
Comment: Default_Handler unused
EXTI0_1_IRQHandler 0000001A

Symbol: EXTI0_1_IRQHandler
   Definitions
      At line 245 in file Start\startup_gd32f1x0.s
   Uses
      At line 89 in file Start\startup_gd32f1x0.s
      At line 205 in file Start\startup_gd32f1x0.s

EXTI2_3_IRQHandler 0000001A

Symbol: EXTI2_3_IRQHandler
   Definitions
      At line 246 in file Start\startup_gd32f1x0.s
   Uses
      At line 90 in file Start\startup_gd32f1x0.s
      At line 206 in file Start\startup_gd32f1x0.s

EXTI4_15_IRQHandler 0000001A

Symbol: EXTI4_15_IRQHandler
   Definitions
      At line 247 in file Start\startup_gd32f1x0.s
   Uses
      At line 91 in file Start\startup_gd32f1x0.s
      At line 207 in file Start\startup_gd32f1x0.s

FMC_IRQHandler 0000001A

Symbol: FMC_IRQHandler



ARM Macro Assembler    Page 3 Alphabetic symbol ordering
Relocatable symbols

   Definitions
      At line 243 in file Start\startup_gd32f1x0.s
   Uses
      At line 87 in file Start\startup_gd32f1x0.s
      At line 203 in file Start\startup_gd32f1x0.s

HardFault_Handler 0000000A

Symbol: HardFault_Handler
   Definitions
      At line 159 in file Start\startup_gd32f1x0.s
   Uses
      At line 69 in file Start\startup_gd32f1x0.s
      At line 160 in file Start\startup_gd32f1x0.s

I2C0_ER_IRQHandler 0000001A

Symbol: I2C0_ER_IRQHandler
   Definitions
      At line 269 in file Start\startup_gd32f1x0.s
   Uses
      At line 116 in file Start\startup_gd32f1x0.s
      At line 229 in file Start\startup_gd32f1x0.s

I2C0_EV_IRQHandler 0000001A

Symbol: I2C0_EV_IRQHandler
   Definitions
      At line 262 in file Start\startup_gd32f1x0.s
   Uses
      At line 107 in file Start\startup_gd32f1x0.s
      At line 222 in file Start\startup_gd32f1x0.s

I2C1_ER_IRQHandler 0000001A

Symbol: I2C1_ER_IRQHandler
   Definitions
      At line 270 in file Start\startup_gd32f1x0.s
   Uses
      At line 118 in file Start\startup_gd32f1x0.s
      At line 230 in file Start\startup_gd32f1x0.s

I2C1_EV_IRQHandler 0000001A

Symbol: I2C1_EV_IRQHandler
   Definitions
      At line 263 in file Start\startup_gd32f1x0.s
   Uses
      At line 108 in file Start\startup_gd32f1x0.s
      At line 223 in file Start\startup_gd32f1x0.s

I2C2_ER_IRQHandler 0000001A

Symbol: I2C2_ER_IRQHandler
   Definitions
      At line 272 in file Start\startup_gd32f1x0.s
   Uses
      At line 120 in file Start\startup_gd32f1x0.s
      At line 232 in file Start\startup_gd32f1x0.s



ARM Macro Assembler    Page 4 Alphabetic symbol ordering
Relocatable symbols


I2C2_EV_IRQHandler 0000001A

Symbol: I2C2_EV_IRQHandler
   Definitions
      At line 271 in file Start\startup_gd32f1x0.s
   Uses
      At line 119 in file Start\startup_gd32f1x0.s
      At line 231 in file Start\startup_gd32f1x0.s

LVD_IRQHandler 0000001A

Symbol: LVD_IRQHandler
   Definitions
      At line 241 in file Start\startup_gd32f1x0.s
   Uses
      At line 85 in file Start\startup_gd32f1x0.s
      At line 201 in file Start\startup_gd32f1x0.s

MemManage_Handler 0000000C

Symbol: MemManage_Handler
   Definitions
      At line 164 in file Start\startup_gd32f1x0.s
   Uses
      At line 70 in file Start\startup_gd32f1x0.s
      At line 165 in file Start\startup_gd32f1x0.s

NMI_Handler 00000008

Symbol: NMI_Handler
   Definitions
      At line 154 in file Start\startup_gd32f1x0.s
   Uses
      At line 68 in file Start\startup_gd32f1x0.s
      At line 155 in file Start\startup_gd32f1x0.s

PendSV_Handler 00000016

Symbol: PendSV_Handler
   Definitions
      At line 188 in file Start\startup_gd32f1x0.s
   Uses
      At line 80 in file Start\startup_gd32f1x0.s
      At line 189 in file Start\startup_gd32f1x0.s

RCU_IRQHandler 0000001A

Symbol: RCU_IRQHandler
   Definitions
      At line 244 in file Start\startup_gd32f1x0.s
   Uses
      At line 88 in file Start\startup_gd32f1x0.s
      At line 204 in file Start\startup_gd32f1x0.s

RTC_IRQHandler 0000001A

Symbol: RTC_IRQHandler
   Definitions



ARM Macro Assembler    Page 5 Alphabetic symbol ordering
Relocatable symbols

      At line 242 in file Start\startup_gd32f1x0.s
   Uses
      At line 86 in file Start\startup_gd32f1x0.s
      At line 202 in file Start\startup_gd32f1x0.s

Reset_Handler 00000000

Symbol: Reset_Handler
   Definitions
      At line 143 in file Start\startup_gd32f1x0.s
   Uses
      At line 67 in file Start\startup_gd32f1x0.s
      At line 144 in file Start\startup_gd32f1x0.s

SPI0_IRQHandler 0000001A

Symbol: SPI0_IRQHandler
   Definitions
      At line 264 in file Start\startup_gd32f1x0.s
   Uses
      At line 109 in file Start\startup_gd32f1x0.s
      At line 224 in file Start\startup_gd32f1x0.s

SPI1_IRQHandler 0000001A

Symbol: SPI1_IRQHandler
   Definitions
      At line 265 in file Start\startup_gd32f1x0.s
   Uses
      At line 110 in file Start\startup_gd32f1x0.s
      At line 225 in file Start\startup_gd32f1x0.s

SPI2_IRQHandler 0000001A

Symbol: SPI2_IRQHandler
   Definitions
      At line 277 in file Start\startup_gd32f1x0.s
   Uses
      At line 135 in file Start\startup_gd32f1x0.s
      At line 237 in file Start\startup_gd32f1x0.s

SVC_Handler 00000012

Symbol: SVC_Handler
   Definitions
      At line 178 in file Start\startup_gd32f1x0.s
   Uses
      At line 77 in file Start\startup_gd32f1x0.s
      At line 179 in file Start\startup_gd32f1x0.s

SysTick_Handler 00000018

Symbol: SysTick_Handler
   Definitions
      At line 193 in file Start\startup_gd32f1x0.s
   Uses
      At line 81 in file Start\startup_gd32f1x0.s
      At line 194 in file Start\startup_gd32f1x0.s




ARM Macro Assembler    Page 6 Alphabetic symbol ordering
Relocatable symbols

TIMER0_BRK_UP_TRG_COM_IRQHandler 0000001A

Symbol: TIMER0_BRK_UP_TRG_COM_IRQHandler
   Definitions
      At line 253 in file Start\startup_gd32f1x0.s
   Uses
      At line 97 in file Start\startup_gd32f1x0.s
      At line 213 in file Start\startup_gd32f1x0.s

TIMER0_Channel_IRQHandler 0000001A

Symbol: TIMER0_Channel_IRQHandler
   Definitions
      At line 254 in file Start\startup_gd32f1x0.s
   Uses
      At line 98 in file Start\startup_gd32f1x0.s
      At line 214 in file Start\startup_gd32f1x0.s

TIMER13_IRQHandler 0000001A

Symbol: TIMER13_IRQHandler
   Definitions
      At line 258 in file Start\startup_gd32f1x0.s
   Uses
      At line 103 in file Start\startup_gd32f1x0.s
      At line 218 in file Start\startup_gd32f1x0.s

TIMER14_IRQHandler 0000001A

Symbol: TIMER14_IRQHandler
   Definitions
      At line 259 in file Start\startup_gd32f1x0.s
   Uses
      At line 104 in file Start\startup_gd32f1x0.s
      At line 219 in file Start\startup_gd32f1x0.s

TIMER15_IRQHandler 0000001A

Symbol: TIMER15_IRQHandler
   Definitions
      At line 260 in file Start\startup_gd32f1x0.s
   Uses
      At line 105 in file Start\startup_gd32f1x0.s
      At line 220 in file Start\startup_gd32f1x0.s

TIMER16_IRQHandler 0000001A

Symbol: TIMER16_IRQHandler
   Definitions
      At line 261 in file Start\startup_gd32f1x0.s
   Uses
      At line 106 in file Start\startup_gd32f1x0.s
      At line 221 in file Start\startup_gd32f1x0.s

TIMER1_IRQHandler 0000001A

Symbol: TIMER1_IRQHandler
   Definitions
      At line 255 in file Start\startup_gd32f1x0.s



ARM Macro Assembler    Page 7 Alphabetic symbol ordering
Relocatable symbols

   Uses
      At line 99 in file Start\startup_gd32f1x0.s
      At line 215 in file Start\startup_gd32f1x0.s

TIMER2_IRQHandler 0000001A

Symbol: TIMER2_IRQHandler
   Definitions
      At line 256 in file Start\startup_gd32f1x0.s
   Uses
      At line 100 in file Start\startup_gd32f1x0.s
      At line 216 in file Start\startup_gd32f1x0.s

TIMER5_DAC_IRQHandler 0000001A

Symbol: TIMER5_DAC_IRQHandler
   Definitions
      At line 257 in file Start\startup_gd32f1x0.s
   Uses
      At line 101 in file Start\startup_gd32f1x0.s
      At line 217 in file Start\startup_gd32f1x0.s

TSI_IRQHandler 0000001A

Symbol: TSI_IRQHandler
   Definitions
      At line 248 in file Start\startup_gd32f1x0.s
   Uses
      At line 92 in file Start\startup_gd32f1x0.s
      At line 208 in file Start\startup_gd32f1x0.s

USART0_IRQHandler 0000001A

Symbol: USART0_IRQHandler
   Definitions
      At line 266 in file Start\startup_gd32f1x0.s
   Uses
      At line 111 in file Start\startup_gd32f1x0.s
      At line 226 in file Start\startup_gd32f1x0.s

USART1_IRQHandler 0000001A

Symbol: USART1_IRQHandler
   Definitions
      At line 267 in file Start\startup_gd32f1x0.s
   Uses
      At line 112 in file Start\startup_gd32f1x0.s
      At line 227 in file Start\startup_gd32f1x0.s

USBDWakeUp_IRQHandler 0000001A

Symbol: USBDWakeUp_IRQHandler
   Definitions
      At line 275 in file Start\startup_gd32f1x0.s
   Uses
      At line 126 in file Start\startup_gd32f1x0.s
      At line 235 in file Start\startup_gd32f1x0.s

USBD_HP_IRQHandler 0000001A



ARM Macro Assembler    Page 8 Alphabetic symbol ordering
Relocatable symbols


Symbol: USBD_HP_IRQHandler
   Definitions
      At line 274 in file Start\startup_gd32f1x0.s
   Uses
      At line 122 in file Start\startup_gd32f1x0.s
      At line 234 in file Start\startup_gd32f1x0.s

USBD_LP_IRQHandler 0000001A

Symbol: USBD_LP_IRQHandler
   Definitions
      At line 273 in file Start\startup_gd32f1x0.s
   Uses
      At line 121 in file Start\startup_gd32f1x0.s
      At line 233 in file Start\startup_gd32f1x0.s

UsageFault_Handler 00000010

Symbol: UsageFault_Handler
   Definitions
      At line 174 in file Start\startup_gd32f1x0.s
   Uses
      At line 72 in file Start\startup_gd32f1x0.s
      At line 175 in file Start\startup_gd32f1x0.s

WWDGT_IRQHandler 0000001A

Symbol: WWDGT_IRQHandler
   Definitions
      At line 240 in file Start\startup_gd32f1x0.s
   Uses
      At line 84 in file Start\startup_gd32f1x0.s
      At line 200 in file Start\startup_gd32f1x0.s

__user_initial_stackheap 0000001C

Symbol: __user_initial_stackheap
   Definitions
      At line 296 in file Start\startup_gd32f1x0.s
   Uses
      At line 294 in file Start\startup_gd32f1x0.s
Comment: __user_initial_stackheap used once
51 symbols



ARM Macro Assembler    Page 1 Alphabetic symbol ordering
Absolute symbols

Heap_Size 00000400

Symbol: Heap_Size
   Definitions
      At line 50 in file Start\startup_gd32f1x0.s
   Uses
      At line 54 in file Start\startup_gd32f1x0.s
      At line 299 in file Start\startup_gd32f1x0.s

Stack_Size 00000400

Symbol: Stack_Size
   Definitions
      At line 39 in file Start\startup_gd32f1x0.s
   Uses
      At line 42 in file Start\startup_gd32f1x0.s
      At line 298 in file Start\startup_gd32f1x0.s

__Vectors_Size 00000110

Symbol: __Vectors_Size
   Definitions
      At line 138 in file Start\startup_gd32f1x0.s
   Uses
      At line 64 in file Start\startup_gd32f1x0.s
Comment: __Vectors_Size used once
3 symbols



ARM Macro Assembler    Page 1 Alphabetic symbol ordering
External symbols

SystemInit 00000000

Symbol: SystemInit
   Definitions
      At line 145 in file Start\startup_gd32f1x0.s
   Uses
      At line 147 in file Start\startup_gd32f1x0.s
Comment: SystemInit used once
__main 00000000

Symbol: __main
   Definitions
      At line 146 in file Start\startup_gd32f1x0.s
   Uses
      At line 149 in file Start\startup_gd32f1x0.s
Comment: __main used once
__use_two_region_memory 00000000

Symbol: __use_two_region_memory
   Definitions
      At line 293 in file Start\startup_gd32f1x0.s
   Uses
      None
Comment: __use_two_region_memory unused
3 symbols
405 symbols in table
